Archive member included to satisfy reference by file (symbol)

c:/users/ózê∂/mentorgraphics/sourcery_codebench_lite_for_arm_eabi/bin/../lib/gcc/arm-none-eabi/4.8.3/../../../../arm-none-eabi/lib/thumb2\libm.a(lib_a-s_cos.o)
                              ..\obj\main.o (cos)
c:/users/ózê∂/mentorgraphics/sourcery_codebench_lite_for_arm_eabi/bin/../lib/gcc/arm-none-eabi/4.8.3/../../../../arm-none-eabi/lib/thumb2\libm.a(lib_a-s_sin.o)
                              ..\obj\main.o (sin)
c:/users/ózê∂/mentorgraphics/sourcery_codebench_lite_for_arm_eabi/bin/../lib/gcc/arm-none-eabi/4.8.3/../../../../arm-none-eabi/lib/thumb2\libm.a(lib_a-s_tan.o)
                              ..\obj\cam_cal.o (tan)
c:/users/ózê∂/mentorgraphics/sourcery_codebench_lite_for_arm_eabi/bin/../lib/gcc/arm-none-eabi/4.8.3/../../../../arm-none-eabi/lib/thumb2\libm.a(lib_a-sf_modf.o)
                              ..\obj\my_standard_io.o (modff)
c:/users/ózê∂/mentorgraphics/sourcery_codebench_lite_for_arm_eabi/bin/../lib/gcc/arm-none-eabi/4.8.3/../../../../arm-none-eabi/lib/thumb2\libm.a(lib_a-sf_round.o)
                              ..\obj\my_standard_io.o (roundf)
c:/users/ózê∂/mentorgraphics/sourcery_codebench_lite_for_arm_eabi/bin/../lib/gcc/arm-none-eabi/4.8.3/../../../../arm-none-eabi/lib/thumb2\libm.a(lib_a-w_pow.o)
                              ..\obj\my_standard_io.o (pow)
c:/users/ózê∂/mentorgraphics/sourcery_codebench_lite_for_arm_eabi/bin/../lib/gcc/arm-none-eabi/4.8.3/../../../../arm-none-eabi/lib/thumb2\libm.a(lib_a-w_sqrt.o)
                              ..\obj\robo_data.o (sqrt)
c:/users/ózê∂/mentorgraphics/sourcery_codebench_lite_for_arm_eabi/bin/../lib/gcc/arm-none-eabi/4.8.3/../../../../arm-none-eabi/lib/thumb2\libm.a(lib_a-wf_atan2.o)
                              ..\obj\robo_data.o (atan2f)
c:/users/ózê∂/mentorgraphics/sourcery_codebench_lite_for_arm_eabi/bin/../lib/gcc/arm-none-eabi/4.8.3/../../../../arm-none-eabi/lib/thumb2\libm.a(lib_a-wf_pow.o)
                              ..\obj\my_standard_io.o (powf)
c:/users/ózê∂/mentorgraphics/sourcery_codebench_lite_for_arm_eabi/bin/../lib/gcc/arm-none-eabi/4.8.3/../../../../arm-none-eabi/lib/thumb2\libm.a(lib_a-e_pow.o)
                              c:/users/ózê∂/mentorgraphics/sourcery_codebench_lite_for_arm_eabi/bin/../lib/gcc/arm-none-eabi/4.8.3/../../../../arm-none-eabi/lib/thumb2\libm.a(lib_a-w_pow.o) (__ieee754_pow)
c:/users/ózê∂/mentorgraphics/sourcery_codebench_lite_for_arm_eabi/bin/../lib/gcc/arm-none-eabi/4.8.3/../../../../arm-none-eabi/lib/thumb2\libm.a(lib_a-e_rem_pio2.o)
                              c:/users/ózê∂/mentorgraphics/sourcery_codebench_lite_for_arm_eabi/bin/../lib/gcc/arm-none-eabi/4.8.3/../../../../arm-none-eabi/lib/thumb2\libm.a(lib_a-s_cos.o) (__ieee754_rem_pio2)
c:/users/ózê∂/mentorgraphics/sourcery_codebench_lite_for_arm_eabi/bin/../lib/gcc/arm-none-eabi/4.8.3/../../../../arm-none-eabi/lib/thumb2\libm.a(lib_a-e_sqrt.o)
                              c:/users/ózê∂/mentorgraphics/sourcery_codebench_lite_for_arm_eabi/bin/../lib/gcc/arm-none-eabi/4.8.3/../../../../arm-none-eabi/lib/thumb2\libm.a(lib_a-w_sqrt.o) (__ieee754_sqrt)
c:/users/ózê∂/mentorgraphics/sourcery_codebench_lite_for_arm_eabi/bin/../lib/gcc/arm-none-eabi/4.8.3/../../../../arm-none-eabi/lib/thumb2\libm.a(lib_a-ef_atan2.o)
                              c:/users/ózê∂/mentorgraphics/sourcery_codebench_lite_for_arm_eabi/bin/../lib/gcc/arm-none-eabi/4.8.3/../../../../arm-none-eabi/lib/thumb2\libm.a(lib_a-wf_atan2.o) (__ieee754_atan2f)
c:/users/ózê∂/mentorgraphics/sourcery_codebench_lite_for_arm_eabi/bin/../lib/gcc/arm-none-eabi/4.8.3/../../../../arm-none-eabi/lib/thumb2\libm.a(lib_a-ef_pow.o)
                              c:/users/ózê∂/mentorgraphics/sourcery_codebench_lite_for_arm_eabi/bin/../lib/gcc/arm-none-eabi/4.8.3/../../../../arm-none-eabi/lib/thumb2\libm.a(lib_a-wf_pow.o) (__ieee754_powf)
c:/users/ózê∂/mentorgraphics/sourcery_codebench_lite_for_arm_eabi/bin/../lib/gcc/arm-none-eabi/4.8.3/../../../../arm-none-eabi/lib/thumb2\libm.a(lib_a-ef_sqrt.o)
                              c:/users/ózê∂/mentorgraphics/sourcery_codebench_lite_for_arm_eabi/bin/../lib/gcc/arm-none-eabi/4.8.3/../../../../arm-none-eabi/lib/thumb2\libm.a(lib_a-ef_pow.o) (__ieee754_sqrtf)
c:/users/ózê∂/mentorgraphics/sourcery_codebench_lite_for_arm_eabi/bin/../lib/gcc/arm-none-eabi/4.8.3/../../../../arm-none-eabi/lib/thumb2\libm.a(lib_a-k_cos.o)
                              c:/users/ózê∂/mentorgraphics/sourcery_codebench_lite_for_arm_eabi/bin/../lib/gcc/arm-none-eabi/4.8.3/../../../../arm-none-eabi/lib/thumb2\libm.a(lib_a-s_cos.o) (__kernel_cos)
c:/users/ózê∂/mentorgraphics/sourcery_codebench_lite_for_arm_eabi/bin/../lib/gcc/arm-none-eabi/4.8.3/../../../../arm-none-eabi/lib/thumb2\libm.a(lib_a-k_rem_pio2.o)
                              c:/users/ózê∂/mentorgraphics/sourcery_codebench_lite_for_arm_eabi/bin/../lib/gcc/arm-none-eabi/4.8.3/../../../../arm-none-eabi/lib/thumb2\libm.a(lib_a-e_rem_pio2.o) (__kernel_rem_pio2)
[...]
Memory Configuration

Name             Origin             Length             Attributes
rom              0x08000000         0x00100000         xr
ram              0x20000000         0x00020000         xrw
ram1             0x10000000         0x00010000         xrw
*default*        0x00000000         0xffffffff

Linker script and memory map

                0x20020000                _eram = 0x20020000

.text           0x08000000     0xfee4
 *(.isr_vector)
 .isr_vector    0x08000000      0x188 ..\obj\startup_stm32f4xx.o
                0x08000000                g_pfnVectors
 *(.text*)
 .text.Set_duty
                0x08000188       0xc4 ..\obj\config_pwm.o
                0x08000188                Set_duty
 .text.Init_PWM
                0x0800024c      0x2c8 ..\obj\config_pwm.o
                0x0800024c                Init_PWM
 .text.USB_OTG_EnableCommonInt
                0x08000514       0x44 ..\obj\usb_core.o
 .text.USB_OTG_CoreReset
                0x08000558       0x94 ..\obj\usb_core.o
 .text.USB_OTG_WritePacket
                0x080005ec       0x70 ..\obj\usb_core.o
                0x080005ec                USB_OTG_WritePacket
 .text.USB_OTG_ReadPacket
                0x0800065c       0x5c ..\obj\usb_core.o
                0x0800065c                USB_OTG_ReadPacket
 .text.USB_OTG_SelectCore
                0x080006b8      0x174 ..\obj\usb_core.o
                0x080006b8                USB_OTG_SelectCore
 .text.USB_OTG_CoreInit
                0x0800082c      0x1dc ..\obj\usb_core.o
                0x0800082c                USB_OTG_CoreInit
 .text.USB_OTG_EnableGlobalInt
                0x08000a08       0x38 ..\obj\usb_core.o
                0x08000a08                USB_OTG_EnableGlobalInt
 .text.USB_OTG_DisableGlobalInt
                0x08000a40       0x38 ..\obj\usb_core.o
                0x08000a40                USB_OTG_DisableGlobalInt
 .text.USB_OTG_FlushTxFifo
                0x08000a78       0x74 ..\obj\usb_core.o
                0x08000a78                USB_OTG_FlushTxFifo
 .text.USB_OTG_FlushRxFifo
                0x08000aec       0x60 ..\obj\usb_core.o
                0x08000aec                USB_OTG_FlushRxFifo
 .text.USB_OTG_SetCurrentMode
                0x08000b4c       0x60 ..\obj\usb_core.o
                0x08000b4c                USB_OTG_SetCurrentMode
 .text.USB_OTG_GetMode
                0x08000bac       0x20 ..\obj\usb_core.o
                0x08000bac                USB_OTG_GetMode
 .text.USB_OTG_IsDeviceMode
                0x08000bcc       0x24 ..\obj\usb_core.o
                0x08000bcc                USB_OTG_IsDeviceMode
 .text.USB_OTG_ReadCoreItr
                0x08000bf0       0x30 ..\obj\usb_core.o
                0x08000bf0                USB_OTG_ReadCoreItr
 .text.USB_OTG_InitDevSpeed
                0x08000c20       0x38 ..\obj\usb_core.o
                0x08000c20                USB_OTG_InitDevSpeed
 .text.USB_OTG_CoreInitDev
                0x08000c58      0x27c ..\obj\usb_core.o
                0x08000c58                USB_OTG_CoreInitDev
 .text.USB_OTG_EnableDevInt
                0x08000ed4       0x98 ..\obj\usb_core.o
                0x08000ed4                USB_OTG_EnableDevInt
 .text.USB_OTG_GetDeviceSpeed
                0x08000f6c       0x48 ..\obj\usb_core.o
                0x08000f6c                USB_OTG_GetDeviceSpeed
 .text.USB_OTG_EP0Activate
                0x08000fb4       0x78 ..\obj\usb_core.o
                0x08000fb4                USB_OTG_EP0Activate
 .text.USB_OTG_EPActivate
                0x0800102c       0xdc ..\obj\usb_core.o
                0x0800102c                USB_OTG_EPActivate
 .text.USB_OTG_EPDeactivate
                0x08001108       0x8c ..\obj\usb_core.o
                0x08001108                USB_OTG_EPDeactivate
 .text.USB_OTG_EPStartXfer
                0x08001194      0x280 ..\obj\usb_core.o
                0x08001194                USB_OTG_EPStartXfer
 .text.USB_OTG_EP0StartXfer
                0x08001414      0x1d4 ..\obj\usb_core.o
                0x08001414                USB_OTG_EP0StartXfer
 .text.USB_OTG_EPSetStall
                0x080015e8       0x88 ..\obj\usb_core.o
                0x080015e8                USB_OTG_EPSetStall
 .text.USB_OTG_EPClearStall
                0x08001670       0x78 ..\obj\usb_core.o
                0x08001670                USB_OTG_EPClearStall
 .text.USB_OTG_ReadDevAllOutEp_itr
                0x080016e8       0x2c ..\obj\usb_core.o
                0x080016e8                USB_OTG_ReadDevAllOutEp_itr
 .text.USB_OTG_ReadDevOutEP_itr
                0x08001714       0x38 ..\obj\usb_core.o
                0x08001714                USB_OTG_ReadDevOutEP_itr
 .text.USB_OTG_ReadDevAllInEPItr
                0x0800174c       0x2c ..\obj\usb_core.o
                0x0800174c                USB_OTG_ReadDevAllInEPItr
 .text.USB_OTG_EP0_OutStart
                0x08001778       0x70 ..\obj\usb_core.o
                0x08001778                USB_OTG_EP0_OutStart
 .text.USB_OTG_UngateClock
                0x080017e8       0x54 ..\obj\usb_core.o
                0x080017e8                USB_OTG_UngateClock
 .text.positive_chattering
                0x0800183c      0x280 ..\obj\chata.o
                0x0800183c                positive_chattering
 .text.negative_chattering
                0x08001abc      0x280 ..\obj\chata.o
                0x08001abc                negative_chattering
 .text.Init_port
                0x08001d3c       0xc4 ..\obj\config_port.o
                0x08001d3c                Init_port
 .text.USBD_USR_Init
                0x08001e00        0xc ..\obj\usbd_usr.o
                0x08001e00                USBD_USR_Init
 .text.USBD_USR_DeviceReset
                0x08001e0c       0x28 ..\obj\usbd_usr.o
                0x08001e0c                USBD_USR_DeviceReset
 .text.USBD_USR_DeviceConfigured
                0x08001e34        0xc ..\obj\usbd_usr.o
                0x08001e34                USBD_USR_DeviceConfigured
 .text.USBD_USR_DeviceConnected
                0x08001e40        0xc ..\obj\usbd_usr.o
                0x08001e40                USBD_USR_DeviceConnected
 .text.USBD_USR_DeviceDisconnected
                0x08001e4c        0xc ..\obj\usbd_usr.o
                0x08001e4c                USBD_USR_DeviceDisconnected
 .text.USBD_USR_DeviceSuspended
                0x08001e58        0xc ..\obj\usbd_usr.o
                0x08001e58                USBD_USR_DeviceSuspended
 .text.USBD_USR_DeviceResumed
                0x08001e64        0xc ..\obj\usbd_usr.o
                0x08001e64                USBD_USR_DeviceResumed
 .text.usb_put_char
                0x08001e70       0x18 ..\obj\config_usb.o
                0x08001e70                usb_put_char
 .text.Init_usb
                0x08001e88       0x34 ..\obj\config_usb.o
                0x08001e88                Init_usb
 .text.ColorfulRingOfDeath
                0x08001ebc       0x58 ..\obj\config_usb.o
                0x08001ebc                ColorfulRingOfDeath
 .text.NMI_Handler
                0x08001f14        0xc ..\obj\config_usb.o
                0x08001f14                NMI_Handler
 .text.HardFault_Handler
                0x08001f20        0xc ..\obj\config_usb.o
                0x08001f20                HardFault_Handler
 .text.MemManage_Handler
                0x08001f2c        0xc ..\obj\config_usb.o
                0x08001f2c                MemManage_Handler
 .text.BusFault_Handler
                0x08001f38        0xc ..\obj\config_usb.o
                0x08001f38                BusFault_Handler
 .text.UsageFault_Handler
                0x08001f44        0xc ..\obj\config_usb.o
                0x08001f44                UsageFault_Handler
 .text.SVC_Handler
                0x08001f50        0xc ..\obj\config_usb.o
                0x08001f50                SVC_Handler
 .text.DebugMon_Handler
                0x08001f5c        0xc ..\obj\config_usb.o
                0x08001f5c                DebugMon_Handler
 .text.PendSV_Handler
                0x08001f68        0xc ..\obj\config_usb.o
                0x08001f68                PendSV_Handler
 .text.OTG_FS_IRQHandler
                0x08001f74       0x14 ..\obj\config_usb.o
                0x08001f74                OTG_FS_IRQHandler
 .text.OTG_FS_WKUP_IRQHandler
                0x08001f88       0x44 ..\obj\config_usb.o
                0x08001f88                OTG_FS_WKUP_IRQHandler
 .text.TIM1_UP_TIM10_IRQHandler
                0x08001fcc       0x64 ..\obj\config_encoder.o
                0x08001fcc                TIM1_UP_TIM10_IRQHandler
 .text.TIM3_IRQHandler
                0x08002030       0x6c ..\obj\config_encoder.o
                0x08002030                TIM3_IRQHandler
 .text.TIM4_IRQHandler
                0x0800209c       0x6c ..\obj\config_encoder.o
                0x0800209c                TIM4_IRQHandler
 .text.TIM5_IRQHandler
                0x08002108       0x6c ..\obj\config_encoder.o
                0x08002108                TIM5_IRQHandler
 .text.TIM8_UP_TIM13_IRQHandler
                0x08002174       0x6c ..\obj\config_encoder.o
                0x08002174                TIM8_UP_TIM13_IRQHandler
 .text.USART_Init
                0x080021e0      0x188 ..\obj\stm32f4xx_usart.o
                0x080021e0                USART_Init
 .text.USART_Cmd
                0x08002368       0x40 ..\obj\stm32f4xx_usart.o
                0x08002368                USART_Cmd
 .text.USART_ReceiveData
                0x080023a8       0x20 ..\obj\stm32f4xx_usart.o
                0x080023a8                USART_ReceiveData
 .text.USART_ITConfig
                0x080023c8       0x90 ..\obj\stm32f4xx_usart.o
                0x080023c8                USART_ITConfig
 .text.USART_GetITStatus
                0x08002458       0xb0 ..\obj\stm32f4xx_usart.o
                0x08002458                USART_GetITStatus
 .text.put_i    0x08002508       0xf0 ..\obj\my_standard_io.o
                0x08002508                put_i
 .text.put_si   0x080025f8       0x34 ..\obj\my_standard_io.o
                0x080025f8                put_si
 .text.put_f    0x0800262c       0xe8 ..\obj\my_standard_io.o
                0x0800262c                put_f
 .text.put_st   0x08002714       0x40 ..\obj\my_standard_io.o
                0x08002714                put_st
 .text.put_enter
                0x08002754       0x1c ..\obj\my_standard_io.o
                0x08002754                put_enter
 .text.f_print  0x08002770       0x30 ..\obj\my_standard_io.o
                0x08002770                f_print
 .text.Default_Reset_Handler
                0x080027a0       0x60 ..\obj\startup_stm32f4xx.o
                0x080027a0                Default_Reset_Handler
                0x080027a0                Reset_Handler
 .text.Default_Handler
                0x08002800        0x8 ..\obj\startup_stm32f4xx.o
                0x08002800                RTC_Alarm_IRQHandler
                0x08002800                HASH_RNG_IRQHandler
                0x08002800                EXTI2_IRQHandler
                0x08002800                TIM8_CC_IRQHandler
                0x08002800                TIM1_CC_IRQHandler
                0x08002800                DMA2_Stream5_IRQHandler
                0x08002800                DMA1_Stream5_IRQHandler
                0x08002800                PVD_IRQHandler
                0x08002800                SDIO_IRQHandler
                0x08002800                TAMP_STAMP_IRQHandler
                0x08002800                CAN2_RX1_IRQHandler
                0x08002800                EXTI3_IRQHandler
                0x08002800                TIM8_TRG_COM_TIM14_IRQHandler
                0x08002800                I2C3_ER_IRQHandler
                0x08002800                EXTI0_IRQHandler
                0x08002800                I2C2_EV_IRQHandler
                0x08002800                DMA1_Stream2_IRQHandler
                0x08002800                CAN1_RX0_IRQHandler
                0x08002800                FPU_IRQHandler
                0x08002800                OTG_HS_WKUP_IRQHandler
                0x08002800                CAN2_SCE_IRQHandler
                0x08002800                DMA2_Stream2_IRQHandler
                0x08002800                SPI1_IRQHandler
                0x08002800                TIM6_DAC_IRQHandler
                0x08002800                TIM1_BRK_TIM9_IRQHandler
                0x08002800                DCMI_IRQHandler
                0x08002800                CAN2_RX0_IRQHandler
                0x08002800                DMA2_Stream3_IRQHandler
                0x08002800                USART6_IRQHandler
                0x08002800                CRYP_IRQHandler
                0x08002800                CAN1_RX1_IRQHandler
                0x08002800                UART5_IRQHandler
                0x08002800                DMA2_Stream0_IRQHandler
                0x08002800                I2C1_EV_IRQHandler
                0x08002800                DMA1_Stream6_IRQHandler
                0x08002800                DMA1_Stream1_IRQHandler
                0x08002800                UART4_IRQHandler
                0x08002800                RCC_IRQHandler
                0x08002800                TIM8_BRK_TIM12_IRQHandler
                0x08002800                EXTI15_10_IRQHandler
                0x08002800                ADC_IRQHandler
                0x08002800                DMA1_Stream7_IRQHandler
                0x08002800                TIM7_IRQHandler
                0x08002800                CAN2_TX_IRQHandler
                0x08002800                DMA2_Stream7_IRQHandler
                0x08002800                I2C3_EV_IRQHandler
                0x08002800                EXTI9_5_IRQHandler
                0x08002800                RTC_WKUP_IRQHandler
                0x08002800                ETH_WKUP_IRQHandler
                0x08002800                SPI2_IRQHandler
                0x08002800                OTG_HS_EP1_IN_IRQHandler
                0x08002800                DMA1_Stream0_IRQHandler
                0x08002800                CAN1_TX_IRQHandler
                0x08002800                EXTI4_IRQHandler
                0x08002800                FSMC_IRQHandler
                0x08002800                ETH_IRQHandler
                0x08002800                OTG_HS_EP1_OUT_IRQHandler
                0x08002800                WWDG_IRQHandler
                0x08002800                TIM1_TRG_COM_TIM11_IRQHandler
                0x08002800                OTG_HS_IRQHandler
                0x08002800                EXTI1_IRQHandler
                0x08002800                I2C2_ER_IRQHandler
                0x08002800                DMA2_Stream1_IRQHandler
                0x08002800                CAN1_SCE_IRQHandler
                0x08002800                FLASH_IRQHandler
                0x08002800                DMA2_Stream4_IRQHandler
                0x08002800                SPI3_IRQHandler
                0x08002800                DMA1_Stream4_IRQHandler
                0x08002800                I2C1_ER_IRQHandler
                0x08002800                DMA2_Stream6_IRQHandler
                0x08002800                DMA1_Stream3_IRQHandler
 .text.USBD_Init
                0x08002808       0x54 ..\obj\usbd_core.o
                0x08002808                USBD_Init
 .text.USBD_DeInit
                0x0800285c       0x18 ..\obj\usbd_core.o
                0x0800285c                USBD_DeInit
 .text.USBD_SetupStage
                0x08002874       0x6c ..\obj\usbd_core.o
 .text.USBD_DataOutStage
                0x080028e0       0xd0 ..\obj\usbd_core.o
 .text.USBD_DataInStage
                0x080029b0      0x104 ..\obj\usbd_core.o
 .text.USBD_Reset
                0x08002ab4       0x44 ..\obj\usbd_core.o
 .text.USBD_Resume
                0x08002af8       0x24 ..\obj\usbd_core.o
 .text.USBD_Suspend
                0x08002b1c       0x24 ..\obj\usbd_core.o
 .text.USBD_SOF
                0x08002b40       0x2c ..\obj\usbd_core.o
 .text.USBD_SetCfg
                0x08002b6c       0x30 ..\obj\usbd_core.o
                0x08002b6c                USBD_SetCfg
 .text.USBD_ClrCfg
                0x08002b9c       0x28 ..\obj\usbd_core.o
                0x08002b9c                USBD_ClrCfg
 .text.USBD_IsoINIncomplete
                0x08002bc4       0x20 ..\obj\usbd_core.o
 .text.USBD_IsoOUTIncomplete
                0x08002be4       0x20 ..\obj\usbd_core.o
 .text.all_config
                0x08002c04       0xc0 ..\obj\main.o
                0x08002c04                all_config
 .text.port_config
                0x08002cc4      0x13c ..\obj\main.o
                0x08002cc4                port_config
 .text.main     0x08002e00      0xd00 ..\obj\main.o
                0x08002e00                main
 .text.RCC_GetClocksFreq
                0x08003b00      0x1a8 ..\obj\stm32f4xx_rcc.o
                0x08003b00                RCC_GetClocksFreq
 .text.RCC_AHB1PeriphClockCmd
                0x08003ca8       0x50 ..\obj\stm32f4xx_rcc.o
                0x08003ca8                RCC_AHB1PeriphClockCmd
 .text.RCC_AHB2PeriphClockCmd
                0x08003cf8       0x50 ..\obj\stm32f4xx_rcc.o
                0x08003cf8                RCC_AHB2PeriphClockCmd
 .text.RCC_APB1PeriphClockCmd
                0x08003d48       0x50 ..\obj\stm32f4xx_rcc.o
                0x08003d48                RCC_APB1PeriphClockCmd
 .text.RCC_APB2PeriphClockCmd
                0x08003d98       0x50 ..\obj\stm32f4xx_rcc.o
                0x08003d98                RCC_APB2PeriphClockCmd
 .text.RCC_APB1PeriphResetCmd
                0x08003de8       0x50 ..\obj\stm32f4xx_rcc.o
                0x08003de8                RCC_APB1PeriphResetCmd
 .text.RCC_APB2PeriphResetCmd
                0x08003e38       0x50 ..\obj\stm32f4xx_rcc.o
                0x08003e38                RCC_APB2PeriphResetCmd
 .text.buzzer   0x08003e88       0x44 ..\obj\robo_finction.o
                0x08003e88                buzzer
 .text.buzzer_cycle
                0x08003ecc       0xec ..\obj\robo_finction.o
                0x08003ecc                buzzer_cycle
 .text.buzzer_stop
                0x08003fb8       0x14 ..\obj\robo_finction.o
                0x08003fb8                buzzer_stop
 .text.buzzer_on
                0x08003fcc       0x14 ..\obj\robo_finction.o
                0x08003fcc                buzzer_on
 .text.initialize
                0x08003fe0       0xd4 ..\obj\robo_finction.o
                0x08003fe0                initialize
 .text.ADC_DeInit
                0x080040b4       0x1c ..\obj\stm32f4xx_adc.o
                0x080040b4                ADC_DeInit
 .text.ADC_Init
                0x080040d0       0xac ..\obj\stm32f4xx_adc.o
                0x080040d0                ADC_Init
 .text.ADC_StructInit
                0x0800417c       0x3c ..\obj\stm32f4xx_adc.o
                0x0800417c                ADC_StructInit
 .text.ADC_CommonInit
                0x080041b8       0x58 ..\obj\stm32f4xx_adc.o
                0x080041b8                ADC_CommonInit
 .text.ADC_CommonStructInit
                0x08004210       0x2c ..\obj\stm32f4xx_adc.o
                0x08004210                ADC_CommonStructInit
 .text.ADC_Cmd  0x0800423c       0x38 ..\obj\stm32f4xx_adc.o
                0x0800423c                ADC_Cmd
 .text.ADC_RegularChannelConfig
                0x08004274      0x188 ..\obj\stm32f4xx_adc.o
                0x08004274                ADC_RegularChannelConfig
 .text.ADC_SoftwareStartConv
                0x080043fc       0x20 ..\obj\stm32f4xx_adc.o
                0x080043fc                ADC_SoftwareStartConv
 .text.ADC_DMACmd
                0x0800441c       0x38 ..\obj\stm32f4xx_adc.o
                0x0800441c                ADC_DMACmd
 .text.ADC_DMARequestAfterLastTransferCmd
                0x08004454       0x38 ..\obj\stm32f4xx_adc.o
                0x08004454                ADC_DMARequestAfterLastTransferCmd
 .text.Select_ADC_channel
                0x0800448c      0x104 ..\obj\config_adc.o
                0x0800448c                Select_ADC_channel
 .text.Init_ADC1
                0x08004590      0x274 ..\obj\config_adc.o
                0x08004590                Init_ADC1
 .text.get_ADC1_value
                0x08004804       0x28 ..\obj\config_adc.o
                0x08004804                get_ADC1_value
 .text.move_left_tire
                0x0800482c      0x120 ..\obj\motor.o
                0x0800482c                move_left_tire
 .text.move_right_tire
                0x0800494c      0x130 ..\obj\motor.o
                0x0800494c                move_right_tire
 .text.move_back_tire
                0x08004a7c      0x128 ..\obj\motor.o
                0x08004a7c                move_back_tire
 .text.move_arm
                0x08004ba4      0x170 ..\obj\motor.o
                0x08004ba4                move_arm
 .text.move     0x08004d14       0x24 ..\obj\motor.o
                0x08004d14                move
 .text.deadtime
                0x08004d38       0x84 ..\obj\motor.o
                0x08004d38                deadtime
 .text.USBD_USR_DeviceDescriptor
                0x08004dbc       0x28 ..\obj\usbd_desc.o
                0x08004dbc                USBD_USR_DeviceDescriptor
 .text.USBD_USR_LangIDStrDescriptor
                0x08004de4       0x28 ..\obj\usbd_desc.o
                0x08004de4                USBD_USR_LangIDStrDescriptor
 .text.USBD_USR_ProductStrDescriptor
                0x08004e0c       0x50 ..\obj\usbd_desc.o
                0x08004e0c                USBD_USR_ProductStrDescriptor
 .text.USBD_USR_ManufacturerStrDescriptor
                0x08004e5c       0x34 ..\obj\usbd_desc.o
                0x08004e5c                USBD_USR_ManufacturerStrDescriptor
 .text.USBD_USR_SerialStrDescriptor
                0x08004e90       0x50 ..\obj\usbd_desc.o
                0x08004e90                USBD_USR_SerialStrDescriptor
 .text.USBD_USR_ConfigStrDescriptor
                0x08004ee0       0x50 ..\obj\usbd_desc.o
                0x08004ee0                USBD_USR_ConfigStrDescriptor
 .text.USBD_USR_InterfaceStrDescriptor
                0x08004f30       0x50 ..\obj\usbd_desc.o
                0x08004f30                USBD_USR_InterfaceStrDescriptor
 .text.NVIC_SetPriority
                0x08004f80       0x58 ..\obj\config_systick.o
 .text.SysTick_Config
                0x08004fd8       0x54 ..\obj\config_systick.o
 .text.SysTick_Handler
                0x0800502c       0x50 ..\obj\config_systick.o
                0x0800502c                SysTick_Handler
 .text.Init_SysTick
                0x0800507c       0x48 ..\obj\config_systick.o
                0x0800507c                Init_SysTick
 .text.TIM2_IRQHandler
                0x080050c4       0x28 ..\obj\config_systick.o
                0x080050c4                TIM2_IRQHandler
 .text.count_time
                0x080050ec       0x60 ..\obj\config_systick.o
                0x080050ec                count_time
 .text.reset_count_time
                0x0800514c       0x60 ..\obj\config_systick.o
                0x0800514c                reset_count_time
 .text.GPIO_Init
                0x080051ac      0x11c ..\obj\stm32f4xx_gpio.o
                0x080051ac                GPIO_Init
 .text.GPIO_StructInit
                0x080052c8       0x34 ..\obj\stm32f4xx_gpio.o
                0x080052c8                GPIO_StructInit
 .text.GPIO_ReadInputDataBit
                0x080052fc       0x34 ..\obj\stm32f4xx_gpio.o
                0x080052fc                GPIO_ReadInputDataBit
 .text.GPIO_SetBits
                0x08005330       0x1c ..\obj\stm32f4xx_gpio.o
                0x08005330                GPIO_SetBits
 .text.GPIO_ResetBits
                0x0800534c       0x1c ..\obj\stm32f4xx_gpio.o
                0x0800534c                GPIO_ResetBits
 .text.GPIO_PinAFConfig
                0x08005368       0x8c ..\obj\stm32f4xx_gpio.o
                0x08005368                GPIO_PinAFConfig
 .text.VCP_Init
                0x080053f4       0x10 ..\obj\usbd_cdc_vcp.o
 .text.VCP_DeInit
                0x08005404       0x10 ..\obj\usbd_cdc_vcp.o
 .text.VCP_Ctrl
                0x08005414      0x13c ..\obj\usbd_cdc_vcp.o
 .text.VCP_put_char
                0x08005550       0x1c ..\obj\usbd_cdc_vcp.o
                0x08005550                VCP_put_char
 .text.VCP_DataTx
                0x0800556c       0x7c ..\obj\usbd_cdc_vcp.o
 .text.VCP_DataRx
                0x080055e8       0x94 ..\obj\usbd_cdc_vcp.o
 .text.SystemInit
                0x0800567c       0x90 ..\obj\system_stm32f4xx.o
                0x0800567c                SystemInit
 .text.SystemCoreClockUpdate
                0x0800570c      0x154 ..\obj\system_stm32f4xx.o
                0x0800570c                SystemCoreClockUpdate
 .text.SetSysClock
                0x08005860      0x17c ..\obj\system_stm32f4xx.o
 .text.DMA_DeInit
                0x080059dc      0x22c ..\obj\stm32f4xx_dma.o
                0x080059dc                DMA_DeInit
 .text.DMA_Init
                0x08005c08       0xb0 ..\obj\stm32f4xx_dma.o
                0x08005c08                DMA_Init
 .text.DMA_StructInit
                0x08005cb8       0x6c ..\obj\stm32f4xx_dma.o
                0x08005cb8                DMA_StructInit
 .text.DMA_Cmd  0x08005d24       0x38 ..\obj\stm32f4xx_dma.o
                0x08005d24                DMA_Cmd
 .text.USB_OTG_BSP_Init
                0x08005d5c       0xc8 ..\obj\usb_bsp.o
                0x08005d5c                USB_OTG_BSP_Init
 .text.USB_OTG_BSP_EnableInterrupt
                0x08005e24       0x30 ..\obj\usb_bsp.o
                0x08005e24                USB_OTG_BSP_EnableInterrupt
 .text.USB_OTG_BSP_uDelay
                0x08005e54       0x4c ..\obj\usb_bsp.o
                0x08005e54                USB_OTG_BSP_uDelay
 .text.USB_OTG_BSP_mDelay
                0x08005ea0       0x20 ..\obj\usb_bsp.o
                0x08005ea0                USB_OTG_BSP_mDelay
 .text.cam_data
                0x08005ec0      0x558 ..\obj\cam_cal.o
                0x08005ec0                cam_data
 .text.USBD_StdDevReq
                0x08006418       0xa0 ..\obj\usbd_req.o
                0x08006418                USBD_StdDevReq
 .text.USBD_StdItfReq
                0x080064b8       0x68 ..\obj\usbd_req.o
                0x080064b8                USBD_StdItfReq
 .text.USBD_StdEPReq
                0x08006520      0x1c8 ..\obj\usbd_req.o
                0x08006520                USBD_StdEPReq
 .text.USBD_GetDescriptor
                0x080066e8      0x1b8 ..\obj\usbd_req.o
 .text.USBD_SetAddress
                0x080068a0       0x7c ..\obj\usbd_req.o
 .text.USBD_SetConfig
                0x0800691c      0x130 ..\obj\usbd_req.o
 .text.USBD_GetConfig
                0x08006a4c       0x60 ..\obj\usbd_req.o
 .text.USBD_GetStatus
                0x08006aac       0x5c ..\obj\usbd_req.o
 .text.USBD_SetFeature
                0x08006b08       0xcc ..\obj\usbd_req.o
 .text.USBD_ClrFeature
                0x08006bd4       0x50 ..\obj\usbd_req.o
 .text.USBD_ParseSetupRequest
                0x08006c24       0x8c ..\obj\usbd_req.o
                0x08006c24                USBD_ParseSetupRequest
 .text.USBD_CtlError
                0x08006cb0       0x48 ..\obj\usbd_req.o
                0x08006cb0                USBD_CtlError
 .text.USBD_GetString
                0x08006cf8       0x7c ..\obj\usbd_req.o
                0x08006cf8                USBD_GetString
 .text.USBD_GetLen
                0x08006d74       0x30 ..\obj\usbd_req.o
 .text.USBD_OTG_ISR_Handler
                0x08006da4      0x15c ..\obj\usb_dcd_int.o
                0x08006da4                USBD_OTG_ISR_Handler
 .text.DCD_HandleResume_ISR
                0x08006f00       0x80 ..\obj\usb_dcd_int.o
 .text.DCD_HandleUSBSuspend_ISR
                0x08006f80       0xa8 ..\obj\usb_dcd_int.o
 .text.DCD_HandleInEP_ISR
                0x08007028      0x1ec ..\obj\usb_dcd_int.o
 .text.DCD_HandleOutEP_ISR
                0x08007214      0x180 ..\obj\usb_dcd_int.o
 .text.DCD_HandleSof_ISR
                0x08007394       0x38 ..\obj\usb_dcd_int.o
 .text.DCD_HandleRxStatusQueueLevel_ISR
                0x080073cc      0x104 ..\obj\usb_dcd_int.o
 .text.DCD_WriteEmptyTxFifo
                0x080074d0       0xe4 ..\obj\usb_dcd_int.o
 .text.DCD_HandleUsbReset_ISR
                0x080075b4      0x144 ..\obj\usb_dcd_int.o
 .text.DCD_HandleEnumDone_ISR
                0x080076f8       0x78 ..\obj\usb_dcd_int.o
 .text.DCD_IsoINIncomplete_ISR
                0x08007770       0x38 ..\obj\usb_dcd_int.o
 .text.DCD_IsoOUTIncomplete_ISR
                0x080077a8       0x38 ..\obj\usb_dcd_int.o
 .text.DCD_ReadDevInEP
                0x080077e0       0x50 ..\obj\usb_dcd_int.o
 .text.Limit_ul
                0x08007830       0x3c ..\obj\robo_data.o
                0x08007830                Limit_ul
 .text.pd_rock  0x0800786c       0x90 ..\obj\robo_data.o
                0x0800786c                pd_rock
 .text.pd_arm_rock
                0x080078fc       0x90 ..\obj\robo_data.o
                0x080078fc                pd_arm_rock
 .text.pd_straight
                0x0800798c       0xa4 ..\obj\robo_data.o
                0x0800798c                pd_straight
 .text.get_motor_output_l
                0x08007a30      0x158 ..\obj\robo_data.o
                0x08007a30                get_motor_output_l
 .text.get_motor_output_r
                0x08007b88      0x158 ..\obj\robo_data.o
                0x08007b88                get_motor_output_r
 .text.get_motor_output_b
                0x08007ce0      0x158 ..\obj\robo_data.o
                0x08007ce0                get_motor_output_b
 .text.get_twopoints_distance
                0x08007e38       0x54 ..\obj\robo_data.o
                0x08007e38                get_twopoints_distance
 *fill*         0x08007e8c        0x4 
 .text.get_target_degree
                0x08007e90       0x88 ..\obj\robo_data.o
                0x08007e90                get_target_degree
 .text.get_vertical_distance
                0x08007f18      0x168 ..\obj\robo_data.o
                0x08007f18                get_vertical_distance
 .text.get_target_velocity
                0x08008080      0x1d4 ..\obj\robo_data.o
                0x08008080                get_target_velocity
 *fill*         0x08008254        0x4 
 .text.get_motor_output_x
                0x08008258       0xb0 ..\obj\robo_data.o
                0x08008258                get_motor_output_x
 .text.get_motor_output_y
                0x08008308       0xb0 ..\obj\robo_data.o
                0x08008308                get_motor_output_y
 .text.revision_degree
                0x080083b8       0x64 ..\obj\robo_data.o
                0x080083b8                revision_degree
 *fill*         0x0800841c        0x4 
 .text.get_robot_inf
                0x08008420      0x8d8 ..\obj\robo_data.o
                0x08008420                get_robot_inf
 .text.init_robot_inf
                0x08008cf8       0x2c ..\obj\robo_data.o
                0x08008cf8                init_robot_inf
 .text.get_Average
                0x08008d24      0x120 ..\obj\robo_data.o
                0x08008d24                get_Average
 *fill*         0x08008e44        0x4 
 .text.position_rock
                0x08008e48      0x1d8 ..\obj\robo_data.o
                0x08008e48                position_rock
 .text.arm_length
                0x08009020      0x148 ..\obj\robo_data.o
                0x08009020                arm_length
 .text.usbd_cdc_Init
                0x08009168       0x90 ..\obj\usbd_cdc_core.o
 .text.usbd_cdc_DeInit
                0x080091f8       0x3c ..\obj\usbd_cdc_core.o
 .text.usbd_cdc_Setup
                0x08009234      0x144 ..\obj\usbd_cdc_core.o
 .text.usbd_cdc_EP0_RxReady
                0x08009378       0x58 ..\obj\usbd_cdc_core.o
 .text.usbd_cdc_DataIn
                0x080093d0      0x110 ..\obj\usbd_cdc_core.o
 .text.usbd_cdc_DataOut
                0x080094e0       0x60 ..\obj\usbd_cdc_core.o
 .text.usbd_cdc_SOF
                0x08009540       0x40 ..\obj\usbd_cdc_core.o
 .text.Handle_USBAsynchXfer
                0x08009580      0x190 ..\obj\usbd_cdc_core.o
 .text.USBD_cdc_GetCfgDesc
                0x08009710       0x28 ..\obj\usbd_cdc_core.o
 .text.receive_att
                0x08009738       0x20 ..\obj\receive.o
                0x08009738                receive_att
 .text.receive_order_depot
                0x08009758       0xa8 ..\obj\receive.o
                0x08009758                receive_order_depot
 .text.receive_order_c
                0x08009800      0x1b4 ..\obj\receive.o
                0x08009800                receive_order_c
 .text.change_float
                0x080099b4       0x88 ..\obj\receive.o
                0x080099b4                change_float
 .text.Receive_usart3_c
                0x08009a3c       0x3c ..\obj\receive.o
                0x08009a3c                Receive_usart3_c
 .text.get_atoz_value
                0x08009a78       0x24 ..\obj\receive.o
                0x08009a78                get_atoz_value
 .text.EXTI_ClearITPendingBit
                0x08009a9c       0x20 ..\obj\stm32f4xx_exti.o
                0x08009a9c                EXTI_ClearITPendingBit
 .text.Analysis_GPIO_Pin
                0x08009abc      0x168 ..\obj\name_converter.o
                0x08009abc                Analysis_GPIO_Pin
 .text.GPIO_af_USART_select
                0x08009c24       0x90 ..\obj\name_converter.o
                0x08009c24                GPIO_af_USART_select
 .text.USART_irqn_select
                0x08009cb4       0x90 ..\obj\name_converter.o
                0x08009cb4                USART_irqn_select
 .text.RCC_PeriphClock_TIM
                0x08009d44      0x25c ..\obj\name_converter.o
                0x08009d44                RCC_PeriphClock_TIM
 .text.RCC_PeriphClock_USART
                0x08009fa0      0x1a0 ..\obj\name_converter.o
                0x08009fa0                RCC_PeriphClock_USART
 .text.Pin_select_source
                0x0800a140       0xec ..\obj\name_converter.o
                0x0800a140                Pin_select_source
 .text.Tim_select_af
                0x0800a22c       0xc4 ..\obj\name_converter.o
                0x0800a22c                Tim_select_af
 .text.NVIC_PriorityGroupConfig
                0x0800a2f0       0x28 ..\obj\misc.o
                0x0800a2f0                NVIC_PriorityGroupConfig
 .text.NVIC_Init
                0x0800a318       0xcc ..\obj\misc.o
                0x0800a318                NVIC_Init
 .text.DCD_Init
                0x0800a3e4      0x100 ..\obj\usb_dcd.o
                0x0800a3e4                DCD_Init
 .text.DCD_EP_Open
                0x0800a4e4       0x9c ..\obj\usb_dcd.o
                0x0800a4e4                DCD_EP_Open
 .text.DCD_EP_Close
                0x0800a580       0x70 ..\obj\usb_dcd.o
                0x0800a580                DCD_EP_Close
 .text.DCD_EP_PrepareRx
                0x0800a5f0       0x80 ..\obj\usb_dcd.o
                0x0800a5f0                DCD_EP_PrepareRx
 .text.DCD_EP_Tx
                0x0800a670       0x78 ..\obj\usb_dcd.o
                0x0800a670                DCD_EP_Tx
 .text.DCD_EP_Stall
                0x0800a6e8       0x74 ..\obj\usb_dcd.o
                0x0800a6e8                DCD_EP_Stall
 .text.DCD_EP_ClrStall
                0x0800a75c       0x74 ..\obj\usb_dcd.o
                0x0800a75c                DCD_EP_ClrStall
 .text.DCD_EP_SetAddress
                0x0800a7d0       0x3c ..\obj\usb_dcd.o
                0x0800a7d0                DCD_EP_SetAddress
 .text.USBD_CtlSendData
                0x0800a80c       0x40 ..\obj\usbd_ioreq.o
                0x0800a80c                USBD_CtlSendData
 .text.USBD_CtlContinueSendData
                0x0800a84c       0x28 ..\obj\usbd_ioreq.o
                0x0800a84c                USBD_CtlContinueSendData
 .text.USBD_CtlPrepareRx
                0x0800a874       0x40 ..\obj\usbd_ioreq.o
                0x0800a874                USBD_CtlPrepareRx
 .text.USBD_CtlContinueRx
                0x0800a8b4       0x28 ..\obj\usbd_ioreq.o
                0x0800a8b4                USBD_CtlContinueRx
 .text.USBD_CtlSendStatus
                0x0800a8dc       0x30 ..\obj\usbd_ioreq.o
                0x0800a8dc                USBD_CtlSendStatus
 .text.USBD_CtlReceiveStatus
                0x0800a90c       0x30 ..\obj\usbd_ioreq.o
                0x0800a90c                USBD_CtlReceiveStatus
 .text.USART1_IRQHandler
                0x0800a93c        0xc ..\obj\config_usart.o
                0x0800a93c                USART1_IRQHandler
 .text.USART2_IRQHandler
                0x0800a948        0xc ..\obj\config_usart.o
                0x0800a948                USART2_IRQHandler
 .text.USART3_IRQHandler
                0x0800a954        0xc ..\obj\config_usart.o
                0x0800a954                USART3_IRQHandler
 .text.Init_USART
                0x0800a960       0xdc ..\obj\config_usart.o
                0x0800a960                Init_USART
 .text.TIM_TimeBaseInit
                0x0800aa3c       0xec ..\obj\stm32f4xx_tim.o
                0x0800aa3c                TIM_TimeBaseInit
 .text.TIM_ARRPreloadConfig
                0x0800ab28       0x40 ..\obj\stm32f4xx_tim.o
                0x0800ab28                TIM_ARRPreloadConfig
 .text.TIM_Cmd  0x0800ab68       0x40 ..\obj\stm32f4xx_tim.o
                0x0800ab68                TIM_Cmd
 .text.TIM_OC1Init
                0x0800aba8       0xf4 ..\obj\stm32f4xx_tim.o
                0x0800aba8                TIM_OC1Init
 .text.TIM_OC2Init
                0x0800ac9c      0x110 ..\obj\stm32f4xx_tim.o
                0x0800ac9c                TIM_OC2Init
 .text.TIM_OC3Init
                0x0800adac      0x10c ..\obj\stm32f4xx_tim.o
                0x0800adac                TIM_OC3Init
 .text.TIM_OC4Init
                0x0800aeb8       0xd0 ..\obj\stm32f4xx_tim.o
                0x0800aeb8                TIM_OC4Init
 .text.TIM_OC1PreloadConfig
                0x0800af88       0x38 ..\obj\stm32f4xx_tim.o
                0x0800af88                TIM_OC1PreloadConfig
 .text.TIM_OC2PreloadConfig
                0x0800afc0       0x3c ..\obj\stm32f4xx_tim.o
                0x0800afc0                TIM_OC2PreloadConfig
 .text.TIM_OC3PreloadConfig
                0x0800affc       0x38 ..\obj\stm32f4xx_tim.o
                0x0800affc                TIM_OC3PreloadConfig
 .text.TIM_OC4PreloadConfig
                0x0800b034       0x3c ..\obj\stm32f4xx_tim.o
                0x0800b034                TIM_OC4PreloadConfig
 .text.TIM_BDTRConfig
                0x0800b070       0x50 ..\obj\stm32f4xx_tim.o
                0x0800b070                TIM_BDTRConfig
 .text.TIM_BDTRStructInit
                0x0800b0c0       0x3c ..\obj\stm32f4xx_tim.o
                0x0800b0c0                TIM_BDTRStructInit
 .text.TIM_CtrlPWMOutputs
                0x0800b0fc       0x4c ..\obj\stm32f4xx_tim.o
                0x0800b0fc                TIM_CtrlPWMOutputs
 .text.TIM_ClearITPendingBit
                0x0800b148       0x20 ..\obj\stm32f4xx_tim.o
                0x0800b148                TIM_ClearITPendingBit
 .text          0x0800b168       0x88 c:/users/ózê∂/mentorgraphics/sourcery_codebench_lite_for_arm_eabi/bin/../lib/gcc/arm-none-eabi/4.8.3/../../../../arm-none-eabi/lib/thumb2\libm.a(lib_a-s_cos.o)
                0x0800b168                cos
 .text          0x0800b1f0       0x98 c:/users/ózê∂/mentorgraphics/sourcery_codebench_lite_for_arm_eabi/bin/../lib/gcc/arm-none-eabi/4.8.3/../../../../arm-none-eabi/lib/thumb2\libm.a(lib_a-s_sin.o)
                0x0800b1f0                sin
 .text          0x0800b288       0x64 c:/users/ózê∂/mentorgraphics/sourcery_codebench_lite_for_arm_eabi/bin/../lib/gcc/arm-none-eabi/4.8.3/../../../../arm-none-eabi/lib/thumb2\libm.a(lib_a-s_tan.o)
                0x0800b288                tan
 .text          0x0800b2ec       0x48 c:/users/ózê∂/mentorgraphics/sourcery_codebench_lite_for_arm_eabi/bin/../lib/gcc/arm-none-eabi/4.8.3/../../../../arm-none-eabi/lib/thumb2\libm.a(lib_a-sf_modf.o)
                0x0800b2ec                modff
 .text          0x0800b334       0x50 c:/users/ózê∂/mentorgraphics/sourcery_codebench_lite_for_arm_eabi/bin/../lib/gcc/arm-none-eabi/4.8.3/../../../../arm-none-eabi/lib/thumb2\libm.a(lib_a-sf_round.o)
                0x0800b334                roundf
 .text          0x0800b384      0x338 c:/users/ózê∂/mentorgraphics/sourcery_codebench_lite_for_arm_eabi/bin/../lib/gcc/arm-none-eabi/4.8.3/../../../../arm-none-eabi/lib/thumb2\libm.a(lib_a-w_pow.o)
                0x0800b384                pow
 .text          0x0800b6bc       0xb0 c:/users/ózê∂/mentorgraphics/sourcery_codebench_lite_for_arm_eabi/bin/../lib/gcc/arm-none-eabi/4.8.3/../../../../arm-none-eabi/lib/thumb2\libm.a(lib_a-w_sqrt.o)
                0x0800b6bc                sqrt
 .text          0x0800b76c        0x4 c:/users/ózê∂/mentorgraphics/sourcery_codebench_lite_for_arm_eabi/bin/../lib/gcc/arm-none-eabi/4.8.3/../../../../arm-none-eabi/lib/thumb2\libm.a(lib_a-wf_atan2.o)
                0x0800b76c                atan2f
 .text          0x0800b770      0x340 c:/users/ózê∂/mentorgraphics/sourcery_codebench_lite_for_arm_eabi/bin/../lib/gcc/arm-none-eabi/4.8.3/../../../../arm-none-eabi/lib/thumb2\libm.a(lib_a-wf_pow.o)
                0x0800b770                powf
 .text          0x0800bab0      0xb68 c:/users/ózê∂/mentorgraphics/sourcery_codebench_lite_for_arm_eabi/bin/../lib/gcc/arm-none-eabi/4.8.3/../../../../arm-none-eabi/lib/thumb2\libm.a(lib_a-e_pow.o)
                0x0800bab0                __ieee754_pow
 .text          0x0800c618      0x460 c:/users/ózê∂/mentorgraphics/sourcery_codebench_lite_for_arm_eabi/bin/../lib/gcc/arm-none-eabi/4.8.3/../../../../arm-none-eabi/lib/thumb2\libm.a(lib_a-e_rem_pio2.o)
                0x0800c618                __ieee754_rem_pio2
 .text          0x0800ca78      0x17c c:/users/ózê∂/mentorgraphics/sourcery_codebench_lite_for_arm_eabi/bin/../lib/gcc/arm-none-eabi/4.8.3/../../../../arm-none-eabi/lib/thumb2\libm.a(lib_a-e_sqrt.o)
                0x0800ca78                __ieee754_sqrt
 .text          0x0800cbf4      0x148 c:/users/ózê∂/mentorgraphics/sourcery_codebench_lite_for_arm_eabi/bin/../lib/gcc/arm-none-eabi/4.8.3/../../../../arm-none-eabi/lib/thumb2\libm.a(lib_a-ef_atan2.o)
                0x0800cbf4                __ieee754_atan2f
 .text          0x0800cd3c      0x748 c:/users/ózê∂/mentorgraphics/sourcery_codebench_lite_for_arm_eabi/bin/../lib/gcc/arm-none-eabi/4.8.3/../../../../arm-none-eabi/lib/thumb2\libm.a(lib_a-ef_pow.o)
                0x0800cd3c                __ieee754_powf
 .text          0x0800d484       0xac c:/users/ózê∂/mentorgraphics/sourcery_codebench_lite_for_arm_eabi/bin/../lib/gcc/arm-none-eabi/4.8.3/../../../../arm-none-eabi/lib/thumb2\libm.a(lib_a-ef_sqrt.o)
                0x0800d484                __ieee754_sqrtf
 .text          0x0800d530      0x258 c:/users/ózê∂/mentorgraphics/sourcery_codebench_lite_for_arm_eabi/bin/../lib/gcc/arm-none-eabi/4.8.3/../../../../arm-none-eabi/lib/thumb2\libm.a(lib_a-k_cos.o)
                0x0800d530                __kernel_cos
 .text          0x0800d788      0x7cc c:/users/ózê∂/mentorgraphics/sourcery_codebench_lite_for_arm_eabi/bin/../lib/gcc/arm-none-eabi/4.8.3/../../../../arm-none-eabi/lib/thumb2\libm.a(lib_a-k_rem_pio2.o)
                0x0800d788                __kernel_rem_pio2
 *fill*         0x0800df54        0x4 
 .text          0x0800df58      0x168 c:/users/ózê∂/mentorgraphics/sourcery_codebench_lite_for_arm_eabi/bin/../lib/gcc/arm-none-eabi/4.8.3/../../../../arm-none-eabi/lib/thumb2\libm.a(lib_a-k_sin.o)
                0x0800df58                __kernel_sin
 .text          0x0800e0c0      0x3d8 c:/users/ózê∂/mentorgraphics/sourcery_codebench_lite_for_arm_eabi/bin/../lib/gcc/arm-none-eabi/4.8.3/../../../../arm-none-eabi/lib/thumb2\libm.a(lib_a-k_tan.o)
                0x0800e0c0                __kernel_tan
 .text          0x0800e498        0x8 c:/users/ózê∂/mentorgraphics/sourcery_codebench_lite_for_arm_eabi/bin/../lib/gcc/arm-none-eabi/4.8.3/../../../../arm-none-eabi/lib/thumb2\libm.a(lib_a-s_fabs.o)
                0x0800e498                fabs
 .text          0x0800e4a0        0xc c:/users/ózê∂/mentorgraphics/sourcery_codebench_lite_for_arm_eabi/bin/../lib/gcc/arm-none-eabi/4.8.3/../../../../arm-none-eabi/lib/thumb2\libm.a(lib_a-s_finite.o)
                0x0800e4a0                finite
 *fill*         0x0800e4ac        0x4 
 .text          0x0800e4b0      0x120 c:/users/ózê∂/mentorgraphics/sourcery_codebench_lite_for_arm_eabi/bin/../lib/gcc/arm-none-eabi/4.8.3/../../../../arm-none-eabi/lib/thumb2\libm.a(lib_a-s_floor.o)
                0x0800e4b0                floor
 .text          0x0800e5d0       0x50 c:/users/ózê∂/mentorgraphics/sourcery_codebench_lite_for_arm_eabi/bin/../lib/gcc/arm-none-eabi/4.8.3/../../../../arm-none-eabi/lib/thumb2\libm.a(lib_a-s_fpclassify.o)
                0x0800e5d0                __fpclassifyd
 .text          0x0800e620        0x4 c:/users/ózê∂/mentorgraphics/sourcery_codebench_lite_for_arm_eabi/bin/../lib/gcc/arm-none-eabi/4.8.3/../../../../arm-none-eabi/lib/thumb2\libm.a(lib_a-s_matherr.o)
                0x0800e620                matherr
 .text          0x0800e624        0xc c:/users/ózê∂/mentorgraphics/sourcery_codebench_lite_for_arm_eabi/bin/../lib/gcc/arm-none-eabi/4.8.3/../../../../arm-none-eabi/lib/thumb2\libm.a(lib_a-s_nan.o)
                0x0800e624                nan
 .text          0x0800e630      0x120 c:/users/ózê∂/mentorgraphics/sourcery_codebench_lite_for_arm_eabi/bin/../lib/gcc/arm-none-eabi/4.8.3/../../../../arm-none-eabi/lib/thumb2\libm.a(lib_a-s_rint.o)
                0x0800e630                rint
 .text          0x0800e750      0x118 c:/users/ózê∂/mentorgraphics/sourcery_codebench_lite_for_arm_eabi/bin/../lib/gcc/arm-none-eabi/4.8.3/../../../../arm-none-eabi/lib/thumb2\libm.a(lib_a-s_scalbn.o)
                0x0800e750                scalbn
 .text          0x0800e868      0x230 c:/users/ózê∂/mentorgraphics/sourcery_codebench_lite_for_arm_eabi/bin/../lib/gcc/arm-none-eabi/4.8.3/../../../../arm-none-eabi/lib/thumb2\libm.a(lib_a-sf_atan.o)
                0x0800e868                atanf
 .text          0x0800ea98        0x8 c:/users/ózê∂/mentorgraphics/sourcery_codebench_lite_for_arm_eabi/bin/../lib/gcc/arm-none-eabi/4.8.3/../../../../arm-none-eabi/lib/thumb2\libm.a(lib_a-sf_fabs.o)
                0x0800ea98                fabsf
 .text          0x0800eaa0       0x10 c:/users/ózê∂/mentorgraphics/sourcery_codebench_lite_for_arm_eabi/bin/../lib/gcc/arm-none-eabi/4.8.3/../../../../arm-none-eabi/lib/thumb2\libm.a(lib_a-sf_finite.o)
                0x0800eaa0                finitef
 .text          0x0800eab0       0x34 c:/users/ózê∂/mentorgraphics/sourcery_codebench_lite_for_arm_eabi/bin/../lib/gcc/arm-none-eabi/4.8.3/../../../../arm-none-eabi/lib/thumb2\libm.a(lib_a-sf_fpclassify.o)
                0x0800eab0                __fpclassifyf
 .text          0x0800eae4        0x8 c:/users/ózê∂/mentorgraphics/sourcery_codebench_lite_for_arm_eabi/bin/../lib/gcc/arm-none-eabi/4.8.3/../../../../arm-none-eabi/lib/thumb2\libm.a(lib_a-sf_nan.o)
                0x0800eae4                nanf
 .text          0x0800eaec       0xb8 c:/users/ózê∂/mentorgraphics/sourcery_codebench_lite_for_arm_eabi/bin/../lib/gcc/arm-none-eabi/4.8.3/../../../../arm-none-eabi/lib/thumb2\libm.a(lib_a-sf_scalbn.o)
                0x0800eaec                scalbnf
 .text          0x0800eba4       0x14 c:/users/ózê∂/mentorgraphics/sourcery_codebench_lite_for_arm_eabi/bin/../lib/gcc/arm-none-eabi/4.8.3/../../../../arm-none-eabi/lib/thumb2\libm.a(lib_a-s_copysign.o)
                0x0800eba4                copysign
 .text          0x0800ebb8        0xc c:/users/ózê∂/mentorgraphics/sourcery_codebench_lite_for_arm_eabi/bin/../lib/gcc/arm-none-eabi/4.8.3/../../../../arm-none-eabi/lib/thumb2\libm.a(lib_a-sf_copysign.o)
                0x0800ebb8                copysignf
 .text          0x0800ebc4      0x370 c:/users/ózê∂/mentorgraphics/sourcery_codebench_lite_for_arm_eabi/bin/../lib/gcc/arm-none-eabi/4.8.3/thumb2\libgcc.a(_arm_addsubdf3.o)
                0x0800ebc4                __aeabi_drsub
                0x0800ebcc                __aeabi_dsub
                0x0800ebcc                __subdf3
                0x0800ebd0                __aeabi_dadd
                0x0800ebd0                __adddf3
                0x0800ee48                __floatunsidf
                0x0800ee48                __aeabi_ui2d
                0x0800ee68                __floatsidf
                0x0800ee68                __aeabi_i2d
                0x0800ee8c                __aeabi_f2d
                0x0800ee8c                __extendsfdf2
                0x0800eec8                __floatundidf
                0x0800eec8                __aeabi_ul2d
                0x0800eed8                __floatdidf
                0x0800eed8                __aeabi_l2d
 .text          0x0800ef34      0x424 c:/users/ózê∂/mentorgraphics/sourcery_codebench_lite_for_arm_eabi/bin/../lib/gcc/arm-none-eabi/4.8.3/thumb2\libgcc.a(_arm_muldivdf3.o)
                0x0800ef34                __aeabi_dmul
                0x0800ef34                __muldf3
                0x0800f188                __divdf3
                0x0800f188                __aeabi_ddiv
 .text          0x0800f358      0x110 c:/users/ózê∂/mentorgraphics/sourcery_codebench_lite_for_arm_eabi/bin/../lib/gcc/arm-none-eabi/4.8.3/thumb2\libgcc.a(_arm_cmpdf2.o)
                0x0800f358                __gtdf2
                0x0800f358                __gedf2
                0x0800f360                __ltdf2
                0x0800f360                __ledf2
                0x0800f368                __nedf2
                0x0800f368                __eqdf2
                0x0800f368                __cmpdf2
                0x0800f3e4                __aeabi_cdrcmple
                0x0800f3f4                __aeabi_cdcmpeq
                0x0800f3f4                __aeabi_cdcmple
                0x0800f404                __aeabi_dcmpeq
                0x0800f418                __aeabi_dcmplt
                0x0800f42c                __aeabi_dcmple
                0x0800f440                __aeabi_dcmpge
                0x0800f454                __aeabi_dcmpgt
 .text          0x0800f468       0x50 c:/users/ózê∂/mentorgraphics/sourcery_codebench_lite_for_arm_eabi/bin/../lib/gcc/arm-none-eabi/4.8.3/thumb2\libgcc.a(_arm_fixdfsi.o)
                0x0800f468                __aeabi_d2iz
                0x0800f468                __fixdfsi
 .text          0x0800f4b8       0x40 c:/users/ózê∂/mentorgraphics/sourcery_codebench_lite_for_arm_eabi/bin/../lib/gcc/arm-none-eabi/4.8.3/thumb2\libgcc.a(_arm_fixunsdfsi.o)
                0x0800f4b8                __aeabi_d2uiz
                0x0800f4b8                __fixunsdfsi
 .text          0x0800f4f8       0xa0 c:/users/ózê∂/mentorgraphics/sourcery_codebench_lite_for_arm_eabi/bin/../lib/gcc/arm-none-eabi/4.8.3/thumb2\libgcc.a(_arm_truncdfsf2.o)
                0x0800f4f8                __truncdfsf2
                0x0800f4f8                __aeabi_d2f
 .text          0x0800f598      0x21c c:/users/ózê∂/mentorgraphics/sourcery_codebench_lite_for_arm_eabi/bin/../lib/gcc/arm-none-eabi/4.8.3/thumb2\libgcc.a(_arm_addsubsf3.o)
                0x0800f598                __aeabi_frsub
                0x0800f5a0                __subsf3
                0x0800f5a0                __aeabi_fsub
                0x0800f5a4                __aeabi_fadd
                0x0800f5a4                __addsf3
                0x0800f704                __aeabi_ui2f
                0x0800f704                __floatunsisf
                0x0800f70c                __aeabi_i2f
                0x0800f70c                __floatsisf
                0x0800f728                __aeabi_ul2f
                0x0800f728                __floatundisf
                0x0800f738                __aeabi_l2f
                0x0800f738                __floatdisf
 .text          0x0800f7b4      0x2a0 c:/users/ózê∂/mentorgraphics/sourcery_codebench_lite_for_arm_eabi/bin/../lib/gcc/arm-none-eabi/4.8.3/thumb2\libgcc.a(_arm_muldivsf3.o)
                0x0800f7b4                __mulsf3
                0x0800f7b4                __aeabi_fmul
                0x0800f91c                __aeabi_fdiv
                0x0800f91c                __divsf3
 .text          0x0800fa54       0xec c:/users/ózê∂/mentorgraphics/sourcery_codebench_lite_for_arm_eabi/bin/../lib/gcc/arm-none-eabi/4.8.3/thumb2\libgcc.a(_arm_cmpsf2.o)
                0x0800fa54                __gesf2
                0x0800fa54                __gtsf2
                0x0800fa5c                __lesf2
                0x0800fa5c                __ltsf2
                0x0800fa64                __nesf2
                0x0800fa64                __eqsf2
                0x0800fa64                __cmpsf2
                0x0800fac4                __aeabi_cfrcmple
                0x0800facc                __aeabi_cfcmpeq
                0x0800facc                __aeabi_cfcmple
                0x0800fadc                __aeabi_fcmpeq
                0x0800faf0                __aeabi_fcmplt
                0x0800fb04                __aeabi_fcmple
                0x0800fb18                __aeabi_fcmpge
                0x0800fb2c                __aeabi_fcmpgt
 .text          0x0800fb40       0x4c c:/users/ózê∂/mentorgraphics/sourcery_codebench_lite_for_arm_eabi/bin/../lib/gcc/arm-none-eabi/4.8.3/thumb2\libgcc.a(_arm_fixsfsi.o)
                0x0800fb40                __aeabi_f2iz
                0x0800fb40                __fixsfsi
 .text          0x0800fb8c       0x40 c:/users/ózê∂/mentorgraphics/sourcery_codebench_lite_for_arm_eabi/bin/../lib/gcc/arm-none-eabi/4.8.3/thumb2\libgcc.a(_arm_fixunssfsi.o)
                0x0800fb8c                __fixunssfsi
                0x0800fb8c                __aeabi_f2uiz
 .text          0x0800fbcc        0xc c:/users/ózê∂/mentorgraphics/sourcery_codebench_lite_for_arm_eabi/bin/../lib/gcc/arm-none-eabi/4.8.3/../../../../arm-none-eabi/lib/thumb2\libc.a(lib_a-errno.o)
                0x0800fbcc                __errno
 *(.init)
 *(.fini)
 *crtbegin.o(.ctors)
 *crtbegin?.o(.ctors)
 *(EXCLUDE_FILE(*crtend.o *crtend?.o) .ctors)
 *(SORT(.ctors.*))
 *(.ctors)
 *crtbegin.o(.dtors)
 *crtbegin?.o(.dtors)
 *(EXCLUDE_FILE(*crtend.o *crtend?.o) .dtors)
 *(SORT(.dtors.*))
 *(.dtors)
 *(.rodata*)
 .rodata        0x0800fbd8        0xc ..\obj\main.o
 .rodata        0x0800fbe4       0x98 ..\obj\usbd_desc.o
 .rodata.str1.4
                0x0800fc7c        0x4 c:/users/ózê∂/mentorgraphics/sourcery_codebench_lite_for_arm_eabi/bin/../lib/gcc/arm-none-eabi/4.8.3/../../../../arm-none-eabi/lib/thumb2\libm.a(lib_a-w_pow.o)
 .rodata.str1.4
                0x0800fc80        0x5 c:/users/ózê∂/mentorgraphics/sourcery_codebench_lite_for_arm_eabi/bin/../lib/gcc/arm-none-eabi/4.8.3/../../../../arm-none-eabi/lib/thumb2\libm.a(lib_a-w_sqrt.o)
                                  0x8 (size before relaxing)
 *fill*         0x0800fc85        0x3 
 .rodata.str1.4
                0x0800fc88        0x5 c:/users/ózê∂/mentorgraphics/sourcery_codebench_lite_for_arm_eabi/bin/../lib/gcc/arm-none-eabi/4.8.3/../../../../arm-none-eabi/lib/thumb2\libm.a(lib_a-wf_pow.o)
                                  0x8 (size before relaxing)
 *fill*         0x0800fc8d        0x3 
 .rodata        0x0800fc90       0x30 c:/users/ózê∂/mentorgraphics/sourcery_codebench_lite_for_arm_eabi/bin/../lib/gcc/arm-none-eabi/4.8.3/../../../../arm-none-eabi/lib/thumb2\libm.a(lib_a-e_pow.o)
 .rodata.str1.4
                0x00000000        0x5 c:/users/ózê∂/mentorgraphics/sourcery_codebench_lite_for_arm_eabi/bin/../lib/gcc/arm-none-eabi/4.8.3/../../../../arm-none-eabi/lib/thumb2\libm.a(lib_a-e_pow.o)
                                  0x4 (size before relaxing)
 .rodata        0x0800fcc0      0x188 c:/users/ózê∂/mentorgraphics/sourcery_codebench_lite_for_arm_eabi/bin/../lib/gcc/arm-none-eabi/4.8.3/../../../../arm-none-eabi/lib/thumb2\libm.a(lib_a-e_rem_pio2.o)
 .rodata        0x0800fe48       0x18 c:/users/ózê∂/mentorgraphics/sourcery_codebench_lite_for_arm_eabi/bin/../lib/gcc/arm-none-eabi/4.8.3/../../../../arm-none-eabi/lib/thumb2\libm.a(lib_a-ef_pow.o)
 .rodata.str1.4
                0x00000000        0x4 c:/users/ózê∂/mentorgraphics/sourcery_codebench_lite_for_arm_eabi/bin/../lib/gcc/arm-none-eabi/4.8.3/../../../../arm-none-eabi/lib/thumb2\libm.a(lib_a-ef_pow.o)
 .rodata        0x0800fe60       0x50 c:/users/ózê∂/mentorgraphics/sourcery_codebench_lite_for_arm_eabi/bin/../lib/gcc/arm-none-eabi/4.8.3/../../../../arm-none-eabi/lib/thumb2\libm.a(lib_a-k_rem_pio2.o)
 .rodata        0x0800feb0       0x10 c:/users/ózê∂/mentorgraphics/sourcery_codebench_lite_for_arm_eabi/bin/../lib/gcc/arm-none-eabi/4.8.3/../../../../arm-none-eabi/lib/thumb2\libm.a(lib_a-s_rint.o)
 .rodata        0x0800fec0       0x20 c:/users/ózê∂/mentorgraphics/sourcery_codebench_lite_for_arm_eabi/bin/../lib/gcc/arm-none-eabi/4.8.3/../../../../arm-none-eabi/lib/thumb2\libm.a(lib_a-sf_atan.o)
 .rodata.str1.4
                0x0800fee0        0x4 c:/users/ózê∂/mentorgraphics/sourcery_codebench_lite_for_arm_eabi/bin/../lib/gcc/arm-none-eabi/4.8.3/../../../../arm-none-eabi/lib/thumb2\libc.a(lib_a-impure.o)
 *(.eh_fram e*)

.glue_7         0x0800fee4        0x0
 .glue_7        0x00000000        0x0 linker stubs

.glue_7t        0x0800fee4        0x0
 .glue_7t       0x00000000        0x0 linker stubs

.vfp11_veneer   0x0800fee4        0x0
 .vfp11_veneer  0x00000000        0x0 linker stubs

.v4_bx          0x0800fee4        0x0
 .v4_bx         0x00000000        0x0 linker stubs

.iplt           0x0800fee4        0x0
 .iplt          0x00000000        0x0 ..\obj\config_pwm.o

.rel.dyn        0x0800fee4        0x0
 .rel.iplt      0x00000000        0x0 ..\obj\config_pwm.o

.ARM.extab
 *(.ARM.extab* .gnu.linkonce.armextab.*)
                0x0800fee4                __exidx_start = .

.ARM.exidx
 *(.ARM.exidx* .gnu.linkonce.armexidx.*)
                0x0800fee4                __exidx_end = .
                0x0800fee4                __etext = .
                0x0800fee4                _sidata = __etext

.data           0x20000000      0x26c load address 0x0800fee4
                0x20000000                __data_start__ = .
                0x20000000                _sdata = __data_start__
 *(vtable)
 *(.data*)
 .data          0x20000000       0x30 ..\obj\chata.o
 .data          0x20000030       0x1c ..\obj\usbd_usr.o
                0x20000030                USR_cb
 .data          0x2000004c       0x30 ..\obj\usbd_core.o
                0x2000004c                USBD_DCD_INT_cb
                0x20000078                USBD_DCD_INT_fops
 .data          0x2000007c       0x10 ..\obj\stm32f4xx_rcc.o
 .data          0x2000008c       0x40 ..\obj\usbd_desc.o
                0x2000008c                USR_desc
                0x200000a8                USBD_DeviceDesc
                0x200000bc                USBD_DeviceQualifierDesc
                0x200000c8                USBD_LangIDDesc
 .data          0x200000cc       0x1c ..\obj\usbd_cdc_vcp.o
                0x200000cc                linecoding
                0x200000d4                VCP_fops
 .data          0x200000e8       0x14 ..\obj\system_stm32f4xx.o
                0x200000e8                SystemCoreClock
                0x200000ec                AHBPrescTable
 .data          0x200000fc       0x74 ..\obj\usbd_cdc_core.o
                0x200000fc                usbd_cdc_CfgDesc
                0x20000144                USBD_CDC_cb
 .data          0x20000170        0x4 ..\obj\receive.o
 .data          0x20000174        0x1 c:/users/ózê∂/mentorgraphics/sourcery_codebench_lite_for_arm_eabi/bin/../lib/gcc/arm-none-eabi/4.8.3/../../../../arm-none-eabi/lib/thumb2\libm.a(lib_a-s_lib_ver.o)
                0x20000174                __fdlib_version
 *fill*         0x20000175        0x3 
 .data          0x20000178       0xf4 c:/users/ózê∂/mentorgraphics/sourcery_codebench_lite_for_arm_eabi/bin/../lib/gcc/arm-none-eabi/4.8.3/../../../../arm-none-eabi/lib/thumb2\libc.a(lib_a-impure.o)
                0x20000178                _impure_ptr
                0x2000026c                . = ALIGN (0x4)
                0x2000026c                PROVIDE (__preinit_array_start, .)
 *(.preinit_array)
                0x2000026c                PROVIDE (__preinit_array_end, .)
                0x2000026c                . = ALIGN (0x4)
                0x2000026c                PROVIDE (__init_array_start, .)
 *(SORT(.init_array.*))
 *(.init_array)
                0x2000026c                PROVIDE (__init_array_end, .)
                0x2000026c                . = ALIGN (0x4)
                0x2000026c                PROVIDE (__fini_array_start, .)
 *(SORT(.fini_array.*))
 *(.fini_array)
                0x2000026c                PROVIDE (__fini_array_end, .)
 *(.jcr*)
                0x2000026c                . = ALIGN (0x4)
                0x2000026c                __data_end__ = .
                0x2000026c                _edata = __data_end__

.igot.plt       0x2000026c        0x0 load address 0x08010150
 .igot.plt      0x00000000        0x0 ..\obj\config_pwm.o

.bss            0x2000026c     0x11ac load address 0x08010150
                0x2000026c                . = ALIGN (0x4)
                0x2000026c                __bss_start__ = .
                0x2000026c                _sbss = __bss_start__
 *(.bss*)
 .bss           0x2000026c       0x30 ..\obj\chata.o
 .bss           0x2000029c       0x30 ..\obj\config_encoder.o
                0x2000029c                g_over_tim1
                0x200002a0                g_under_tim1
                0x200002a4                g_over_tim2
                0x200002a8                g_under_tim2
                0x200002ac                g_over_tim3
                0x200002b0                g_under_tim3
                0x200002b4                g_over_tim4
                0x200002b8                g_under_tim4
                0x200002bc                g_over_tim5
                0x200002c0                g_under_tim5
                0x200002c4                g_over_tim8
                0x200002c8                g_under_tim8
 .bss           0x200002cc        0xc ..\obj\robo_finction.o
 .bss           0x200002d8       0x10 ..\obj\config_adc.o
                0x200002d8                g_ADC1_value
 .bss           0x200002e8       0x10 ..\obj\config_systick.o
                0x200002e8                g_time
                0x200002ec                g_serial_time
                0x200002f0                g_debug_time
                0x200002f4                g_micro_time
 .bss           0x200002f8       0x10 ..\obj\usbd_req.o
                0x200002f8                USBD_ep_status
                0x200002fc                USBD_default_cfg
                0x20000300                USBD_cfg_status
 .bss           0x20000308       0xa0 ..\obj\robo_data.o
 .bss           0x200003a8       0x1c ..\obj\usbd_cdc_core.o
                0x200003ac                APP_Rx_ptr_in
                0x200003b0                APP_Rx_ptr_out
                0x200003b4                APP_Rx_length
                0x200003b8                USB_Tx_State
 .bss           0x200003c4      0x104 ..\obj\receive.o
                0x200003c4                g_atoz_value
                0x2000042c                g_AtoZ_value
 .bss           0x200004c8        0x8 ..\obj\name_converter.o
 *(COMMON)
 COMMON         0x200004d0      0x5f0 ..\obj\transmit.o
                0x200004d0                USB_OTG_dev
 COMMON         0x20000ac0       0x98 ..\obj\usbd_cdc_vcp.o
                0x20000ac0                APP_Tx_Buffer
                0x20000b40                APP_tx_ptr_tail
                0x20000b44                USART_InitStructure
                0x20000b54                APP_tx_ptr_head
 COMMON         0x20000b58       0x32 ..\obj\usbd_req.o
                0x20000b58                USBD_StrDesc
 *fill*         0x20000b8a        0x2 
 COMMON         0x20000b8c      0x88c ..\obj\usbd_cdc_core.o
                0x20000b8c                usbd_cdc_OtherCfgDesc
                0x20000bd0                USB_Rx_Buffer
                0x20000c10                CmdBuff
                0x20000c18                APP_Rx_Buffer
                0x20001418                . = ALIGN (0x4)
                0x20001418                __bss_end__ = .
                0x20001418                _ebss = __bss_end__

.heap           0x20001418        0x0
                0x20001418                __end__ = .
                0x20001418                _end = __end__
                0x20001418                end = __end__
 *(.heap*)
                0x20001418                __HeapLimit = .

.co_stack       0x20001418      0x800 load address 0x080112fc
                0x20001418                . = ALIGN (0x8)
 *(.co_stack .co_stack.*)
 .co_stack      0x20001418      0x800 ..\obj\startup_stm32f4xx.o
                0x20001418                pulStack
                0x20020000                __StackTop = (ORIGIN (ram) + 0x20000)
                0x2001f800                __StackLimit = (__StackTop - SIZEOF (.co_stack))
                0x20020000                PROVIDE (__stack, __StackTop)
                0x00000001                ASSERT ((__StackLimit >= __HeapLimit), region ram  overflowed with stack)
LOAD ..\obj\config_pwm.o
LOAD ..\obj\stm32f4xx_syscfg.o
LOAD ..\obj\usb_core.o
LOAD ..\obj\chata.o
LOAD ..\obj\transmit.o
LOAD ..\obj\config_port.o
LOAD ..\obj\stm32f4xx_sdio.o
LOAD ..\obj\usbd_usr.o
LOAD ..\obj\config_usb.o
LOAD ..\obj\config_encoder.o
LOAD ..\obj\stm32f4xx_usart.o
LOAD ..\obj\stm32f4xx_pwr.o
LOAD ..\obj\stm32f4xx_can.o
LOAD ..\obj\my_standard_io.o
LOAD ..\obj\startup_stm32f4xx.o
LOAD ..\obj\stm32f4xx_crc.o
LOAD ..\obj\usbd_core.o
LOAD ..\obj\main.o
LOAD ..\obj\stm32f4xx_rcc.o
LOAD ..\obj\robo_finction.o
LOAD ..\obj\stm32f4xx_adc.o
LOAD ..\obj\config_adc.o
LOAD ..\obj\motor.o
LOAD ..\obj\usbd_desc.o
LOAD ..\obj\stm32f4xx_fsmc.o
LOAD ..\obj\config_systick.o
LOAD ..\obj\stm32f4xx_gpio.o
LOAD ..\obj\stm32f4xx_flash.o
LOAD ..\obj\usbd_cdc_vcp.o
LOAD ..\obj\system_stm32f4xx.o
LOAD ..\obj\syscalls.o
LOAD ..\obj\stm32f4xx_dma.o
LOAD ..\obj\usb_bsp.o
LOAD ..\obj\cam_cal.o
LOAD ..\obj\usbd_req.o
LOAD ..\obj\usb_dcd_int.o
LOAD ..\obj\debug.o
LOAD ..\obj\robo_data.o
LOAD ..\obj\usbd_cdc_core.o
LOAD ..\obj\receive.o
LOAD ..\obj\stm32f4xx_spi.o
LOAD ..\obj\stm32f4xx_i2c.o
LOAD ..\obj\stm32f4xx_exti.o
LOAD ..\obj\name_converter.o
LOAD ..\obj\misc.o
LOAD ..\obj\usb_dcd.o
LOAD ..\obj\init_micro_interrupt.o
LOAD ..\obj\usbd_ioreq.o
LOAD ..\obj\config_usart.o
LOAD ..\obj\stm32f4xx_tim.o
LOAD c:/users/ózê∂/mentorgraphics/sourcery_codebench_lite_for_arm_eabi/bin/../lib/gcc/arm-none-eabi/4.8.3/../../../../arm-none-eabi/lib/thumb2\libm.a
LOAD c:/users/ózê∂/mentorgraphics/sourcery_codebench_lite_for_arm_eabi/bin/../lib/gcc/arm-none-eabi/4.8.3/thumb2\libgcc.a
LOAD c:/users/ózê∂/mentorgraphics/sourcery_codebench_lite_for_arm_eabi/bin/../lib/gcc/arm-none-eabi/4.8.3/../../../../arm-none-eabi/lib/thumb2\libc.a
START GROUP
LOAD c:/users/ózê∂/mentorgraphics/sourcery_codebench_lite_for_arm_eabi/bin/../lib/gcc/arm-none-eabi/4.8.3/thumb2\libgcc.a
LOAD c:/users/ózê∂/mentorgraphics/sourcery_codebench_lite_for_arm_eabi/bin/../lib/gcc/arm-none-eabi/4.8.3/../../../../arm-none-eabi/lib/thumb2\libc.a
END GROUP
OUTPUT(3axes.elf elf32-littlearm)

.debug_info     0x00000000    0x185b3
 .debug_info    0x00000000      0x859 ..\obj\config_pwm.o
 .debug_info    0x00000859     0x24ef ..\obj\usb_core.o
 .debug_info    0x00002d48       0xd5 ..\obj\chata.o
 .debug_info    0x00002e1d      0xc38 ..\obj\transmit.o
 .debug_info    0x00003a55      0x2cc ..\obj\config_port.o
 .debug_info    0x00003d21      0x1b5 ..\obj\usbd_usr.o
 .debug_info    0x00003ed6      0xcf3 ..\obj\config_usb.o
 .debug_info    0x00004bc9      0x6a7 ..\obj\config_encoder.o
 .debug_info    0x00005270      0x996 ..\obj\stm32f4xx_usart.o
 .debug_info    0x00005c06      0x3e1 ..\obj\my_standard_io.o
 .debug_info    0x00005fe7       0xed ..\obj\startup_stm32f4xx.o
 .debug_info    0x000060d4      0xe69 ..\obj\usbd_core.o
 .debug_info    0x00006f3d     0x11fd ..\obj\main.o
 .debug_info    0x0000813a      0xc21 ..\obj\stm32f4xx_rcc.o
 .debug_info    0x00008d5b      0x4b5 ..\obj\robo_finction.o
 .debug_info    0x00009210      0xc0c ..\obj\stm32f4xx_adc.o
 .debug_info    0x00009e1c      0x671 ..\obj\config_adc.o
 .debug_info    0x0000a48d      0x43d ..\obj\motor.o
 .debug_info    0x0000a8ca      0x342 ..\obj\usbd_desc.o
 .debug_info    0x0000ac0c      0x9ea ..\obj\config_systick.o
 .debug_info    0x0000b5f6      0x5d6 ..\obj\stm32f4xx_gpio.o
 .debug_info    0x0000bbcc      0x482 ..\obj\usbd_cdc_vcp.o
 .debug_info    0x0000c04e      0x566 ..\obj\system_stm32f4xx.o
 .debug_info    0x0000c5b4      0x718 ..\obj\stm32f4xx_dma.o
 .debug_info    0x0000cccc      0xfd8 ..\obj\usb_bsp.o
 .debug_info    0x0000dca4      0xd66 ..\obj\cam_cal.o
 .debug_info    0x0000ea0a      0xf6f ..\obj\usbd_req.o
 .debug_info    0x0000f979     0x1d41 ..\obj\usb_dcd_int.o
 .debug_info    0x000116ba      0xe45 ..\obj\robo_data.o
 .debug_info    0x000124ff      0xec6 ..\obj\usbd_cdc_core.o
 .debug_info    0x000133c5      0x430 ..\obj\receive.o
 .debug_info    0x000137f5      0x331 ..\obj\stm32f4xx_exti.o
 .debug_info    0x00013b26      0x89d ..\obj\name_converter.o
 .debug_info    0x000143c3      0x51c ..\obj\misc.o
 .debug_info    0x000148df      0xff3 ..\obj\usb_dcd.o
 .debug_info    0x000158d2      0xc8b ..\obj\usbd_ioreq.o
 .debug_info    0x0001655d      0x421 ..\obj\config_usart.o
 .debug_info    0x0001697e     0x1c35 ..\obj\stm32f4xx_tim.o

.debug_abbrev   0x00000000     0x3c1a
 .debug_abbrev  0x00000000      0x160 ..\obj\config_pwm.o
 .debug_abbrev  0x00000160      0x2e7 ..\obj\usb_core.o
 .debug_abbrev  0x00000447       0x9d ..\obj\chata.o
 .debug_abbrev  0x000004e4      0x1a9 ..\obj\transmit.o
 .debug_abbrev  0x0000068d      0x126 ..\obj\config_port.o
 .debug_abbrev  0x000007b3       0xdd ..\obj\usbd_usr.o
 .debug_abbrev  0x00000890      0x204 ..\obj\config_usb.o
 .debug_abbrev  0x00000a94      0x189 ..\obj\config_encoder.o
 .debug_abbrev  0x00000c1d      0x155 ..\obj\stm32f4xx_usart.o
 .debug_abbrev  0x00000d72       0xef ..\obj\my_standard_io.o
 .debug_abbrev  0x00000e61       0xb0 ..\obj\startup_stm32f4xx.o
 .debug_abbrev  0x00000f11      0x21d ..\obj\usbd_core.o
 .debug_abbrev  0x0000112e      0x1b8 ..\obj\main.o
 .debug_abbrev  0x000012e6      0x1e3 ..\obj\stm32f4xx_rcc.o
 .debug_abbrev  0x000014c9      0x155 ..\obj\robo_finction.o
 .debug_abbrev  0x0000161e      0x196 ..\obj\stm32f4xx_adc.o
 .debug_abbrev  0x000017b4      0x162 ..\obj\config_adc.o
 .debug_abbrev  0x00001916       0xd8 ..\obj\motor.o
 .debug_abbrev  0x000019ee      0x12c ..\obj\usbd_desc.o
 .debug_abbrev  0x00001b1a      0x22c ..\obj\config_systick.o
 .debug_abbrev  0x00001d46      0x1a3 ..\obj\stm32f4xx_gpio.o
 .debug_abbrev  0x00001ee9      0x189 ..\obj\usbd_cdc_vcp.o
 .debug_abbrev  0x00002072      0x136 ..\obj\system_stm32f4xx.o
 .debug_abbrev  0x000021a8      0x155 ..\obj\stm32f4xx_dma.o
 .debug_abbrev  0x000022fd      0x22b ..\obj\usb_bsp.o
 .debug_abbrev  0x00002528      0x188 ..\obj\cam_cal.o
 .debug_abbrev  0x000026b0      0x293 ..\obj\usbd_req.o
 .debug_abbrev  0x00002943      0x25b ..\obj\usb_dcd_int.o
 .debug_abbrev  0x00002b9e      0x1b5 ..\obj\robo_data.o
 .debug_abbrev  0x00002d53      0x215 ..\obj\usbd_cdc_core.o
 .debug_abbrev  0x00002f68      0x165 ..\obj\receive.o
 .debug_abbrev  0x000030cd      0x1a5 ..\obj\stm32f4xx_exti.o
 .debug_abbrev  0x00003272      0x18d ..\obj\name_converter.o
 .debug_abbrev  0x000033ff      0x145 ..\obj\misc.o
 .debug_abbrev  0x00003544      0x259 ..\obj\usb_dcd.o
 .debug_abbrev  0x0000379d      0x1af ..\obj\usbd_ioreq.o
 .debug_abbrev  0x0000394c      0x147 ..\obj\config_usart.o
 .debug_abbrev  0x00003a93      0x187 ..\obj\stm32f4xx_tim.o

.debug_aranges  0x00000000     0x1388
 .debug_aranges
                0x00000000       0x28 ..\obj\config_pwm.o
 .debug_aranges
                0x00000028      0x138 ..\obj\usb_core.o
 .debug_aranges
                0x00000160       0x28 ..\obj\chata.o
 .debug_aranges
                0x00000188       0x38 ..\obj\transmit.o
 .debug_aranges
                0x000001c0       0x20 ..\obj\config_port.o
 .debug_aranges
                0x000001e0       0x50 ..\obj\usbd_usr.o
 .debug_aranges
                0x00000230       0x90 ..\obj\config_usb.o
 .debug_aranges
                0x000002c0       0x78 ..\obj\config_encoder.o
 .debug_aranges
                0x00000338      0x100 ..\obj\stm32f4xx_usart.o
 .debug_aranges
                0x00000438       0x78 ..\obj\my_standard_io.o
 .debug_aranges
                0x000004b0       0x28 ..\obj\startup_stm32f4xx.o
 .debug_aranges
                0x000004d8       0x80 ..\obj\usbd_core.o
 .debug_aranges
                0x00000558       0x30 ..\obj\main.o
 .debug_aranges
                0x00000588      0x178 ..\obj\stm32f4xx_rcc.o
 .debug_aranges
                0x00000700       0x48 ..\obj\robo_finction.o
 .debug_aranges
                0x00000748      0x148 ..\obj\stm32f4xx_adc.o
 .debug_aranges
                0x00000890       0x30 ..\obj\config_adc.o
 .debug_aranges
                0x000008c0       0x48 ..\obj\motor.o
 .debug_aranges
                0x00000908       0x50 ..\obj\usbd_desc.o
 .debug_aranges
                0x00000958       0x58 ..\obj\config_systick.o
 .debug_aranges
                0x000009b0       0x88 ..\obj\stm32f4xx_gpio.o
 .debug_aranges
                0x00000a38       0x70 ..\obj\usbd_cdc_vcp.o
 .debug_aranges
                0x00000aa8       0x30 ..\obj\system_stm32f4xx.o
 .debug_aranges
                0x00000ad8       0xb0 ..\obj\stm32f4xx_dma.o
 .debug_aranges
                0x00000b88       0x48 ..\obj\usb_bsp.o
 .debug_aranges
                0x00000bd0       0x20 ..\obj\cam_cal.o
 .debug_aranges
                0x00000bf0       0x88 ..\obj\usbd_req.o
 .debug_aranges
                0x00000c78       0x80 ..\obj\usb_dcd_int.o
 .debug_aranges
                0x00000cf8       0xd0 ..\obj\robo_data.o
 .debug_aranges
                0x00000dc8       0x60 ..\obj\usbd_cdc_core.o
 .debug_aranges
                0x00000e28       0x60 ..\obj\receive.o
 .debug_aranges
                0x00000e88       0x58 ..\obj\stm32f4xx_exti.o
 .debug_aranges
                0x00000ee0       0x68 ..\obj\name_converter.o
 .debug_aranges
                0x00000f48       0x40 ..\obj\misc.o
 .debug_aranges
                0x00000f88       0x80 ..\obj\usb_dcd.o
 .debug_aranges
                0x00001008       0x50 ..\obj\usbd_ioreq.o
 .debug_aranges
                0x00001058       0x38 ..\obj\config_usart.o
 .debug_aranges
                0x00001090      0x2f8 ..\obj\stm32f4xx_tim.o

.debug_ranges   0x00000000     0x1128
 .debug_ranges  0x00000000       0x18 ..\obj\config_pwm.o
 .debug_ranges  0x00000018      0x128 ..\obj\usb_core.o
 .debug_ranges  0x00000140       0x18 ..\obj\chata.o
 .debug_ranges  0x00000158       0x28 ..\obj\transmit.o
 .debug_ranges  0x00000180       0x10 ..\obj\config_port.o
 .debug_ranges  0x00000190       0x40 ..\obj\usbd_usr.o
 .debug_ranges  0x000001d0       0x80 ..\obj\config_usb.o
 .debug_ranges  0x00000250       0x68 ..\obj\config_encoder.o
 .debug_ranges  0x000002b8       0xf0 ..\obj\stm32f4xx_usart.o
 .debug_ranges  0x000003a8       0x68 ..\obj\my_standard_io.o
 .debug_ranges  0x00000410       0x18 ..\obj\startup_stm32f4xx.o
 .debug_ranges  0x00000428       0x70 ..\obj\usbd_core.o
 .debug_ranges  0x00000498       0x20 ..\obj\main.o
 .debug_ranges  0x000004b8      0x168 ..\obj\stm32f4xx_rcc.o
 .debug_ranges  0x00000620       0x38 ..\obj\robo_finction.o
 .debug_ranges  0x00000658      0x138 ..\obj\stm32f4xx_adc.o
 .debug_ranges  0x00000790       0x20 ..\obj\config_adc.o
 .debug_ranges  0x000007b0       0x38 ..\obj\motor.o
 .debug_ranges  0x000007e8       0x40 ..\obj\usbd_desc.o
 .debug_ranges  0x00000828       0x48 ..\obj\config_systick.o
 .debug_ranges  0x00000870       0x78 ..\obj\stm32f4xx_gpio.o
 .debug_ranges  0x000008e8       0x60 ..\obj\usbd_cdc_vcp.o
 .debug_ranges  0x00000948       0x20 ..\obj\system_stm32f4xx.o
 .debug_ranges  0x00000968       0xa0 ..\obj\stm32f4xx_dma.o
 .debug_ranges  0x00000a08       0x38 ..\obj\usb_bsp.o
 .debug_ranges  0x00000a40       0x10 ..\obj\cam_cal.o
 .debug_ranges  0x00000a50       0x78 ..\obj\usbd_req.o
 .debug_ranges  0x00000ac8       0x70 ..\obj\usb_dcd_int.o
 .debug_ranges  0x00000b38       0xc0 ..\obj\robo_data.o
 .debug_ranges  0x00000bf8       0x50 ..\obj\usbd_cdc_core.o
 .debug_ranges  0x00000c48       0x50 ..\obj\receive.o
 .debug_ranges  0x00000c98       0x48 ..\obj\stm32f4xx_exti.o
 .debug_ranges  0x00000ce0       0x58 ..\obj\name_converter.o
 .debug_ranges  0x00000d38       0x30 ..\obj\misc.o
 .debug_ranges  0x00000d68       0x70 ..\obj\usb_dcd.o
 .debug_ranges  0x00000dd8       0x40 ..\obj\usbd_ioreq.o
 .debug_ranges  0x00000e18       0x28 ..\obj\config_usart.o
 .debug_ranges  0x00000e40      0x2e8 ..\obj\stm32f4xx_tim.o

.debug_line     0x00000000     0x7193
 .debug_line    0x00000000      0x267 ..\obj\config_pwm.o
 .debug_line    0x00000267      0x67a ..\obj\usb_core.o
 .debug_line    0x000008e1       0xb0 ..\obj\chata.o
 .debug_line    0x00000991      0x253 ..\obj\transmit.o
 .debug_line    0x00000be4      0x1b6 ..\obj\config_port.o
 .debug_line    0x00000d9a      0x1d7 ..\obj\usbd_usr.o
 .debug_line    0x00000f71      0x3dc ..\obj\config_usb.o
 .debug_line    0x0000134d      0x2e3 ..\obj\config_encoder.o
 .debug_line    0x00001630      0x448 ..\obj\stm32f4xx_usart.o
 .debug_line    0x00001a78      0x1d2 ..\obj\my_standard_io.o
 .debug_line    0x00001c4a       0x9f ..\obj\startup_stm32f4xx.o
 .debug_line    0x00001ce9      0x301 ..\obj\usbd_core.o
 .debug_line    0x00001fea      0x39c ..\obj\main.o
 .debug_line    0x00002386      0x541 ..\obj\stm32f4xx_rcc.o
 .debug_line    0x000028c7      0x1eb ..\obj\robo_finction.o
 .debug_line    0x00002ab2      0x4f7 ..\obj\stm32f4xx_adc.o
 .debug_line    0x00002fa9      0x270 ..\obj\config_adc.o
 .debug_line    0x00003219      0x1de ..\obj\motor.o
 .debug_line    0x000033f7      0x1fb ..\obj\usbd_desc.o
 .debug_line    0x000035f2      0x268 ..\obj\config_systick.o
 .debug_line    0x0000385a      0x2e4 ..\obj\stm32f4xx_gpio.o
 .debug_line    0x00003b3e      0x2ff ..\obj\usbd_cdc_vcp.o
 .debug_line    0x00003e3d      0x192 ..\obj\system_stm32f4xx.o
 .debug_line    0x00003fcf      0x381 ..\obj\stm32f4xx_dma.o
 .debug_line    0x00004350      0x28f ..\obj\usb_bsp.o
 .debug_line    0x000045df      0x245 ..\obj\cam_cal.o
 .debug_line    0x00004824      0x3b1 ..\obj\usbd_req.o
 .debug_line    0x00004bd5      0x35d ..\obj\usb_dcd_int.o
 .debug_line    0x00004f32      0x48f ..\obj\robo_data.o
 .debug_line    0x000053c1      0x2d8 ..\obj\usbd_cdc_core.o
 .debug_line    0x00005699      0x237 ..\obj\receive.o
 .debug_line    0x000058d0      0x24a ..\obj\stm32f4xx_exti.o
 .debug_line    0x00005b1a      0x389 ..\obj\name_converter.o
 .debug_line    0x00005ea3      0x1ea ..\obj\misc.o
 .debug_line    0x0000608d      0x2e5 ..\obj\usb_dcd.o
 .debug_line    0x00006372      0x215 ..\obj\usbd_ioreq.o
 .debug_line    0x00006587      0x202 ..\obj\config_usart.o
 .debug_line    0x00006789      0xa0a ..\obj\stm32f4xx_tim.o

.debug_str      0x00000000     0x60e0
 .debug_str     0x00000000      0x61d ..\obj\config_pwm.o
                                0x675 (size before relaxing)
 .debug_str     0x0000061d     0x122a ..\obj\usb_core.o
                               0x164b (size before relaxing)
 .debug_str     0x00001847       0x5c ..\obj\chata.o
                                 0xcd (size before relaxing)
 .debug_str     0x000018a3       0x98 ..\obj\transmit.o
                                0x951 (size before relaxing)
 .debug_str     0x0000193b      0x130 ..\obj\config_port.o
                                0x312 (size before relaxing)
 .debug_str     0x00001a6b       0xf6 ..\obj\usbd_usr.o
                                0x281 (size before relaxing)
 .debug_str     0x00001b61      0x14b ..\obj\config_usb.o
                                0xa55 (size before relaxing)
 .debug_str     0x00001cac      0x1ac ..\obj\config_encoder.o
                                0x537 (size before relaxing)
 .debug_str     0x00001e58      0x44c ..\obj\stm32f4xx_usart.o
                                0x63c (size before relaxing)
 .debug_str     0x000022a4       0xdd ..\obj\my_standard_io.o
                                0x20b (size before relaxing)
 .debug_str     0x00002381       0xae ..\obj\startup_stm32f4xx.o
                                0x11e (size before relaxing)
 .debug_str     0x0000242f      0x19f ..\obj\usbd_core.o
                                0xa91 (size before relaxing)
 .debug_str     0x000025ce      0x1a6 ..\obj\main.o
                                0xc33 (size before relaxing)
 .debug_str     0x00002774      0x525 ..\obj\stm32f4xx_rcc.o
                                0x7fd (size before relaxing)
 .debug_str     0x00002c99       0xa9 ..\obj\robo_finction.o
                                0x324 (size before relaxing)
 .debug_str     0x00002d42      0x638 ..\obj\stm32f4xx_adc.o
                                0x7b1 (size before relaxing)
 .debug_str     0x0000337a      0x1da ..\obj\config_adc.o
                                0x566 (size before relaxing)
 .debug_str     0x00003554       0x9b ..\obj\motor.o
                                0x2db (size before relaxing)
 .debug_str     0x000035ef      0x166 ..\obj\usbd_desc.o
                                0x34f (size before relaxing)
 .debug_str     0x00003755      0x690 ..\obj\config_systick.o
                                0x962 (size before relaxing)
 .debug_str     0x00003de5      0x19b ..\obj\stm32f4xx_gpio.o
                                0x450 (size before relaxing)
 .debug_str     0x00003f80      0x1d6 ..\obj\usbd_cdc_vcp.o
                                0x376 (size before relaxing)
 .debug_str     0x00004156       0xb2 ..\obj\system_stm32f4xx.o
                                0x357 (size before relaxing)
 .debug_str     0x00004208      0x25f ..\obj\stm32f4xx_dma.o
                                0x4f9 (size before relaxing)
 .debug_str     0x00004467      0x160 ..\obj\usb_bsp.o
                               0x1092 (size before relaxing)
 .debug_str     0x000045c7       0x39 ..\obj\cam_cal.o
                                0x9fa (size before relaxing)
 .debug_str     0x00004600      0x185 ..\obj\usbd_req.o
                                0xabc (size before relaxing)
 .debug_str     0x00004785      0x29a ..\obj\usb_dcd_int.o
                               0x1249 (size before relaxing)
 .debug_str     0x00004a1f      0x3dc ..\obj\robo_data.o
                                0x7d2 (size before relaxing)
 .debug_str     0x00004dfb      0x1a2 ..\obj\usbd_cdc_core.o
                                0xad9 (size before relaxing)
 .debug_str     0x00004f9d      0x13d ..\obj\receive.o
                                0x2cf (size before relaxing)
 .debug_str     0x000050da      0x1cb ..\obj\stm32f4xx_exti.o
                                0x31b (size before relaxing)
 .debug_str     0x000052a5      0x10c ..\obj\name_converter.o
                                0x91c (size before relaxing)
 .debug_str     0x000053b1      0x10a ..\obj\misc.o
                                0x386 (size before relaxing)
 .debug_str     0x000054bb      0x120 ..\obj\usb_dcd.o
                                0xaeb (size before relaxing)
 .debug_str     0x000055db       0xdb ..\obj\usbd_ioreq.o
                                0x97b (size before relaxing)
 .debug_str     0x000056b6       0xae ..\obj\config_usart.o
                                0x41e (size before relaxing)
 .debug_str     0x00005764      0x97c ..\obj\stm32f4xx_tim.o
                                0xd7d (size before relaxing)

.comment        0x00000000       0x46
 .comment       0x00000000       0x46 ..\obj\config_pwm.o
                                 0x47 (size before relaxing)
 .comment       0x00000000       0x47 ..\obj\usb_core.o
 .comment       0x00000000       0x47 ..\obj\chata.o
 .comment       0x00000000       0x47 ..\obj\transmit.o
 .comment       0x00000000       0x47 ..\obj\config_port.o
 .comment       0x00000000       0x47 ..\obj\usbd_usr.o
 .comment       0x00000000       0x47 ..\obj\config_usb.o
 .comment       0x00000000       0x47 ..\obj\config_encoder.o
 .comment       0x00000000       0x47 ..\obj\stm32f4xx_usart.o
 .comment       0x00000000       0x47 ..\obj\my_standard_io.o
 .comment       0x00000000       0x47 ..\obj\startup_stm32f4xx.o
 .comment       0x00000000       0x47 ..\obj\usbd_core.o
 .comment       0x00000000       0x47 ..\obj\main.o
 .comment       0x00000000       0x47 ..\obj\stm32f4xx_rcc.o
 .comment       0x00000000       0x47 ..\obj\robo_finction.o
 .comment       0x00000000       0x47 ..\obj\stm32f4xx_adc.o
 .comment       0x00000000       0x47 ..\obj\config_adc.o
 .comment       0x00000000       0x47 ..\obj\motor.o
 .comment       0x00000000       0x47 ..\obj\usbd_desc.o
 .comment       0x00000000       0x47 ..\obj\config_systick.o
 .comment       0x00000000       0x47 ..\obj\stm32f4xx_gpio.o
 .comment       0x00000000       0x47 ..\obj\usbd_cdc_vcp.o
 .comment       0x00000000       0x47 ..\obj\system_stm32f4xx.o
 .comment       0x00000000       0x47 ..\obj\stm32f4xx_dma.o
 .comment       0x00000000       0x47 ..\obj\usb_bsp.o
 .comment       0x00000000       0x47 ..\obj\cam_cal.o
 .comment       0x00000000       0x47 ..\obj\usbd_req.o
 .comment       0x00000000       0x47 ..\obj\usb_dcd_int.o
 .comment       0x00000000       0x47 ..\obj\robo_data.o
 .comment       0x00000000       0x47 ..\obj\usbd_cdc_core.o
 .comment       0x00000000       0x47 ..\obj\receive.o
 .comment       0x00000000       0x47 ..\obj\stm32f4xx_exti.o
 .comment       0x00000000       0x47 ..\obj\name_converter.o
 .comment       0x00000000       0x47 ..\obj\misc.o
 .comment       0x00000000       0x47 ..\obj\usb_dcd.o
 .comment       0x00000000       0x47 ..\obj\usbd_ioreq.o
 .comment       0x00000000       0x47 ..\obj\config_usart.o
 .comment       0x00000000       0x47 ..\obj\stm32f4xx_tim.o

.ARM.attributes
                0x00000000       0x31
 .ARM.attributes
                0x00000000       0x33 ..\obj\config_pwm.o
 .ARM.attributes
                0x00000033       0x33 ..\obj\usb_core.o
 .ARM.attributes
                0x00000066       0x33 ..\obj\chata.o
 .ARM.attributes
                0x00000099       0x33 ..\obj\transmit.o
 .ARM.attributes
                0x000000cc       0x33 ..\obj\config_port.o
 .ARM.attributes
                0x000000ff       0x33 ..\obj\usbd_usr.o
 .ARM.attributes
                0x00000132       0x33 ..\obj\config_usb.o
 .ARM.attributes
                0x00000165       0x33 ..\obj\config_encoder.o
 .ARM.attributes
                0x00000198       0x33 ..\obj\stm32f4xx_usart.o
 .ARM.attributes
                0x000001cb       0x33 ..\obj\my_standard_io.o
 .ARM.attributes
                0x000001fe       0x33 ..\obj\startup_stm32f4xx.o
 .ARM.attributes
                0x00000231       0x33 ..\obj\usbd_core.o
 .ARM.attributes
                0x00000264       0x33 ..\obj\main.o
 .ARM.attributes
                0x00000297       0x33 ..\obj\stm32f4xx_rcc.o
 .ARM.attributes
                0x000002ca       0x33 ..\obj\robo_finction.o
 .ARM.attributes
                0x000002fd       0x33 ..\obj\stm32f4xx_adc.o
 .ARM.attributes
                0x00000330       0x33 ..\obj\config_adc.o
 .ARM.attributes
                0x00000363       0x33 ..\obj\motor.o
 .ARM.attributes
                0x00000396       0x33 ..\obj\usbd_desc.o
 .ARM.attributes
                0x000003c9       0x33 ..\obj\config_systick.o
 .ARM.attributes
                0x000003fc       0x33 ..\obj\stm32f4xx_gpio.o
 .ARM.attributes
                0x0000042f       0x33 ..\obj\usbd_cdc_vcp.o
 .ARM.attributes
                0x00000462       0x33 ..\obj\system_stm32f4xx.o
 .ARM.attributes
                0x00000495       0x33 ..\obj\stm32f4xx_dma.o
 .ARM.attributes
                0x000004c8       0x33 ..\obj\usb_bsp.o
 .ARM.attributes
                0x000004fb       0x33 ..\obj\cam_cal.o
 .ARM.attributes
                0x0000052e       0x33 ..\obj\usbd_req.o
 .ARM.attributes
                0x00000561       0x33 ..\obj\usb_dcd_int.o
 .ARM.attributes
                0x00000594       0x33 ..\obj\robo_data.o
 .ARM.attributes
                0x000005c7       0x33 ..\obj\usbd_cdc_core.o
 .ARM.attributes
                0x000005fa       0x33 ..\obj\receive.o
 .ARM.attributes
                0x0000062d       0x33 ..\obj\stm32f4xx_exti.o
 .ARM.attributes
                0x00000660       0x33 ..\obj\name_converter.o
 .ARM.attributes
                0x00000693       0x33 ..\obj\misc.o
 .ARM.attributes
                0x000006c6       0x33 ..\obj\usb_dcd.o
 .ARM.attributes
                0x000006f9       0x33 ..\obj\usbd_ioreq.o
 .ARM.attributes
                0x0000072c       0x33 ..\obj\config_usart.o
 .ARM.attributes
                0x0000075f       0x33 ..\obj\stm32f4xx_tim.o
 .ARM.attributes
                0x00000792       0x29 c:/users/ózê∂/mentorgraphics/sourcery_codebench_lite_for_arm_eabi/bin/../lib/gcc/arm-none-eabi/4.8.3/../../../../arm-none-eabi/lib/thumb2\libm.a(lib_a-s_cos.o)
 .ARM.attributes
                0x000007bb       0x29 c:/users/ózê∂/mentorgraphics/sourcery_codebench_lite_for_arm_eabi/bin/../lib/gcc/arm-none-eabi/4.8.3/../../../../arm-none-eabi/lib/thumb2\libm.a(lib_a-s_sin.o)
 .ARM.attributes
                0x000007e4       0x29 c:/users/ózê∂/mentorgraphics/sourcery_codebench_lite_for_arm_eabi/bin/../lib/gcc/arm-none-eabi/4.8.3/../../../../arm-none-eabi/lib/thumb2\libm.a(lib_a-s_tan.o)
 .ARM.attributes
                0x0000080d       0x29 c:/users/ózê∂/mentorgraphics/sourcery_codebench_lite_for_arm_eabi/bin/../lib/gcc/arm-none-eabi/4.8.3/../../../../arm-none-eabi/lib/thumb2\libm.a(lib_a-sf_modf.o)
 .ARM.attributes
                0x00000836       0x29 c:/users/ózê∂/mentorgraphics/sourcery_codebench_lite_for_arm_eabi/bin/../lib/gcc/arm-none-eabi/4.8.3/../../../../arm-none-eabi/lib/thumb2\libm.a(lib_a-sf_round.o)
 .ARM.attributes
                0x0000085f       0x29 c:/users/ózê∂/mentorgraphics/sourcery_codebench_lite_for_arm_eabi/bin/../lib/gcc/arm-none-eabi/4.8.3/../../../../arm-none-eabi/lib/thumb2\libm.a(lib_a-w_pow.o)
 .ARM.attributes
                0x00000888       0x29 c:/users/ózê∂/mentorgraphics/sourcery_codebench_lite_for_arm_eabi/bin/../lib/gcc/arm-none-eabi/4.8.3/../../../../arm-none-eabi/lib/thumb2\libm.a(lib_a-w_sqrt.o)
 .ARM.attributes
                0x000008b1       0x29 c:/users/ózê∂/mentorgraphics/sourcery_codebench_lite_for_arm_eabi/bin/../lib/gcc/arm-none-eabi/4.8.3/../../../../arm-none-eabi/lib/thumb2\libm.a(lib_a-wf_atan2.o)
 .ARM.attributes
                0x000008da       0x29 c:/users/ózê∂/mentorgraphics/sourcery_codebench_lite_for_arm_eabi/bin/../lib/gcc/arm-none-eabi/4.8.3/../../../../arm-none-eabi/lib/thumb2\libm.a(lib_a-wf_pow.o)
 .ARM.attributes
                0x00000903       0x29 c:/users/ózê∂/mentorgraphics/sourcery_codebench_lite_for_arm_eabi/bin/../lib/gcc/arm-none-eabi/4.8.3/../../../../arm-none-eabi/lib/thumb2\libm.a(lib_a-e_pow.o)
 .ARM.attributes
                0x0000092c       0x29 c:/users/ózê∂/mentorgraphics/sourcery_codebench_lite_for_arm_eabi/bin/../lib/gcc/arm-none-eabi/4.8.3/../../../../arm-none-eabi/lib/thumb2\libm.a(lib_a-e_rem_pio2.o)
 .ARM.attributes
                0x00000955       0x29 c:/users/ózê∂/mentorgraphics/sourcery_codebench_lite_for_arm_eabi/bin/../lib/gcc/arm-none-eabi/4.8.3/../../../../arm-none-eabi/lib/thumb2\libm.a(lib_a-e_sqrt.o)
 .ARM.attributes
                0x0000097e       0x29 c:/users/ózê∂/mentorgraphics/sourcery_codebench_lite_for_arm_eabi/bin/../lib/gcc/arm-none-eabi/4.8.3/../../../../arm-none-eabi/lib/thumb2\libm.a(lib_a-ef_atan2.o)
 .ARM.attributes
                0x000009a7       0x29 c:/users/ózê∂/mentorgraphics/sourcery_codebench_lite_for_arm_eabi/bin/../lib/gcc/arm-none-eabi/4.8.3/../../../../arm-none-eabi/lib/thumb2\libm.a(lib_a-ef_pow.o)
 .ARM.attributes
                0x000009d0       0x29 c:/users/ózê∂/mentorgraphics/sourcery_codebench_lite_for_arm_eabi/bin/../lib/gcc/arm-none-eabi/4.8.3/../../../../arm-none-eabi/lib/thumb2\libm.a(lib_a-ef_sqrt.o)
 .ARM.attributes
                0x000009f9       0x29 c:/users/ózê∂/mentorgraphics/sourcery_codebench_lite_for_arm_eabi/bin/../lib/gcc/arm-none-eabi/4.8.3/../../../../arm-none-eabi/lib/thumb2\libm.a(lib_a-k_cos.o)
 .ARM.attributes
                0x00000a22       0x29 c:/users/ózê∂/mentorgraphics/sourcery_codebench_lite_for_arm_eabi/bin/../lib/gcc/arm-none-eabi/4.8.3/../../../../arm-none-eabi/lib/thumb2\libm.a(lib_a-k_rem_pio2.o)
 .ARM.attributes
                0x00000a4b       0x29 c:/users/ózê∂/mentorgraphics/sourcery_codebench_lite_for_arm_eabi/bin/../lib/gcc/arm-none-eabi/4.8.3/../../../../arm-none-eabi/lib/thumb2\libm.a(lib_a-k_sin.o)
 .ARM.attributes
                0x00000a74       0x29 c:/users/ózê∂/mentorgraphics/sourcery_codebench_lite_for_arm_eabi/bin/../lib/gcc/arm-none-eabi/4.8.3/../../../../arm-none-eabi/lib/thumb2\libm.a(lib_a-k_tan.o)
 .ARM.attributes
                0x00000a9d       0x29 c:/users/ózê∂/mentorgraphics/sourcery_codebench_lite_for_arm_eabi/bin/../lib/gcc/arm-none-eabi/4.8.3/../../../../arm-none-eabi/lib/thumb2\libm.a(lib_a-s_fabs.o)
 .ARM.attributes
                0x00000ac6       0x29 c:/users/ózê∂/mentorgraphics/sourcery_codebench_lite_for_arm_eabi/bin/../lib/gcc/arm-none-eabi/4.8.3/../../../../arm-none-eabi/lib/thumb2\libm.a(lib_a-s_finite.o)
 .ARM.attributes
                0x00000aef       0x29 c:/users/ózê∂/mentorgraphics/sourcery_codebench_lite_for_arm_eabi/bin/../lib/gcc/arm-none-eabi/4.8.3/../../../../arm-none-eabi/lib/thumb2\libm.a(lib_a-s_floor.o)
 .ARM.attributes
                0x00000b18       0x29 c:/users/ózê∂/mentorgraphics/sourcery_codebench_lite_for_arm_eabi/bin/../lib/gcc/arm-none-eabi/4.8.3/../../../../arm-none-eabi/lib/thumb2\libm.a(lib_a-s_fpclassify.o)
 .ARM.attributes
                0x00000b41       0x29 c:/users/ózê∂/mentorgraphics/sourcery_codebench_lite_for_arm_eabi/bin/../lib/gcc/arm-none-eabi/4.8.3/../../../../arm-none-eabi/lib/thumb2\libm.a(lib_a-s_lib_ver.o)
 .ARM.attributes
                0x00000b6a       0x29 c:/users/ózê∂/mentorgraphics/sourcery_codebench_lite_for_arm_eabi/bin/../lib/gcc/arm-none-eabi/4.8.3/../../../../arm-none-eabi/lib/thumb2\libm.a(lib_a-s_matherr.o)
 .ARM.attributes