Archive member included to satisfy reference by file (symbol)

c:/users/ózê∂/mentorgraphics/sourcery_codebench_lite_for_arm_eabi/bin/../lib/gcc/arm-none-eabi/4.8.3/../../../../arm-none-eabi/lib/thumb2\libm.a(lib_a-s_cos.o)
                              ..\obj\main.o (cos)
c:/users/ózê∂/mentorgraphics/sourcery_codebench_lite_for_arm_eabi/bin/../lib/gcc/arm-none-eabi/4.8.3/../../../../arm-none-eabi/lib/thumb2\libm.a(lib_a-s_sin.o)
                              ..\obj\main.o (sin)
c:/users/ózê∂/mentorgraphics/sourcery_codebench_lite_for_arm_eabi/bin/../lib/gcc/arm-none-eabi/4.8.3/../../../../arm-none-eabi/lib/thumb2\libm.a(lib_a-s_tan.o)
                              ..\obj\cam_cal.o (tan)
c:/users/ózê∂/mentorgraphics/sourcery_codebench_lite_for_arm_eabi/bin/../lib/gcc/arm-none-eabi/4.8.3/../../../../arm-none-eabi/lib/thumb2\libm.a(lib_a-sf_modf.o)
                              ..\obj\my_standard_io.o (modff)
c:/users/ózê∂/mentorgraphics/sourcery_codebench_lite_for_arm_eabi/bin/../lib/gcc/arm-none-eabi/4.8.3/../../../../arm-none-eabi/lib/thumb2\libm.a(lib_a-sf_round.o)
                              ..\obj\my_standard_io.o (roundf)
c:/users/ózê∂/mentorgraphics/sourcery_codebench_lite_for_arm_eabi/bin/../lib/gcc/arm-none-eabi/4.8.3/../../../../arm-none-eabi/lib/thumb2\libm.a(lib_a-w_pow.o)
                              ..\obj\my_standard_io.o (pow)
c:/users/ózê∂/mentorgraphics/sourcery_codebench_lite_for_arm_eabi/bin/../lib/gcc/arm-none-eabi/4.8.3/../../../../arm-none-eabi/lib/thumb2\libm.a(lib_a-w_sqrt.o)
                              ..\obj\robo_data.o (sqrt)
c:/users/ózê∂/mentorgraphics/sourcery_codebench_lite_for_arm_eabi/bin/../lib/gcc/arm-none-eabi/4.8.3/../../../../arm-none-eabi/lib/thumb2\libm.a(lib_a-wf_atan2.o)
                              ..\obj\robo_data.o (atan2f)
c:/users/ózê∂/mentorgraphics/sourcery_codebench_lite_for_arm_eabi/bin/../lib/gcc/arm-none-eabi/4.8.3/../../../../arm-none-eabi/lib/thumb2\libm.a(lib_a-wf_pow.o)
                              ..\obj\my_standard_io.o (powf)
c:/users/ózê∂/mentorgraphics/sourcery_codebench_lite_for_arm_eabi/bin/../lib/gcc/arm-none-eabi/4.8.3/../../../../arm-none-eabi/lib/thumb2\libm.a(lib_a-e_pow.o)
                              c:/users/ózê∂/mentorgraphics/sourcery_codebench_lite_for_arm_eabi/bin/../lib/gcc/arm-none-eabi/4.8.3/../../../../arm-none-eabi/lib/thumb2\libm.a(lib_a-w_pow.o) (__ieee754_pow)
c:/users/ózê∂/mentorgraphics/sourcery_codebench_lite_for_arm_eabi/bin/../lib/gcc/arm-none-eabi/4.8.3/../../../../arm-none-eabi/lib/thumb2\libm.a(lib_a-e_rem_pio2.o)
                              c:/users/ózê∂/mentorgraphics/sourcery_codebench_lite_for_arm_eabi/bin/../lib/gcc/arm-none-eabi/4.8.3/../../../../arm-none-eabi/lib/thumb2\libm.a(lib_a-s_cos.o) (__ieee754_rem_pio2)
c:/users/ózê∂/mentorgraphics/sourcery_codebench_lite_for_arm_eabi/bin/../lib/gcc/arm-none-eabi/4.8.3/../../../../arm-none-eabi/lib/thumb2\libm.a(lib_a-e_sqrt.o)
                              c:/users/ózê∂/mentorgraphics/sourcery_codebench_lite_for_arm_eabi/bin/../lib/gcc/arm-none-eabi/4.8.3/../../../../arm-none-eabi/lib/thumb2\libm.a(lib_a-w_sqrt.o) (__ieee754_sqrt)
c:/users/ózê∂/mentorgraphics/sourcery_codebench_lite_for_arm_eabi/bin/../lib/gcc/arm-none-eabi/4.8.3/../../../../arm-none-eabi/lib/thumb2\libm.a(lib_a-ef_atan2.o)
                              c:/users/ózê∂/mentorgraphics/sourcery_codebench_lite_for_arm_eabi/bin/../lib/gcc/arm-none-eabi/4.8.3/../../../../arm-none-eabi/lib/thumb2\libm.a(lib_a-wf_atan2.o) (__ieee754_atan2f)
c:/users/ózê∂/mentorgraphics/sourcery_codebench_lite_for_arm_eabi/bin/../lib/gcc/arm-none-eabi/4.8.3/../../../../arm-none-eabi/lib/thumb2\libm.a(lib_a-ef_pow.o)
                              c:/users/ózê∂/mentorgraphics/sourcery_codebench_lite_for_arm_eabi/bin/../lib/gcc/arm-none-eabi/4.8.3/../../../../arm-none-eabi/lib/thumb2\libm.a(lib_a-wf_pow.o) (__ieee754_powf)
c:/users/ózê∂/mentorgraphics/sourcery_codebench_lite_for_arm_eabi/bin/../lib/gcc/arm-none-eabi/4.8.3/../../../../arm-none-eabi/lib/thumb2\libm.a(lib_a-ef_sqrt.o)
                              c:/users/ózê∂/mentorgraphics/sourcery_codebench_lite_for_arm_eabi/bin/../lib/gcc/arm-none-eabi/4.8.3/../../../../arm-none-eabi/lib/thumb2\libm.a(lib_a-ef_pow.o) (__ieee754_sqrtf)
c:/users/ózê∂/mentorgraphics/sourcery_codebench_lite_for_arm_eabi/bin/../lib/gcc/arm-none-eabi/4.8.3/../../../../arm-none-eabi/lib/thumb2\libm.a(lib_a-k_cos.o)
                              c:/users/ózê∂/mentorgraphics/sourcery_codebench_lite_for_arm_eabi/bin/../lib/gcc/arm-none-eabi/4.8.3/../../../../arm-none-eabi/lib/thumb2\libm.a(lib_a-s_cos.o) (__kernel_cos)
c:/users/ózê∂/mentorgraphics/sourcery_codebench_lite_for_arm_eabi/bin/../lib/gcc/arm-none-eabi/4.8.3/../../../../arm-none-eabi/lib/thumb2\libm.a(lib_a-k_rem_pio2.o)
                              c:/users/ózê∂/mentorgraphics/sourcery_codebench_lite_for_arm_eabi/bin/../lib/gcc/arm-none-eabi/4.8.3/../../../../arm-none-eabi/lib/thumb2\libm.a(lib_a-e_rem_pio2.o) (__kernel_rem_pio2)
[...]
Memory Configuration

Name             Origin             Length             Attributes
rom              0x08000000         0x00100000         xr
ram              0x20000000         0x00020000         xrw
ram1             0x10000000         0x00010000         xrw
*default*        0x00000000         0xffffffff

Linker script and memory map

                0x20020000                _eram = 0x20020000

.text           0x08000000     0xe5fc
 *(.isr_vector)
 .isr_vector    0x08000000      0x188 ..\obj\startup_stm32f4xx.o
                0x08000000                g_pfnVectors
 *(.text*)
 .text.Set_duty
                0x08000188       0xc4 ..\obj\config_pwm.o
                0x08000188                Set_duty
 .text.Init_PWM
                0x0800024c      0x2c8 ..\obj\config_pwm.o
                0x0800024c                Init_PWM
 .text.USB_OTG_WritePacket
                0x08000514       0x70 ..\obj\usb_core.o
                0x08000514                USB_OTG_WritePacket
 .text.USB_OTG_ReadPacket
                0x08000584       0x5c ..\obj\usb_core.o
                0x08000584                USB_OTG_ReadPacket
 .text.USB_OTG_FlushTxFifo
                0x080005e0       0x74 ..\obj\usb_core.o
                0x080005e0                USB_OTG_FlushTxFifo
 .text.USB_OTG_GetMode
                0x08000654       0x20 ..\obj\usb_core.o
                0x08000654                USB_OTG_GetMode
 .text.USB_OTG_IsDeviceMode
                0x08000674       0x24 ..\obj\usb_core.o
                0x08000674                USB_OTG_IsDeviceMode
 .text.USB_OTG_ReadCoreItr
                0x08000698       0x30 ..\obj\usb_core.o
                0x08000698                USB_OTG_ReadCoreItr
 .text.USB_OTG_GetDeviceSpeed
                0x080006c8       0x48 ..\obj\usb_core.o
                0x080006c8                USB_OTG_GetDeviceSpeed
 .text.USB_OTG_EP0Activate
                0x08000710       0x78 ..\obj\usb_core.o
                0x08000710                USB_OTG_EP0Activate
 .text.USB_OTG_EPActivate
                0x08000788       0xdc ..\obj\usb_core.o
                0x08000788                USB_OTG_EPActivate
 .text.USB_OTG_EPStartXfer
                0x08000864      0x280 ..\obj\usb_core.o
                0x08000864                USB_OTG_EPStartXfer
 .text.USB_OTG_EP0StartXfer
                0x08000ae4      0x1d4 ..\obj\usb_core.o
                0x08000ae4                USB_OTG_EP0StartXfer
 .text.USB_OTG_EPSetStall
                0x08000cb8       0x88 ..\obj\usb_core.o
                0x08000cb8                USB_OTG_EPSetStall
 .text.USB_OTG_EPClearStall
                0x08000d40       0x78 ..\obj\usb_core.o
                0x08000d40                USB_OTG_EPClearStall
 .text.USB_OTG_ReadDevAllOutEp_itr
                0x08000db8       0x2c ..\obj\usb_core.o
                0x08000db8                USB_OTG_ReadDevAllOutEp_itr
 .text.USB_OTG_ReadDevOutEP_itr
                0x08000de4       0x38 ..\obj\usb_core.o
                0x08000de4                USB_OTG_ReadDevOutEP_itr
 .text.USB_OTG_ReadDevAllInEPItr
                0x08000e1c       0x2c ..\obj\usb_core.o
                0x08000e1c                USB_OTG_ReadDevAllInEPItr
 .text.USB_OTG_EP0_OutStart
                0x08000e48       0x70 ..\obj\usb_core.o
                0x08000e48                USB_OTG_EP0_OutStart
 .text.USB_OTG_UngateClock
                0x08000eb8       0x54 ..\obj\usb_core.o
                0x08000eb8                USB_OTG_UngateClock
 .text.positive_chattering
                0x08000f0c      0x280 ..\obj\chata.o
                0x08000f0c                positive_chattering
 .text.transmit_usart2_c
                0x0800118c       0x38 ..\obj\transmit.o
                0x0800118c                transmit_usart2_c
 .text.Init_port
                0x080011c4       0xc4 ..\obj\config_port.o
                0x080011c4                Init_port
 .text.ColorfulRingOfDeath
                0x08001288       0x58 ..\obj\config_usb.o
                0x08001288                ColorfulRingOfDeath
 .text.NMI_Handler
                0x080012e0        0xc ..\obj\config_usb.o
                0x080012e0                NMI_Handler
 .text.HardFault_Handler
                0x080012ec        0xc ..\obj\config_usb.o
                0x080012ec                HardFault_Handler
 .text.MemManage_Handler
                0x080012f8        0xc ..\obj\config_usb.o
                0x080012f8                MemManage_Handler
 .text.BusFault_Handler
                0x08001304        0xc ..\obj\config_usb.o
                0x08001304                BusFault_Handler
 .text.UsageFault_Handler
                0x08001310        0xc ..\obj\config_usb.o
                0x08001310                UsageFault_Handler
 .text.SVC_Handler
                0x0800131c        0xc ..\obj\config_usb.o
                0x0800131c                SVC_Handler
 .text.DebugMon_Handler
                0x08001328        0xc ..\obj\config_usb.o
                0x08001328                DebugMon_Handler
 .text.PendSV_Handler
                0x08001334        0xc ..\obj\config_usb.o
                0x08001334                PendSV_Handler
 .text.OTG_FS_IRQHandler
                0x08001340       0x14 ..\obj\config_usb.o
                0x08001340                OTG_FS_IRQHandler
 .text.OTG_FS_WKUP_IRQHandler
                0x08001354       0x44 ..\obj\config_usb.o
                0x08001354                OTG_FS_WKUP_IRQHandler
 .text.TIM1_UP_TIM10_IRQHandler
                0x08001398       0x64 ..\obj\config_encoder.o
                0x08001398                TIM1_UP_TIM10_IRQHandler
 .text.TIM3_IRQHandler
                0x080013fc       0x6c ..\obj\config_encoder.o
                0x080013fc                TIM3_IRQHandler
 .text.TIM4_IRQHandler
                0x08001468       0x6c ..\obj\config_encoder.o
                0x08001468                TIM4_IRQHandler
 .text.TIM5_IRQHandler
                0x080014d4       0x6c ..\obj\config_encoder.o
                0x080014d4                TIM5_IRQHandler
 .text.TIM8_UP_TIM13_IRQHandler
                0x08001540       0x6c ..\obj\config_encoder.o
                0x08001540                TIM8_UP_TIM13_IRQHandler
 .text.USART_Init
                0x080015ac      0x188 ..\obj\stm32f4xx_usart.o
                0x080015ac                USART_Init
 .text.USART_Cmd
                0x08001734       0x40 ..\obj\stm32f4xx_usart.o
                0x08001734                USART_Cmd
 .text.USART_SendData
                0x08001774       0x24 ..\obj\stm32f4xx_usart.o
                0x08001774                USART_SendData
 .text.USART_ReceiveData
                0x08001798       0x20 ..\obj\stm32f4xx_usart.o
                0x08001798                USART_ReceiveData
 .text.USART_ITConfig
                0x080017b8       0x90 ..\obj\stm32f4xx_usart.o
                0x080017b8                USART_ITConfig
 .text.USART_GetFlagStatus
                0x08001848       0x38 ..\obj\stm32f4xx_usart.o
                0x08001848                USART_GetFlagStatus
 .text.USART_GetITStatus
                0x08001880       0xb0 ..\obj\stm32f4xx_usart.o
                0x08001880                USART_GetITStatus
 .text.put_i    0x08001930       0xf0 ..\obj\my_standard_io.o
                0x08001930                put_i
 .text.put_si   0x08001a20       0x34 ..\obj\my_standard_io.o
                0x08001a20                put_si
 .text.put_f    0x08001a54       0xe8 ..\obj\my_standard_io.o
                0x08001a54                put_f
 .text.put_st   0x08001b3c       0x40 ..\obj\my_standard_io.o
                0x08001b3c                put_st
 .text.put_enter
                0x08001b7c       0x1c ..\obj\my_standard_io.o
                0x08001b7c                put_enter
 .text.f_print  0x08001b98       0x30 ..\obj\my_standard_io.o
                0x08001b98                f_print
 .text.f2_print
                0x08001bc8       0x40 ..\obj\my_standard_io.o
                0x08001bc8                f2_print
 .text.Default_Reset_Handler
                0x08001c08       0x60 ..\obj\startup_stm32f4xx.o
                0x08001c08                Default_Reset_Handler
                0x08001c08                Reset_Handler
 .text.Default_Handler
                0x08001c68        0x8 ..\obj\startup_stm32f4xx.o
                0x08001c68                RTC_Alarm_IRQHandler
                0x08001c68                HASH_RNG_IRQHandler
                0x08001c68                EXTI2_IRQHandler
                0x08001c68                TIM8_CC_IRQHandler
                0x08001c68                TIM1_CC_IRQHandler
                0x08001c68                DMA2_Stream5_IRQHandler
                0x08001c68                DMA1_Stream5_IRQHandler
                0x08001c68                PVD_IRQHandler
                0x08001c68                SDIO_IRQHandler
                0x08001c68                TAMP_STAMP_IRQHandler
                0x08001c68                CAN2_RX1_IRQHandler
                0x08001c68                EXTI3_IRQHandler
                0x08001c68                TIM8_TRG_COM_TIM14_IRQHandler
                0x08001c68                I2C3_ER_IRQHandler
                0x08001c68                EXTI0_IRQHandler
                0x08001c68                I2C2_EV_IRQHandler
                0x08001c68                DMA1_Stream2_IRQHandler
                0x08001c68                CAN1_RX0_IRQHandler
                0x08001c68                FPU_IRQHandler
                0x08001c68                OTG_HS_WKUP_IRQHandler
                0x08001c68                CAN2_SCE_IRQHandler
                0x08001c68                DMA2_Stream2_IRQHandler
                0x08001c68                SPI1_IRQHandler
                0x08001c68                TIM6_DAC_IRQHandler
                0x08001c68                TIM1_BRK_TIM9_IRQHandler
                0x08001c68                DCMI_IRQHandler
                0x08001c68                CAN2_RX0_IRQHandler
                0x08001c68                DMA2_Stream3_IRQHandler
                0x08001c68                USART6_IRQHandler
                0x08001c68                CRYP_IRQHandler
                0x08001c68                CAN1_RX1_IRQHandler
                0x08001c68                UART5_IRQHandler
                0x08001c68                DMA2_Stream0_IRQHandler
                0x08001c68                I2C1_EV_IRQHandler
                0x08001c68                DMA1_Stream6_IRQHandler
                0x08001c68                DMA1_Stream1_IRQHandler
                0x08001c68                UART4_IRQHandler
                0x08001c68                RCC_IRQHandler
                0x08001c68                TIM8_BRK_TIM12_IRQHandler
                0x08001c68                EXTI15_10_IRQHandler
                0x08001c68                ADC_IRQHandler
                0x08001c68                DMA1_Stream7_IRQHandler
                0x08001c68                TIM7_IRQHandler
                0x08001c68                CAN2_TX_IRQHandler
                0x08001c68                DMA2_Stream7_IRQHandler
                0x08001c68                I2C3_EV_IRQHandler
                0x08001c68                EXTI9_5_IRQHandler
                0x08001c68                RTC_WKUP_IRQHandler
                0x08001c68                ETH_WKUP_IRQHandler
                0x08001c68                SPI2_IRQHandler
                0x08001c68                OTG_HS_EP1_IN_IRQHandler
                0x08001c68                DMA1_Stream0_IRQHandler
                0x08001c68                CAN1_TX_IRQHandler
                0x08001c68                EXTI4_IRQHandler
                0x08001c68                FSMC_IRQHandler
                0x08001c68                ETH_IRQHandler
                0x08001c68                OTG_HS_EP1_OUT_IRQHandler
                0x08001c68                WWDG_IRQHandler
                0x08001c68                TIM1_TRG_COM_TIM11_IRQHandler
                0x08001c68                OTG_HS_IRQHandler
                0x08001c68                EXTI1_IRQHandler
                0x08001c68                I2C2_ER_IRQHandler
                0x08001c68                DMA2_Stream1_IRQHandler
                0x08001c68                CAN1_SCE_IRQHandler
                0x08001c68                FLASH_IRQHandler
                0x08001c68                DMA2_Stream4_IRQHandler
                0x08001c68                SPI3_IRQHandler
                0x08001c68                DMA1_Stream4_IRQHandler
                0x08001c68                I2C1_ER_IRQHandler
                0x08001c68                DMA2_Stream6_IRQHandler
                0x08001c68                DMA1_Stream3_IRQHandler
 .text.USBD_SetupStage
                0x08001c70       0x6c ..\obj\usbd_core.o
 .text.USBD_DataOutStage
                0x08001cdc       0xd0 ..\obj\usbd_core.o
 .text.USBD_DataInStage
                0x08001dac      0x104 ..\obj\usbd_core.o
 .text.USBD_Reset
                0x08001eb0       0x44 ..\obj\usbd_core.o
 .text.USBD_Resume
                0x08001ef4       0x24 ..\obj\usbd_core.o
 .text.USBD_Suspend
                0x08001f18       0x24 ..\obj\usbd_core.o
 .text.USBD_SOF
                0x08001f3c       0x2c ..\obj\usbd_core.o
 .text.USBD_SetCfg
                0x08001f68       0x30 ..\obj\usbd_core.o
                0x08001f68                USBD_SetCfg
 .text.USBD_ClrCfg
                0x08001f98       0x28 ..\obj\usbd_core.o
                0x08001f98                USBD_ClrCfg
 .text.USBD_IsoINIncomplete
                0x08001fc0       0x20 ..\obj\usbd_core.o
 .text.USBD_IsoOUTIncomplete
                0x08001fe0       0x20 ..\obj\usbd_core.o
 .text.all_config
                0x08002000       0xe4 ..\obj\main.o
                0x08002000                all_config
 .text.port_config
                0x080020e4      0x138 ..\obj\main.o
                0x080020e4                port_config
 *fill*         0x0800221c        0x4 
 .text.main     0x08002220      0xfd0 ..\obj\main.o
                0x08002220                main
 .text.RCC_GetClocksFreq
                0x080031f0      0x1a8 ..\obj\stm32f4xx_rcc.o
                0x080031f0                RCC_GetClocksFreq
 .text.RCC_AHB1PeriphClockCmd
                0x08003398       0x50 ..\obj\stm32f4xx_rcc.o
                0x08003398                RCC_AHB1PeriphClockCmd
 .text.RCC_APB1PeriphClockCmd
                0x080033e8       0x50 ..\obj\stm32f4xx_rcc.o
                0x080033e8                RCC_APB1PeriphClockCmd
 .text.RCC_APB2PeriphClockCmd
                0x08003438       0x50 ..\obj\stm32f4xx_rcc.o
                0x08003438                RCC_APB2PeriphClockCmd
 .text.RCC_APB2PeriphResetCmd
                0x08003488       0x50 ..\obj\stm32f4xx_rcc.o
                0x08003488                RCC_APB2PeriphResetCmd
 .text.buzzer   0x080034d8       0x44 ..\obj\robo_finction.o
                0x080034d8                buzzer
 .text.buzzer_cycle
                0x0800351c       0xec ..\obj\robo_finction.o
                0x0800351c                buzzer_cycle
 .text.buzzer_stop
                0x08003608       0x14 ..\obj\robo_finction.o
                0x08003608                buzzer_stop
 .text.buzzer_on
                0x0800361c       0x14 ..\obj\robo_finction.o
                0x0800361c                buzzer_on
 .text.initialize
                0x08003630       0xc4 ..\obj\robo_finction.o
                0x08003630                initialize
 .text.ADC_DeInit
                0x080036f4       0x1c ..\obj\stm32f4xx_adc.o
                0x080036f4                ADC_DeInit
 .text.ADC_Init
                0x08003710       0xac ..\obj\stm32f4xx_adc.o
                0x08003710                ADC_Init
 .text.ADC_StructInit
                0x080037bc       0x3c ..\obj\stm32f4xx_adc.o
                0x080037bc                ADC_StructInit
 .text.ADC_CommonInit
                0x080037f8       0x58 ..\obj\stm32f4xx_adc.o
                0x080037f8                ADC_CommonInit
 .text.ADC_CommonStructInit
                0x08003850       0x2c ..\obj\stm32f4xx_adc.o
                0x08003850                ADC_CommonStructInit
 .text.ADC_Cmd  0x0800387c       0x38 ..\obj\stm32f4xx_adc.o
                0x0800387c                ADC_Cmd
 .text.ADC_RegularChannelConfig
                0x080038b4      0x188 ..\obj\stm32f4xx_adc.o
                0x080038b4                ADC_RegularChannelConfig
 .text.ADC_SoftwareStartConv
                0x08003a3c       0x20 ..\obj\stm32f4xx_adc.o
                0x08003a3c                ADC_SoftwareStartConv
 .text.ADC_DMACmd
                0x08003a5c       0x38 ..\obj\stm32f4xx_adc.o
                0x08003a5c                ADC_DMACmd
 .text.ADC_DMARequestAfterLastTransferCmd
                0x08003a94       0x38 ..\obj\stm32f4xx_adc.o
                0x08003a94                ADC_DMARequestAfterLastTransferCmd
 .text.Select_ADC_channel
                0x08003acc      0x104 ..\obj\config_adc.o
                0x08003acc                Select_ADC_channel
 .text.Init_ADC1
                0x08003bd0      0x274 ..\obj\config_adc.o
                0x08003bd0                Init_ADC1
 .text.get_ADC1_value
                0x08003e44       0x28 ..\obj\config_adc.o
                0x08003e44                get_ADC1_value
 .text.move_left_tire
                0x08003e6c      0x120 ..\obj\motor.o
                0x08003e6c                move_left_tire
 .text.move_right_tire
                0x08003f8c      0x130 ..\obj\motor.o
                0x08003f8c                move_right_tire
 .text.move_back_tire
                0x080040bc      0x128 ..\obj\motor.o
                0x080040bc                move_back_tire
 .text.move_arm
                0x080041e4      0x130 ..\obj\motor.o
                0x080041e4                move_arm
 .text.move     0x08004314       0x24 ..\obj\motor.o
                0x08004314                move
 .text.deadtime
                0x08004338       0x84 ..\obj\motor.o
                0x08004338                deadtime
 .text.NVIC_SetPriority
                0x080043bc       0x58 ..\obj\config_systick.o
 .text.SysTick_Config
                0x08004414       0x54 ..\obj\config_systick.o
 .text.SysTick_Handler
                0x08004468       0x50 ..\obj\config_systick.o
                0x08004468                SysTick_Handler
 .text.Init_SysTick
                0x080044b8       0x48 ..\obj\config_systick.o
                0x080044b8                Init_SysTick
 .text.TIM2_IRQHandler
                0x08004500       0x28 ..\obj\config_systick.o
                0x08004500                TIM2_IRQHandler
 .text.count_time
                0x08004528       0x60 ..\obj\config_systick.o
                0x08004528                count_time
 .text.reset_count_time
                0x08004588       0x60 ..\obj\config_systick.o
                0x08004588                reset_count_time
 .text.GPIO_Init
                0x080045e8      0x11c ..\obj\stm32f4xx_gpio.o
                0x080045e8                GPIO_Init
 .text.GPIO_StructInit
                0x08004704       0x34 ..\obj\stm32f4xx_gpio.o
                0x08004704                GPIO_StructInit
 .text.GPIO_ReadInputDataBit
                0x08004738       0x34 ..\obj\stm32f4xx_gpio.o
                0x08004738                GPIO_ReadInputDataBit
 .text.GPIO_SetBits
                0x0800476c       0x1c ..\obj\stm32f4xx_gpio.o
                0x0800476c                GPIO_SetBits
 .text.GPIO_ResetBits
                0x08004788       0x1c ..\obj\stm32f4xx_gpio.o
                0x08004788                GPIO_ResetBits
 .text.GPIO_PinAFConfig
                0x080047a4       0x8c ..\obj\stm32f4xx_gpio.o
                0x080047a4                GPIO_PinAFConfig
 .text.SystemInit
                0x08004830       0x90 ..\obj\system_stm32f4xx.o
                0x08004830                SystemInit
 .text.SystemCoreClockUpdate
                0x080048c0      0x154 ..\obj\system_stm32f4xx.o
                0x080048c0                SystemCoreClockUpdate
 .text.SetSysClock
                0x08004a14      0x17c ..\obj\system_stm32f4xx.o
 .text.DMA_DeInit
                0x08004b90      0x22c ..\obj\stm32f4xx_dma.o
                0x08004b90                DMA_DeInit
 .text.DMA_Init
                0x08004dbc       0xb0 ..\obj\stm32f4xx_dma.o
                0x08004dbc                DMA_Init
 .text.DMA_StructInit
                0x08004e6c       0x6c ..\obj\stm32f4xx_dma.o
                0x08004e6c                DMA_StructInit
 .text.DMA_Cmd  0x08004ed8       0x38 ..\obj\stm32f4xx_dma.o
                0x08004ed8                DMA_Cmd
 .text.USB_OTG_BSP_uDelay
                0x08004f10       0x4c ..\obj\usb_bsp.o
                0x08004f10                USB_OTG_BSP_uDelay
 *fill*         0x08004f5c        0x4 
 .text.cam_data
                0x08004f60      0x420 ..\obj\cam_cal.o
                0x08004f60                cam_data
 .text.USBD_StdDevReq
                0x08005380       0xa0 ..\obj\usbd_req.o
                0x08005380                USBD_StdDevReq
 .text.USBD_StdItfReq
                0x08005420       0x68 ..\obj\usbd_req.o
                0x08005420                USBD_StdItfReq
 .text.USBD_StdEPReq
                0x08005488      0x1c8 ..\obj\usbd_req.o
                0x08005488                USBD_StdEPReq
 .text.USBD_GetDescriptor
                0x08005650      0x1b8 ..\obj\usbd_req.o
 .text.USBD_SetAddress
                0x08005808       0x7c ..\obj\usbd_req.o
 .text.USBD_SetConfig
                0x08005884      0x130 ..\obj\usbd_req.o
 .text.USBD_GetConfig
                0x080059b4       0x60 ..\obj\usbd_req.o
 .text.USBD_GetStatus
                0x08005a14       0x5c ..\obj\usbd_req.o
 .text.USBD_SetFeature
                0x08005a70       0xcc ..\obj\usbd_req.o
 .text.USBD_ClrFeature
                0x08005b3c       0x50 ..\obj\usbd_req.o
 .text.USBD_ParseSetupRequest
                0x08005b8c       0x8c ..\obj\usbd_req.o
                0x08005b8c                USBD_ParseSetupRequest
 .text.USBD_CtlError
                0x08005c18       0x48 ..\obj\usbd_req.o
                0x08005c18                USBD_CtlError
 .text.USBD_OTG_ISR_Handler
                0x08005c60      0x15c ..\obj\usb_dcd_int.o
                0x08005c60                USBD_OTG_ISR_Handler
 .text.DCD_HandleResume_ISR
                0x08005dbc       0x80 ..\obj\usb_dcd_int.o
 .text.DCD_HandleUSBSuspend_ISR
                0x08005e3c       0xa8 ..\obj\usb_dcd_int.o
 .text.DCD_HandleInEP_ISR
                0x08005ee4      0x1ec ..\obj\usb_dcd_int.o
 .text.DCD_HandleOutEP_ISR
                0x080060d0      0x180 ..\obj\usb_dcd_int.o
 .text.DCD_HandleSof_ISR
                0x08006250       0x38 ..\obj\usb_dcd_int.o
 .text.DCD_HandleRxStatusQueueLevel_ISR
                0x08006288      0x104 ..\obj\usb_dcd_int.o
 .text.DCD_WriteEmptyTxFifo
                0x0800638c       0xe4 ..\obj\usb_dcd_int.o
 .text.DCD_HandleUsbReset_ISR
                0x08006470      0x144 ..\obj\usb_dcd_int.o
 .text.DCD_HandleEnumDone_ISR
                0x080065b4       0x78 ..\obj\usb_dcd_int.o
 .text.DCD_IsoINIncomplete_ISR
                0x0800662c       0x38 ..\obj\usb_dcd_int.o
 .text.DCD_IsoOUTIncomplete_ISR
                0x08006664       0x38 ..\obj\usb_dcd_int.o
 .text.DCD_ReadDevInEP
                0x0800669c       0x50 ..\obj\usb_dcd_int.o
 .text.Limit_ul
                0x080066ec       0x3c ..\obj\robo_data.o
                0x080066ec                Limit_ul
 .text.pd_rock  0x08006728       0x90 ..\obj\robo_data.o
                0x08006728                pd_rock
 .text.pd_arm_rock
                0x080067b8       0x94 ..\obj\robo_data.o
                0x080067b8                pd_arm_rock
 *fill*         0x0800684c        0x4 
 .text.pd_straight
                0x08006850       0xb0 ..\obj\robo_data.o
                0x08006850                pd_straight
 .text.get_motor_output_l
                0x08006900      0x158 ..\obj\robo_data.o
                0x08006900                get_motor_output_l
 .text.get_motor_output_r
                0x08006a58      0x158 ..\obj\robo_data.o
                0x08006a58                get_motor_output_r
 .text.get_motor_output_b
                0x08006bb0      0x158 ..\obj\robo_data.o
                0x08006bb0                get_motor_output_b
 .text.get_twopoints_distance
                0x08006d08       0x54 ..\obj\robo_data.o
                0x08006d08                get_twopoints_distance
 *fill*         0x08006d5c        0x4 
 .text.get_target_degree
                0x08006d60       0x88 ..\obj\robo_data.o
                0x08006d60                get_target_degree
 .text.get_target_velocity
                0x08006de8      0x1d8 ..\obj\robo_data.o
                0x08006de8                get_target_velocity
 .text.get_motor_output_x
                0x08006fc0       0xb0 ..\obj\robo_data.o
                0x08006fc0                get_motor_output_x
 .text.get_motor_output_y
                0x08007070       0xb0 ..\obj\robo_data.o
                0x08007070                get_motor_output_y
 .text.revision_degree
                0x08007120       0x64 ..\obj\robo_data.o
                0x08007120                revision_degree
 *fill*         0x08007184        0x4 
 .text.get_robot_inf
                0x08007188      0x8e0 ..\obj\robo_data.o
                0x08007188                get_robot_inf
 .text.init_robot_inf
                0x08007a68       0x2c ..\obj\robo_data.o
                0x08007a68                init_robot_inf
 .text.get_Average
                0x08007a94      0x120 ..\obj\robo_data.o
                0x08007a94                get_Average
 *fill*         0x08007bb4        0x4 
 .text.position_rock
                0x08007bb8      0x1d8 ..\obj\robo_data.o
                0x08007bb8                position_rock
 .text.init_arm
                0x08007d90       0x6c ..\obj\robo_data.o
                0x08007d90                init_arm
 *fill*         0x08007dfc        0x4 
 .text.arm_length
                0x08007e00      0x290 ..\obj\robo_data.o
                0x08007e00                arm_length
 .text.receive_att
                0x08008090       0x20 ..\obj\receive.o
                0x08008090                receive_att
 .text.receive_order_depot
                0x080080b0       0xa8 ..\obj\receive.o
                0x080080b0                receive_order_depot
 .text.receive_order_c
                0x08008158      0x1b4 ..\obj\receive.o
                0x08008158                receive_order_c
 .text.change_float
                0x0800830c       0x88 ..\obj\receive.o
                0x0800830c                change_float
 .text.Receive_usart3_c
                0x08008394       0x3c ..\obj\receive.o
                0x08008394                Receive_usart3_c
 .text.get_atoz_value
                0x080083d0       0x24 ..\obj\receive.o
                0x080083d0                get_atoz_value
 .text.EXTI_ClearITPendingBit
                0x080083f4       0x20 ..\obj\stm32f4xx_exti.o
                0x080083f4                EXTI_ClearITPendingBit
 .text.Analysis_GPIO_Pin
                0x08008414      0x168 ..\obj\name_converter.o
                0x08008414                Analysis_GPIO_Pin
 .text.GPIO_af_USART_select
                0x0800857c       0x90 ..\obj\name_converter.o
                0x0800857c                GPIO_af_USART_select
 .text.USART_irqn_select
                0x0800860c       0x90 ..\obj\name_converter.o
                0x0800860c                USART_irqn_select
 .text.RCC_PeriphClock_TIM
                0x0800869c      0x25c ..\obj\name_converter.o
                0x0800869c                RCC_PeriphClock_TIM
 .text.RCC_PeriphClock_USART
                0x080088f8      0x1a0 ..\obj\name_converter.o
                0x080088f8                RCC_PeriphClock_USART
 .text.Pin_select_source
                0x08008a98       0xec ..\obj\name_converter.o
                0x08008a98                Pin_select_source
 .text.Tim_select_af
                0x08008b84       0xc4 ..\obj\name_converter.o
                0x08008b84                Tim_select_af
 .text.NVIC_PriorityGroupConfig
                0x08008c48       0x28 ..\obj\misc.o
                0x08008c48                NVIC_PriorityGroupConfig
 .text.NVIC_Init
                0x08008c70       0xcc ..\obj\misc.o
                0x08008c70                NVIC_Init
 .text.DCD_EP_Open
                0x08008d3c       0x9c ..\obj\usb_dcd.o
                0x08008d3c                DCD_EP_Open
 .text.DCD_EP_PrepareRx
                0x08008dd8       0x80 ..\obj\usb_dcd.o
                0x08008dd8                DCD_EP_PrepareRx
 .text.DCD_EP_Tx
                0x08008e58       0x78 ..\obj\usb_dcd.o
                0x08008e58                DCD_EP_Tx
 .text.DCD_EP_Stall
                0x08008ed0       0x74 ..\obj\usb_dcd.o
                0x08008ed0                DCD_EP_Stall
 .text.DCD_EP_ClrStall
                0x08008f44       0x74 ..\obj\usb_dcd.o
                0x08008f44                DCD_EP_ClrStall
 .text.DCD_EP_SetAddress
                0x08008fb8       0x3c ..\obj\usb_dcd.o
                0x08008fb8                DCD_EP_SetAddress
 .text.USBD_CtlSendData
                0x08008ff4       0x40 ..\obj\usbd_ioreq.o
                0x08008ff4                USBD_CtlSendData
 .text.USBD_CtlContinueSendData
                0x08009034       0x28 ..\obj\usbd_ioreq.o
                0x08009034                USBD_CtlContinueSendData
 .text.USBD_CtlContinueRx
                0x0800905c       0x28 ..\obj\usbd_ioreq.o
                0x0800905c                USBD_CtlContinueRx
 .text.USBD_CtlSendStatus
                0x08009084       0x30 ..\obj\usbd_ioreq.o
                0x08009084                USBD_CtlSendStatus
 .text.USBD_CtlReceiveStatus
                0x080090b4       0x30 ..\obj\usbd_ioreq.o
                0x080090b4                USBD_CtlReceiveStatus
 .text.USART1_IRQHandler
                0x080090e4        0xc ..\obj\config_usart.o
                0x080090e4                USART1_IRQHandler
 .text.USART2_IRQHandler
                0x080090f0        0xc ..\obj\config_usart.o
                0x080090f0                USART2_IRQHandler
 .text.USART3_IRQHandler
                0x080090fc        0xc ..\obj\config_usart.o
                0x080090fc                USART3_IRQHandler
 .text.Init_USART
                0x08009108       0xdc ..\obj\config_usart.o
                0x08009108                Init_USART
 .text.TIM_TimeBaseInit
                0x080091e4       0xec ..\obj\stm32f4xx_tim.o
                0x080091e4                TIM_TimeBaseInit
 .text.TIM_ARRPreloadConfig
                0x080092d0       0x40 ..\obj\stm32f4xx_tim.o
                0x080092d0                TIM_ARRPreloadConfig
 .text.TIM_Cmd  0x08009310       0x40 ..\obj\stm32f4xx_tim.o
                0x08009310                TIM_Cmd
 .text.TIM_OC1Init
                0x08009350       0xf4 ..\obj\stm32f4xx_tim.o
                0x08009350                TIM_OC1Init
 .text.TIM_OC2Init
                0x08009444      0x110 ..\obj\stm32f4xx_tim.o
                0x08009444                TIM_OC2Init
 .text.TIM_OC3Init
                0x08009554      0x10c ..\obj\stm32f4xx_tim.o
                0x08009554                TIM_OC3Init
 .text.TIM_OC4Init
                0x08009660       0xd0 ..\obj\stm32f4xx_tim.o
                0x08009660                TIM_OC4Init
 .text.TIM_OC1PreloadConfig
                0x08009730       0x38 ..\obj\stm32f4xx_tim.o
                0x08009730                TIM_OC1PreloadConfig
 .text.TIM_OC2PreloadConfig
                0x08009768       0x3c ..\obj\stm32f4xx_tim.o
                0x08009768                TIM_OC2PreloadConfig
 .text.TIM_OC3PreloadConfig
                0x080097a4       0x38 ..\obj\stm32f4xx_tim.o
                0x080097a4                TIM_OC3PreloadConfig
 .text.TIM_OC4PreloadConfig
                0x080097dc       0x3c ..\obj\stm32f4xx_tim.o
                0x080097dc                TIM_OC4PreloadConfig
 .text.TIM_BDTRConfig
                0x08009818       0x50 ..\obj\stm32f4xx_tim.o
                0x08009818                TIM_BDTRConfig
 .text.TIM_BDTRStructInit
                0x08009868       0x3c ..\obj\stm32f4xx_tim.o
                0x08009868                TIM_BDTRStructInit
 .text.TIM_CtrlPWMOutputs
                0x080098a4       0x4c ..\obj\stm32f4xx_tim.o
                0x080098a4                TIM_CtrlPWMOutputs
 .text.TIM_ClearITPendingBit
                0x080098f0       0x20 ..\obj\stm32f4xx_tim.o
                0x080098f0                TIM_ClearITPendingBit
 .text          0x08009910       0x88 c:/users/ózê∂/mentorgraphics/sourcery_codebench_lite_for_arm_eabi/bin/../lib/gcc/arm-none-eabi/4.8.3/../../../../arm-none-eabi/lib/thumb2\libm.a(lib_a-s_cos.o)
                0x08009910                cos
 .text          0x08009998       0x98 c:/users/ózê∂/mentorgraphics/sourcery_codebench_lite_for_arm_eabi/bin/../lib/gcc/arm-none-eabi/4.8.3/../../../../arm-none-eabi/lib/thumb2\libm.a(lib_a-s_sin.o)
                0x08009998                sin
 .text          0x08009a30       0x64 c:/users/ózê∂/mentorgraphics/sourcery_codebench_lite_for_arm_eabi/bin/../lib/gcc/arm-none-eabi/4.8.3/../../../../arm-none-eabi/lib/thumb2\libm.a(lib_a-s_tan.o)
                0x08009a30                tan
 .text          0x08009a94       0x48 c:/users/ózê∂/mentorgraphics/sourcery_codebench_lite_for_arm_eabi/bin/../lib/gcc/arm-none-eabi/4.8.3/../../../../arm-none-eabi/lib/thumb2\libm.a(lib_a-sf_modf.o)
                0x08009a94                modff
 .text          0x08009adc       0x50 c:/users/ózê∂/mentorgraphics/sourcery_codebench_lite_for_arm_eabi/bin/../lib/gcc/arm-none-eabi/4.8.3/../../../../arm-none-eabi/lib/thumb2\libm.a(lib_a-sf_round.o)
                0x08009adc                roundf
 .text          0x08009b2c      0x338 c:/users/ózê∂/mentorgraphics/sourcery_codebench_lite_for_arm_eabi/bin/../lib/gcc/arm-none-eabi/4.8.3/../../../../arm-none-eabi/lib/thumb2\libm.a(lib_a-w_pow.o)
                0x08009b2c                pow
 .text          0x08009e64       0xb0 c:/users/ózê∂/mentorgraphics/sourcery_codebench_lite_for_arm_eabi/bin/../lib/gcc/arm-none-eabi/4.8.3/../../../../arm-none-eabi/lib/thumb2\libm.a(lib_a-w_sqrt.o)
                0x08009e64                sqrt
 .text          0x08009f14        0x4 c:/users/ózê∂/mentorgraphics/sourcery_codebench_lite_for_arm_eabi/bin/../lib/gcc/arm-none-eabi/4.8.3/../../../../arm-none-eabi/lib/thumb2\libm.a(lib_a-wf_atan2.o)
                0x08009f14                atan2f
 .text          0x08009f18      0x340 c:/users/ózê∂/mentorgraphics/sourcery_codebench_lite_for_arm_eabi/bin/../lib/gcc/arm-none-eabi/4.8.3/../../../../arm-none-eabi/lib/thumb2\libm.a(lib_a-wf_pow.o)
                0x08009f18                powf
 .text          0x0800a258      0xb68 c:/users/ózê∂/mentorgraphics/sourcery_codebench_lite_for_arm_eabi/bin/../lib/gcc/arm-none-eabi/4.8.3/../../../../arm-none-eabi/lib/thumb2\libm.a(lib_a-e_pow.o)
                0x0800a258                __ieee754_pow
 .text          0x0800adc0      0x460 c:/users/ózê∂/mentorgraphics/sourcery_codebench_lite_for_arm_eabi/bin/../lib/gcc/arm-none-eabi/4.8.3/../../../../arm-none-eabi/lib/thumb2\libm.a(lib_a-e_rem_pio2.o)
                0x0800adc0                __ieee754_rem_pio2
 .text          0x0800b220      0x17c c:/users/ózê∂/mentorgraphics/sourcery_codebench_lite_for_arm_eabi/bin/../lib/gcc/arm-none-eabi/4.8.3/../../../../arm-none-eabi/lib/thumb2\libm.a(lib_a-e_sqrt.o)
                0x0800b220                __ieee754_sqrt
 .text          0x0800b39c      0x148 c:/users/ózê∂/mentorgraphics/sourcery_codebench_lite_for_arm_eabi/bin/../lib/gcc/arm-none-eabi/4.8.3/../../../../arm-none-eabi/lib/thumb2\libm.a(lib_a-ef_atan2.o)
                0x0800b39c                __ieee754_atan2f
 .text          0x0800b4e4      0x748 c:/users/ózê∂/mentorgraphics/sourcery_codebench_lite_for_arm_eabi/bin/../lib/gcc/arm-none-eabi/4.8.3/../../../../arm-none-eabi/lib/thumb2\libm.a(lib_a-ef_pow.o)
                0x0800b4e4                __ieee754_powf
 .text          0x0800bc2c       0xac c:/users/ózê∂/mentorgraphics/sourcery_codebench_lite_for_arm_eabi/bin/../lib/gcc/arm-none-eabi/4.8.3/../../../../arm-none-eabi/lib/thumb2\libm.a(lib_a-ef_sqrt.o)
                0x0800bc2c                __ieee754_sqrtf
 .text          0x0800bcd8      0x258 c:/users/ózê∂/mentorgraphics/sourcery_codebench_lite_for_arm_eabi/bin/../lib/gcc/arm-none-eabi/4.8.3/../../../../arm-none-eabi/lib/thumb2\libm.a(lib_a-k_cos.o)
                0x0800bcd8                __kernel_cos
 .text          0x0800bf30      0x7cc c:/users/ózê∂/mentorgraphics/sourcery_codebench_lite_for_arm_eabi/bin/../lib/gcc/arm-none-eabi/4.8.3/../../../../arm-none-eabi/lib/thumb2\libm.a(lib_a-k_rem_pio2.o)
                0x0800bf30                __kernel_rem_pio2
 *fill*         0x0800c6fc        0x4 
 .text          0x0800c700      0x168 c:/users/ózê∂/mentorgraphics/sourcery_codebench_lite_for_arm_eabi/bin/../lib/gcc/arm-none-eabi/4.8.3/../../../../arm-none-eabi/lib/thumb2\libm.a(lib_a-k_sin.o)
                0x0800c700                __kernel_sin
 .text          0x0800c868      0x3d8 c:/users/ózê∂/mentorgraphics/sourcery_codebench_lite_for_arm_eabi/bin/../lib/gcc/arm-none-eabi/4.8.3/../../../../arm-none-eabi/lib/thumb2\libm.a(lib_a-k_tan.o)
                0x0800c868                __kernel_tan
 .text          0x0800cc40        0x8 c:/users/ózê∂/mentorgraphics/sourcery_codebench_lite_for_arm_eabi/bin/../lib/gcc/arm-none-eabi/4.8.3/../../../../arm-none-eabi/lib/thumb2\libm.a(lib_a-s_fabs.o)
                0x0800cc40                fabs
 .text          0x0800cc48        0xc c:/users/ózê∂/mentorgraphics/sourcery_codebench_lite_for_arm_eabi/bin/../lib/gcc/arm-none-eabi/4.8.3/../../../../arm-none-eabi/lib/thumb2\libm.a(lib_a-s_finite.o)
                0x0800cc48                finite
 *fill*         0x0800cc54        0x4 
 .text          0x0800cc58      0x120 c:/users/ózê∂/mentorgraphics/sourcery_codebench_lite_for_arm_eabi/bin/../lib/gcc/arm-none-eabi/4.8.3/../../../../arm-none-eabi/lib/thumb2\libm.a(lib_a-s_floor.o)
                0x0800cc58                floor
 .text          0x0800cd78       0x50 c:/users/ózê∂/mentorgraphics/sourcery_codebench_lite_for_arm_eabi/bin/../lib/gcc/arm-none-eabi/4.8.3/../../../../arm-none-eabi/lib/thumb2\libm.a(lib_a-s_fpclassify.o)
                0x0800cd78                __fpclassifyd
 .text          0x0800cdc8        0x4 c:/users/ózê∂/mentorgraphics/sourcery_codebench_lite_for_arm_eabi/bin/../lib/gcc/arm-none-eabi/4.8.3/../../../../arm-none-eabi/lib/thumb2\libm.a(lib_a-s_matherr.o)
                0x0800cdc8                matherr
 .text          0x0800cdcc        0xc c:/users/ózê∂/mentorgraphics/sourcery_codebench_lite_for_arm_eabi/bin/../lib/gcc/arm-none-eabi/4.8.3/../../../../arm-none-eabi/lib/thumb2\libm.a(lib_a-s_nan.o)
                0x0800cdcc                nan
 .text          0x0800cdd8      0x120 c:/users/ózê∂/mentorgraphics/sourcery_codebench_lite_for_arm_eabi/bin/../lib/gcc/arm-none-eabi/4.8.3/../../../../arm-none-eabi/lib/thumb2\libm.a(lib_a-s_rint.o)
                0x0800cdd8                rint
 .text          0x0800cef8      0x118 c:/users/ózê∂/mentorgraphics/sourcery_codebench_lite_for_arm_eabi/bin/../lib/gcc/arm-none-eabi/4.8.3/../../../../arm-none-eabi/lib/thumb2\libm.a(lib_a-s_scalbn.o)
                0x0800cef8                scalbn
 .text          0x0800d010      0x230 c:/users/ózê∂/mentorgraphics/sourcery_codebench_lite_for_arm_eabi/bin/../lib/gcc/arm-none-eabi/4.8.3/../../../../arm-none-eabi/lib/thumb2\libm.a(lib_a-sf_atan.o)
                0x0800d010                atanf
 .text          0x0800d240        0x8 c:/users/ózê∂/mentorgraphics/sourcery_codebench_lite_for_arm_eabi/bin/../lib/gcc/arm-none-eabi/4.8.3/../../../../arm-none-eabi/lib/thumb2\libm.a(lib_a-sf_fabs.o)
                0x0800d240                fabsf
 .text          0x0800d248       0x10 c:/users/ózê∂/mentorgraphics/sourcery_codebench_lite_for_arm_eabi/bin/../lib/gcc/arm-none-eabi/4.8.3/../../../../arm-none-eabi/lib/thumb2\libm.a(lib_a-sf_finite.o)
                0x0800d248                finitef
 .text          0x0800d258       0x34 c:/users/ózê∂/mentorgraphics/sourcery_codebench_lite_for_arm_eabi/bin/../lib/gcc/arm-none-eabi/4.8.3/../../../../arm-none-eabi/lib/thumb2\libm.a(lib_a-sf_fpclassify.o)
                0x0800d258                __fpclassifyf
 .text          0x0800d28c        0x8 c:/users/ózê∂/mentorgraphics/sourcery_codebench_lite_for_arm_eabi/bin/../lib/gcc/arm-none-eabi/4.8.3/../../../../arm-none-eabi/lib/thumb2\libm.a(lib_a-sf_nan.o)
                0x0800d28c                nanf
 .text          0x0800d294       0xb8 c:/users/ózê∂/mentorgraphics/sourcery_codebench_lite_for_arm_eabi/bin/../lib/gcc/arm-none-eabi/4.8.3/../../../../arm-none-eabi/lib/thumb2\libm.a(lib_a-sf_scalbn.o)
                0x0800d294                scalbnf
 .text          0x0800d34c       0x14 c:/users/ózê∂/mentorgraphics/sourcery_codebench_lite_for_arm_eabi/bin/../lib/gcc/arm-none-eabi/4.8.3/../../../../arm-none-eabi/lib/thumb2\libm.a(lib_a-s_copysign.o)
                0x0800d34c                copysign
 .text          0x0800d360        0xc c:/users/ózê∂/mentorgraphics/sourcery_codebench_lite_for_arm_eabi/bin/../lib/gcc/arm-none-eabi/4.8.3/../../../../arm-none-eabi/lib/thumb2\libm.a(lib_a-sf_copysign.o)
                0x0800d360                copysignf
 .text          0x0800d36c      0x370 c:/users/ózê∂/mentorgraphics/sourcery_codebench_lite_for_arm_eabi/bin/../lib/gcc/arm-none-eabi/4.8.3/thumb2\libgcc.a(_arm_addsubdf3.o)
                0x0800d36c                __aeabi_drsub
                0x0800d374                __aeabi_dsub
                0x0800d374                __subdf3
                0x0800d378                __aeabi_dadd
                0x0800d378                __adddf3
                0x0800d5f0                __floatunsidf
                0x0800d5f0                __aeabi_ui2d
                0x0800d610                __floatsidf
                0x0800d610                __aeabi_i2d
                0x0800d634                __aeabi_f2d
                0x0800d634                __extendsfdf2
                0x0800d670                __floatundidf
                0x0800d670                __aeabi_ul2d
                0x0800d680                __floatdidf
                0x0800d680                __aeabi_l2d
 .text          0x0800d6dc      0x424 c:/users/ózê∂/mentorgraphics/sourcery_codebench_lite_for_arm_eabi/bin/../lib/gcc/arm-none-eabi/4.8.3/thumb2\libgcc.a(_arm_muldivdf3.o)
                0x0800d6dc                __aeabi_dmul
                0x0800d6dc                __muldf3
                0x0800d930                __divdf3
                0x0800d930                __aeabi_ddiv
 .text          0x0800db00      0x110 c:/users/ózê∂/mentorgraphics/sourcery_codebench_lite_for_arm_eabi/bin/../lib/gcc/arm-none-eabi/4.8.3/thumb2\libgcc.a(_arm_cmpdf2.o)
                0x0800db00                __gtdf2
                0x0800db00                __gedf2
                0x0800db08                __ltdf2
                0x0800db08                __ledf2
                0x0800db10                __nedf2
                0x0800db10                __eqdf2
                0x0800db10                __cmpdf2
                0x0800db8c                __aeabi_cdrcmple
                0x0800db9c                __aeabi_cdcmpeq
                0x0800db9c                __aeabi_cdcmple
                0x0800dbac                __aeabi_dcmpeq
                0x0800dbc0                __aeabi_dcmplt
                0x0800dbd4                __aeabi_dcmple
                0x0800dbe8                __aeabi_dcmpge
                0x0800dbfc                __aeabi_dcmpgt
 .text          0x0800dc10       0x50 c:/users/ózê∂/mentorgraphics/sourcery_codebench_lite_for_arm_eabi/bin/../lib/gcc/arm-none-eabi/4.8.3/thumb2\libgcc.a(_arm_fixdfsi.o)
                0x0800dc10                __aeabi_d2iz
                0x0800dc10                __fixdfsi
 .text          0x0800dc60       0x40 c:/users/ózê∂/mentorgraphics/sourcery_codebench_lite_for_arm_eabi/bin/../lib/gcc/arm-none-eabi/4.8.3/thumb2\libgcc.a(_arm_fixunsdfsi.o)
                0x0800dc60                __aeabi_d2uiz
                0x0800dc60                __fixunsdfsi
 .text          0x0800dca0       0xa0 c:/users/ózê∂/mentorgraphics/sourcery_codebench_lite_for_arm_eabi/bin/../lib/gcc/arm-none-eabi/4.8.3/thumb2\libgcc.a(_arm_truncdfsf2.o)
                0x0800dca0                __truncdfsf2
                0x0800dca0                __aeabi_d2f
 .text          0x0800dd40      0x21c c:/users/ózê∂/mentorgraphics/sourcery_codebench_lite_for_arm_eabi/bin/../lib/gcc/arm-none-eabi/4.8.3/thumb2\libgcc.a(_arm_addsubsf3.o)
                0x0800dd40                __aeabi_frsub
                0x0800dd48                __subsf3
                0x0800dd48                __aeabi_fsub
                0x0800dd4c                __aeabi_fadd
                0x0800dd4c                __addsf3
                0x0800deac                __aeabi_ui2f
                0x0800deac                __floatunsisf
                0x0800deb4                __aeabi_i2f
                0x0800deb4                __floatsisf
                0x0800ded0                __aeabi_ul2f
                0x0800ded0                __floatundisf
                0x0800dee0                __aeabi_l2f
                0x0800dee0                __floatdisf
 .text          0x0800df5c      0x2a0 c:/users/ózê∂/mentorgraphics/sourcery_codebench_lite_for_arm_eabi/bin/../lib/gcc/arm-none-eabi/4.8.3/thumb2\libgcc.a(_arm_muldivsf3.o)
                0x0800df5c                __mulsf3
                0x0800df5c                __aeabi_fmul
                0x0800e0c4                __aeabi_fdiv
                0x0800e0c4                __divsf3
 .text          0x0800e1fc       0xec c:/users/ózê∂/mentorgraphics/sourcery_codebench_lite_for_arm_eabi/bin/../lib/gcc/arm-none-eabi/4.8.3/thumb2\libgcc.a(_arm_cmpsf2.o)
                0x0800e1fc                __gesf2
                0x0800e1fc                __gtsf2
                0x0800e204                __lesf2
                0x0800e204                __ltsf2
                0x0800e20c                __nesf2
                0x0800e20c                __eqsf2
                0x0800e20c                __cmpsf2
                0x0800e26c                __aeabi_cfrcmple
                0x0800e274                __aeabi_cfcmpeq
                0x0800e274                __aeabi_cfcmple
                0x0800e284                __aeabi_fcmpeq
                0x0800e298                __aeabi_fcmplt
                0x0800e2ac                __aeabi_fcmple
                0x0800e2c0                __aeabi_fcmpge
                0x0800e2d4                __aeabi_fcmpgt
 .text          0x0800e2e8       0x4c c:/users/ózê∂/mentorgraphics/sourcery_codebench_lite_for_arm_eabi/bin/../lib/gcc/arm-none-eabi/4.8.3/thumb2\libgcc.a(_arm_fixsfsi.o)
                0x0800e2e8                __aeabi_f2iz
                0x0800e2e8                __fixsfsi
 .text          0x0800e334       0x40 c:/users/ózê∂/mentorgraphics/sourcery_codebench_lite_for_arm_eabi/bin/../lib/gcc/arm-none-eabi/4.8.3/thumb2\libgcc.a(_arm_fixunssfsi.o)
                0x0800e334                __fixunssfsi
                0x0800e334                __aeabi_f2uiz
 .text          0x0800e374        0xc c:/users/ózê∂/mentorgraphics/sourcery_codebench_lite_for_arm_eabi/bin/../lib/gcc/arm-none-eabi/4.8.3/../../../../arm-none-eabi/lib/thumb2\libc.a(lib_a-errno.o)
                0x0800e374                __errno
 *(.init)
 *(.fini)
 *crtbegin.o(.ctors)
 *crtbegin?.o(.ctors)
 *(EXCLUDE_FILE(*crtend.o *crtend?.o) .ctors)
 *(SORT(.ctors.*))
 *(.ctors)
 *crtbegin.o(.dtors)
 *crtbegin?.o(.dtors)
 *(EXCLUDE_FILE(*crtend.o *crtend?.o) .dtors)
 *(SORT(.dtors.*))
 *(.dtors)
 *(.rodata*)
 .rodata        0x0800e380       0x10 ..\obj\main.o
 .rodata.str1.4
                0x0800e390        0x4 c:/users/ózê∂/mentorgraphics/sourcery_codebench_lite_for_arm_eabi/bin/../lib/gcc/arm-none-eabi/4.8.3/../../../../arm-none-eabi/lib/thumb2\libm.a(lib_a-w_pow.o)
 .rodata.str1.4
                0x0800e394        0x5 c:/users/ózê∂/mentorgraphics/sourcery_codebench_lite_for_arm_eabi/bin/../lib/gcc/arm-none-eabi/4.8.3/../../../../arm-none-eabi/lib/thumb2\libm.a(lib_a-w_sqrt.o)
                                  0x8 (size before relaxing)
 *fill*         0x0800e399        0x3 
 .rodata.str1.4
                0x0800e39c        0x5 c:/users/ózê∂/mentorgraphics/sourcery_codebench_lite_for_arm_eabi/bin/../lib/gcc/arm-none-eabi/4.8.3/../../../../arm-none-eabi/lib/thumb2\libm.a(lib_a-wf_pow.o)
                                  0x8 (size before relaxing)
 *fill*         0x0800e3a1        0x7 
 .rodata        0x0800e3a8       0x30 c:/users/ózê∂/mentorgraphics/sourcery_codebench_lite_for_arm_eabi/bin/../lib/gcc/arm-none-eabi/4.8.3/../../../../arm-none-eabi/lib/thumb2\libm.a(lib_a-e_pow.o)
 .rodata.str1.4
                0x00000000        0x5 c:/users/ózê∂/mentorgraphics/sourcery_codebench_lite_for_arm_eabi/bin/../lib/gcc/arm-none-eabi/4.8.3/../../../../arm-none-eabi/lib/thumb2\libm.a(lib_a-e_pow.o)
                                  0x4 (size before relaxing)
 .rodata        0x0800e3d8      0x188 c:/users/ózê∂/mentorgraphics/sourcery_codebench_lite_for_arm_eabi/bin/../lib/gcc/arm-none-eabi/4.8.3/../../../../arm-none-eabi/lib/thumb2\libm.a(lib_a-e_rem_pio2.o)
 .rodata        0x0800e560       0x18 c:/users/ózê∂/mentorgraphics/sourcery_codebench_lite_for_arm_eabi/bin/../lib/gcc/arm-none-eabi/4.8.3/../../../../arm-none-eabi/lib/thumb2\libm.a(lib_a-ef_pow.o)
 .rodata.str1.4
                0x00000000        0x4 c:/users/ózê∂/mentorgraphics/sourcery_codebench_lite_for_arm_eabi/bin/../lib/gcc/arm-none-eabi/4.8.3/../../../../arm-none-eabi/lib/thumb2\libm.a(lib_a-ef_pow.o)
 .rodata        0x0800e578       0x50 c:/users/ózê∂/mentorgraphics/sourcery_codebench_lite_for_arm_eabi/bin/../lib/gcc/arm-none-eabi/4.8.3/../../../../arm-none-eabi/lib/thumb2\libm.a(lib_a-k_rem_pio2.o)
 .rodata        0x0800e5c8       0x10 c:/users/ózê∂/mentorgraphics/sourcery_codebench_lite_for_arm_eabi/bin/../lib/gcc/arm-none-eabi/4.8.3/../../../../arm-none-eabi/lib/thumb2\libm.a(lib_a-s_rint.o)
 .rodata        0x0800e5d8       0x20 c:/users/ózê∂/mentorgraphics/sourcery_codebench_lite_for_arm_eabi/bin/../lib/gcc/arm-none-eabi/4.8.3/../../../../arm-none-eabi/lib/thumb2\libm.a(lib_a-sf_atan.o)
 .rodata.str1.4
                0x0800e5f8        0x4 c:/users/ózê∂/mentorgraphics/sourcery_codebench_lite_for_arm_eabi/bin/../lib/gcc/arm-none-eabi/4.8.3/../../../../arm-none-eabi/lib/thumb2\libc.a(lib_a-impure.o)
 *(.eh_fram e*)

.glue_7         0x0800e5fc        0x0
 .glue_7        0x00000000        0x0 linker stubs

.glue_7t        0x0800e5fc        0x0
 .glue_7t       0x00000000        0x0 linker stubs

.vfp11_veneer   0x0800e5fc        0x0
 .vfp11_veneer  0x00000000        0x0 linker stubs

.v4_bx          0x0800e5fc        0x0
 .v4_bx         0x00000000        0x0 linker stubs

.iplt           0x0800e5fc        0x0
 .iplt          0x00000000        0x0 ..\obj\config_pwm.o

.rel.dyn        0x0800e5fc        0x0
 .rel.iplt      0x00000000        0x0 ..\obj\config_pwm.o

.ARM.extab
 *(.ARM.extab* .gnu.linkonce.armextab.*)
                0x0800e5fc                __exidx_start = .

.ARM.exidx
 *(.ARM.exidx* .gnu.linkonce.armexidx.*)
                0x0800e5fc                __exidx_end = .
                0x0800e5fc                __etext = .
                0x0800e5fc                _sidata = __etext

.data           0x20000000      0x150 load address 0x0800e5fc
                0x20000000                __data_start__ = .
                0x20000000                _sdata = __data_start__
 *(vtable)
 *(.data*)
 .data          0x20000000       0x30 ..\obj\usbd_core.o
                0x20000000                USBD_DCD_INT_cb
                0x2000002c                USBD_DCD_INT_fops
 .data          0x20000030       0x10 ..\obj\stm32f4xx_rcc.o
 .data          0x20000040       0x14 ..\obj\system_stm32f4xx.o
                0x20000040                SystemCoreClock
                0x20000044                AHBPrescTable
 .data          0x20000054        0x4 ..\obj\receive.o
 .data          0x20000058        0x1 c:/users/ózê∂/mentorgraphics/sourcery_codebench_lite_for_arm_eabi/bin/../lib/gcc/arm-none-eabi/4.8.3/../../../../arm-none-eabi/lib/thumb2\libm.a(lib_a-s_lib_ver.o)
                0x20000058                __fdlib_version
 *fill*         0x20000059        0x3 
 .data          0x2000005c       0xf4 c:/users/ózê∂/mentorgraphics/sourcery_codebench_lite_for_arm_eabi/bin/../lib/gcc/arm-none-eabi/4.8.3/../../../../arm-none-eabi/lib/thumb2\libc.a(lib_a-impure.o)
                0x2000005c                _impure_ptr
                0x20000150                . = ALIGN (0x4)
                0x20000150                PROVIDE (__preinit_array_start, .)
 *(.preinit_array)
                0x20000150                PROVIDE (__preinit_array_end, .)
                0x20000150                . = ALIGN (0x4)
                0x20000150                PROVIDE (__init_array_start, .)
 *(SORT(.init_array.*))
 *(.init_array)
                0x20000150                PROVIDE (__init_array_end, .)
                0x20000150                . = ALIGN (0x4)
                0x20000150                PROVIDE (__fini_array_start, .)
 *(SORT(.fini_array.*))
 *(.fini_array)
                0x20000150                PROVIDE (__fini_array_end, .)
 *(.jcr*)
                0x20000150                . = ALIGN (0x4)
                0x20000150                __data_end__ = .
                0x20000150                _edata = __data_end__

.igot.plt       0x20000150        0x0 load address 0x0800e74c
 .igot.plt      0x00000000        0x0 ..\obj\config_pwm.o

.bss            0x20000150      0x864 load address 0x0800e74c
                0x20000150                . = ALIGN (0x4)
                0x20000150                __bss_start__ = .
                0x20000150                _sbss = __bss_start__
 *(.bss*)
 .bss           0x20000150       0x30 ..\obj\chata.o
 .bss           0x20000180       0x30 ..\obj\config_encoder.o
                0x20000180                g_over_tim1
                0x20000184                g_under_tim1
                0x20000188                g_over_tim2
                0x2000018c                g_under_tim2
                0x20000190                g_over_tim3
                0x20000194                g_under_tim3
                0x20000198                g_over_tim4
                0x2000019c                g_under_tim4
                0x200001a0                g_over_tim5
                0x200001a4                g_under_tim5
                0x200001a8                g_over_tim8
                0x200001ac                g_under_tim8
 .bss           0x200001b0        0xc ..\obj\robo_finction.o
 .bss           0x200001bc       0x10 ..\obj\config_adc.o
                0x200001bc                g_ADC1_value
 .bss           0x200001cc       0x10 ..\obj\config_systick.o
                0x200001cc                g_time
                0x200001d0                g_serial_time
                0x200001d4                g_debug_time
                0x200001d8                g_micro_time
 .bss           0x200001dc       0x10 ..\obj\usbd_req.o
                0x200001dc                USBD_ep_status
                0x200001e0                USBD_default_cfg
                0x200001e4                USBD_cfg_status
 .bss           0x200001ec       0xcc ..\obj\robo_data.o
 .bss           0x200002b8      0x104 ..\obj\receive.o
                0x200002b8                g_atoz_value
                0x20000320                g_AtoZ_value
 .bss           0x200003bc        0x8 ..\obj\name_converter.o
 *(COMMON)
 COMMON         0x200003c4      0x5f0 ..\obj\transmit.o
                0x200003c4                USB_OTG_dev
                0x200009b4                . = ALIGN (0x4)
                0x200009b4                __bss_end__ = .
                0x200009b4                _ebss = __bss_end__

.heap           0x200009b4        0x0
                0x200009b4                __end__ = .
                0x200009b4                _end = __end__
                0x200009b4                end = __end__
 *(.heap*)
                0x200009b4                __HeapLimit = .

.co_stack       0x200009b4      0x804 load address 0x0800efb0
                0x200009b8                . = ALIGN (0x8)
 *fill*         0x200009b4        0x4 
 *(.co_stack .co_stack.*)
 .co_stack      0x200009b8      0x800 ..\obj\startup_stm32f4xx.o
                0x200009b8                pulStack
                0x20020000                __StackTop = (ORIGIN (ram) + 0x20000)
                0x2001f7fc                __StackLimit = (__StackTop - SIZEOF (.co_stack))
                0x20020000                PROVIDE (__stack, __StackTop)
                0x00000001                ASSERT ((__StackLimit >= __HeapLimit), region ram  overflowed with stack)
LOAD ..\obj\config_pwm.o
LOAD ..\obj\stm32f4xx_syscfg.o
LOAD ..\obj\usb_core.o
LOAD ..\obj\chata.o
LOAD ..\obj\transmit.o
LOAD ..\obj\config_port.o
LOAD ..\obj\stm32f4xx_sdio.o
LOAD ..\obj\usbd_usr.o
LOAD ..\obj\config_usb.o
LOAD ..\obj\config_encoder.o
LOAD ..\obj\stm32f4xx_usart.o
LOAD ..\obj\stm32f4xx_pwr.o
LOAD ..\obj\stm32f4xx_can.o
LOAD ..\obj\my_standard_io.o
LOAD ..\obj\startup_stm32f4xx.o
LOAD ..\obj\stm32f4xx_crc.o
LOAD ..\obj\usbd_core.o
LOAD ..\obj\main.o
LOAD ..\obj\stm32f4xx_rcc.o
LOAD ..\obj\robo_finction.o
LOAD ..\obj\stm32f4xx_adc.o
LOAD ..\obj\config_adc.o
LOAD ..\obj\motor.o
LOAD ..\obj\usbd_desc.o
LOAD ..\obj\stm32f4xx_fsmc.o
LOAD ..\obj\config_systick.o
LOAD ..\obj\stm32f4xx_gpio.o
LOAD ..\obj\stm32f4xx_flash.o
LOAD ..\obj\usbd_cdc_vcp.o
LOAD ..\obj\system_stm32f4xx.o
LOAD ..\obj\syscalls.o
LOAD ..\obj\stm32f4xx_dma.o
LOAD ..\obj\usb_bsp.o
LOAD ..\obj\cam_cal.o
LOAD ..\obj\usbd_req.o
LOAD ..\obj\usb_dcd_int.o
LOAD ..\obj\debug.o
LOAD ..\obj\robo_data.o
LOAD ..\obj\usbd_cdc_core.o
LOAD ..\obj\receive.o
LOAD ..\obj\stm32f4xx_spi.o
LOAD ..\obj\stm32f4xx_i2c.o
LOAD ..\obj\stm32f4xx_exti.o
LOAD ..\obj\name_converter.o
LOAD ..\obj\misc.o
LOAD ..\obj\usb_dcd.o
LOAD ..\obj\init_micro_interrupt.o
LOAD ..\obj\usbd_ioreq.o
LOAD ..\obj\config_usart.o
LOAD ..\obj\stm32f4xx_tim.o
LOAD c:/users/ózê∂/mentorgraphics/sourcery_codebench_lite_for_arm_eabi/bin/../lib/gcc/arm-none-eabi/4.8.3/../../../../arm-none-eabi/lib/thumb2\libm.a
LOAD c:/users/ózê∂/mentorgraphics/sourcery_codebench_lite_for_arm_eabi/bin/../lib/gcc/arm-none-eabi/4.8.3/thumb2\libgcc.a
LOAD c:/users/ózê∂/mentorgraphics/sourcery_codebench_lite_for_arm_eabi/bin/../lib/gcc/arm-none-eabi/4.8.3/../../../../arm-none-eabi/lib/thumb2\libc.a
START GROUP
LOAD c:/users/ózê∂/mentorgraphics/sourcery_codebench_lite_for_arm_eabi/bin/../lib/gcc/arm-none-eabi/4.8.3/thumb2\libgcc.a
LOAD c:/users/ózê∂/mentorgraphics/sourcery_codebench_lite_for_arm_eabi/bin/../lib/gcc/arm-none-eabi/4.8.3/../../../../arm-none-eabi/lib/thumb2\libc.a
END GROUP
OUTPUT(3axes.elf elf32-littlearm)

.debug_info     0x00000000    0x16ea1
 .debug_info    0x00000000      0x859 ..\obj\config_pwm.o
 .debug_info    0x00000859     0x24ef ..\obj\usb_core.o
 .debug_info    0x00002d48       0xd5 ..\obj\chata.o
 .debug_info    0x00002e1d      0xc5c ..\obj\transmit.o
 .debug_info    0x00003a79      0x2cc ..\obj\config_port.o
 .debug_info    0x00003d45      0xcf3 ..\obj\config_usb.o
 .debug_info    0x00004a38      0x6a7 ..\obj\config_encoder.o
 .debug_info    0x000050df      0x996 ..\obj\stm32f4xx_usart.o
 .debug_info    0x00005a75      0x3e1 ..\obj\my_standard_io.o
 .debug_info    0x00005e56       0xed ..\obj\startup_stm32f4xx.o
 .debug_info    0x00005f43      0xe69 ..\obj\usbd_core.o
 .debug_info    0x00006dac     0x1259 ..\obj\main.o
 .debug_info    0x00008005      0xc21 ..\obj\stm32f4xx_rcc.o
 .debug_info    0x00008c26      0x4cd ..\obj\robo_finction.o
 .debug_info    0x000090f3      0xc0c ..\obj\stm32f4xx_adc.o
 .debug_info    0x00009cff      0x671 ..\obj\config_adc.o
 .debug_info    0x0000a370      0x43d ..\obj\motor.o
 .debug_info    0x0000a7ad      0x9ea ..\obj\config_systick.o
 .debug_info    0x0000b197      0x5d6 ..\obj\stm32f4xx_gpio.o
 .debug_info    0x0000b76d      0x566 ..\obj\system_stm32f4xx.o
 .debug_info    0x0000bcd3      0x718 ..\obj\stm32f4xx_dma.o
 .debug_info    0x0000c3eb      0xfd8 ..\obj\usb_bsp.o
 .debug_info    0x0000d3c3      0xd7e ..\obj\cam_cal.o
 .debug_info    0x0000e141      0xf6f ..\obj\usbd_req.o
 .debug_info    0x0000f0b0     0x1d41 ..\obj\usb_dcd_int.o
 .debug_info    0x00010df1      0xec2 ..\obj\robo_data.o
 .debug_info    0x00011cb3      0x430 ..\obj\receive.o
 .debug_info    0x000120e3      0x331 ..\obj\stm32f4xx_exti.o
 .debug_info    0x00012414      0x89d ..\obj\name_converter.o
 .debug_info    0x00012cb1      0x51c ..\obj\misc.o
 .debug_info    0x000131cd      0xff3 ..\obj\usb_dcd.o
 .debug_info    0x000141c0      0xc8b ..\obj\usbd_ioreq.o
 .debug_info    0x00014e4b      0x421 ..\obj\config_usart.o
 .debug_info    0x0001526c     0x1c35 ..\obj\stm32f4xx_tim.o

.debug_abbrev   0x00000000     0x3682
 .debug_abbrev  0x00000000      0x160 ..\obj\config_pwm.o
 .debug_abbrev  0x00000160      0x2e7 ..\obj\usb_core.o
 .debug_abbrev  0x00000447       0x9d ..\obj\chata.o
 .debug_abbrev  0x000004e4      0x1a9 ..\obj\transmit.o
 .debug_abbrev  0x0000068d      0x126 ..\obj\config_port.o
 .debug_abbrev  0x000007b3      0x204 ..\obj\config_usb.o
 .debug_abbrev  0x000009b7      0x189 ..\obj\config_encoder.o
 .debug_abbrev  0x00000b40      0x155 ..\obj\stm32f4xx_usart.o
 .debug_abbrev  0x00000c95       0xef ..\obj\my_standard_io.o
 .debug_abbrev  0x00000d84       0xb0 ..\obj\startup_stm32f4xx.o
 .debug_abbrev  0x00000e34      0x21d ..\obj\usbd_core.o
 .debug_abbrev  0x00001051      0x1b8 ..\obj\main.o
 .debug_abbrev  0x00001209      0x1e3 ..\obj\stm32f4xx_rcc.o
 .debug_abbrev  0x000013ec      0x155 ..\obj\robo_finction.o
 .debug_abbrev  0x00001541      0x196 ..\obj\stm32f4xx_adc.o
 .debug_abbrev  0x000016d7      0x162 ..\obj\config_adc.o
 .debug_abbrev  0x00001839       0xd8 ..\obj\motor.o
 .debug_abbrev  0x00001911      0x22c ..\obj\config_systick.o
 .debug_abbrev  0x00001b3d      0x1a3 ..\obj\stm32f4xx_gpio.o
 .debug_abbrev  0x00001ce0      0x136 ..\obj\system_stm32f4xx.o
 .debug_abbrev  0x00001e16      0x155 ..\obj\stm32f4xx_dma.o
 .debug_abbrev  0x00001f6b      0x22b ..\obj\usb_bsp.o
 .debug_abbrev  0x00002196      0x188 ..\obj\cam_cal.o
 .debug_abbrev  0x0000231e      0x293 ..\obj\usbd_req.o
 .debug_abbrev  0x000025b1      0x25b ..\obj\usb_dcd_int.o
 .debug_abbrev  0x0000280c      0x1c4 ..\obj\robo_data.o
 .debug_abbrev  0x000029d0      0x165 ..\obj\receive.o
 .debug_abbrev  0x00002b35      0x1a5 ..\obj\stm32f4xx_exti.o
 .debug_abbrev  0x00002cda      0x18d ..\obj\name_converter.o
 .debug_abbrev  0x00002e67      0x145 ..\obj\misc.o
 .debug_abbrev  0x00002fac      0x259 ..\obj\usb_dcd.o
 .debug_abbrev  0x00003205      0x1af ..\obj\usbd_ioreq.o
 .debug_abbrev  0x000033b4      0x147 ..\obj\config_usart.o
 .debug_abbrev  0x000034fb      0x187 ..\obj\stm32f4xx_tim.o

.debug_aranges  0x00000000     0x1228
 .debug_aranges
                0x00000000       0x28 ..\obj\config_pwm.o
 .debug_aranges
                0x00000028      0x138 ..\obj\usb_core.o
 .debug_aranges
                0x00000160       0x28 ..\obj\chata.o
 .debug_aranges
                0x00000188       0x40 ..\obj\transmit.o
 .debug_aranges
                0x000001c8       0x20 ..\obj\config_port.o
 .debug_aranges
                0x000001e8       0x90 ..\obj\config_usb.o
 .debug_aranges
                0x00000278       0x78 ..\obj\config_encoder.o
 .debug_aranges
                0x000002f0      0x100 ..\obj\stm32f4xx_usart.o
 .debug_aranges
                0x000003f0       0x78 ..\obj\my_standard_io.o
 .debug_aranges
                0x00000468       0x28 ..\obj\startup_stm32f4xx.o
 .debug_aranges
                0x00000490       0x80 ..\obj\usbd_core.o
 .debug_aranges
                0x00000510       0x30 ..\obj\main.o
 .debug_aranges
                0x00000540      0x178 ..\obj\stm32f4xx_rcc.o
 .debug_aranges
                0x000006b8       0x48 ..\obj\robo_finction.o
 .debug_aranges
                0x00000700      0x148 ..\obj\stm32f4xx_adc.o
 .debug_aranges
                0x00000848       0x30 ..\obj\config_adc.o
 .debug_aranges
                0x00000878       0x48 ..\obj\motor.o
 .debug_aranges
                0x000008c0       0x58 ..\obj\config_systick.o
 .debug_aranges
                0x00000918       0x88 ..\obj\stm32f4xx_gpio.o
 .debug_aranges
                0x000009a0       0x30 ..\obj\system_stm32f4xx.o
 .debug_aranges
                0x000009d0       0xb0 ..\obj\stm32f4xx_dma.o
 .debug_aranges
                0x00000a80       0x48 ..\obj\usb_bsp.o
 .debug_aranges
                0x00000ac8       0x20 ..\obj\cam_cal.o
 .debug_aranges
                0x00000ae8       0x88 ..\obj\usbd_req.o
 .debug_aranges
                0x00000b70       0x80 ..\obj\usb_dcd_int.o
 .debug_aranges
                0x00000bf0       0xd8 ..\obj\robo_data.o
 .debug_aranges
                0x00000cc8       0x60 ..\obj\receive.o
 .debug_aranges
                0x00000d28       0x58 ..\obj\stm32f4xx_exti.o
 .debug_aranges
                0x00000d80       0x68 ..\obj\name_converter.o
 .debug_aranges
                0x00000de8       0x40 ..\obj\misc.o
 .debug_aranges
                0x00000e28       0x80 ..\obj\usb_dcd.o
 .debug_aranges
                0x00000ea8       0x50 ..\obj\usbd_ioreq.o
 .debug_aranges
                0x00000ef8       0x38 ..\obj\config_usart.o
 .debug_aranges
                0x00000f30      0x2f8 ..\obj\stm32f4xx_tim.o

.debug_ranges   0x00000000     0x1008
 .debug_ranges  0x00000000       0x18 ..\obj\config_pwm.o
 .debug_ranges  0x00000018      0x128 ..\obj\usb_core.o
 .debug_ranges  0x00000140       0x18 ..\obj\chata.o
 .debug_ranges  0x00000158       0x30 ..\obj\transmit.o
 .debug_ranges  0x00000188       0x10 ..\obj\config_port.o
 .debug_ranges  0x00000198       0x80 ..\obj\config_usb.o
 .debug_ranges  0x00000218       0x68 ..\obj\config_encoder.o
 .debug_ranges  0x00000280       0xf0 ..\obj\stm32f4xx_usart.o
 .debug_ranges  0x00000370       0x68 ..\obj\my_standard_io.o
 .debug_ranges  0x000003d8       0x18 ..\obj\startup_stm32f4xx.o
 .debug_ranges  0x000003f0       0x70 ..\obj\usbd_core.o
 .debug_ranges  0x00000460       0x20 ..\obj\main.o
 .debug_ranges  0x00000480      0x168 ..\obj\stm32f4xx_rcc.o
 .debug_ranges  0x000005e8       0x38 ..\obj\robo_finction.o
 .debug_ranges  0x00000620      0x138 ..\obj\stm32f4xx_adc.o
 .debug_ranges  0x00000758       0x20 ..\obj\config_adc.o
 .debug_ranges  0x00000778       0x38 ..\obj\motor.o
 .debug_ranges  0x000007b0       0x48 ..\obj\config_systick.o
 .debug_ranges  0x000007f8       0x78 ..\obj\stm32f4xx_gpio.o
 .debug_ranges  0x00000870       0x20 ..\obj\system_stm32f4xx.o
 .debug_ranges  0x00000890       0xa0 ..\obj\stm32f4xx_dma.o
 .debug_ranges  0x00000930       0x38 ..\obj\usb_bsp.o
 .debug_ranges  0x00000968       0x10 ..\obj\cam_cal.o
 .debug_ranges  0x00000978       0x78 ..\obj\usbd_req.o
 .debug_ranges  0x000009f0       0x70 ..\obj\usb_dcd_int.o
 .debug_ranges  0x00000a60       0xc8 ..\obj\robo_data.o
 .debug_ranges  0x00000b28       0x50 ..\obj\receive.o
 .debug_ranges  0x00000b78       0x48 ..\obj\stm32f4xx_exti.o
 .debug_ranges  0x00000bc0       0x58 ..\obj\name_converter.o
 .debug_ranges  0x00000c18       0x30 ..\obj\misc.o
 .debug_ranges  0x00000c48       0x70 ..\obj\usb_dcd.o
 .debug_ranges  0x00000cb8       0x40 ..\obj\usbd_ioreq.o
 .debug_ranges  0x00000cf8       0x28 ..\obj\config_usart.o
 .debug_ranges  0x00000d20      0x2e8 ..\obj\stm32f4xx_tim.o

.debug_line     0x00000000     0x685a
 .debug_line    0x00000000      0x267 ..\obj\config_pwm.o
 .debug_line    0x00000267      0x67a ..\obj\usb_core.o
 .debug_line    0x000008e1       0xb0 ..\obj\chata.o
 .debug_line    0x00000991      0x26c ..\obj\transmit.o
 .debug_line    0x00000bfd      0x1b6 ..\obj\config_port.o
 .debug_line    0x00000db3      0x3dc ..\obj\config_usb.o
 .debug_line    0x0000118f      0x2e3 ..\obj\config_encoder.o
 .debug_line    0x00001472      0x448 ..\obj\stm32f4xx_usart.o
 .debug_line    0x000018ba      0x1d2 ..\obj\my_standard_io.o
 .debug_line    0x00001a8c       0x9f ..\obj\startup_stm32f4xx.o
 .debug_line    0x00001b2b      0x301 ..\obj\usbd_core.o
 .debug_line    0x00001e2c      0x3d3 ..\obj\main.o
 .debug_line    0x000021ff      0x541 ..\obj\stm32f4xx_rcc.o
 .debug_line    0x00002740      0x1ea ..\obj\robo_finction.o
 .debug_line    0x0000292a      0x4f7 ..\obj\stm32f4xx_adc.o
 .debug_line    0x00002e21      0x270 ..\obj\config_adc.o
 .debug_line    0x00003091      0x1db ..\obj\motor.o
 .debug_line    0x0000326c      0x268 ..\obj\config_systick.o
 .debug_line    0x000034d4      0x2e4 ..\obj\stm32f4xx_gpio.o
 .debug_line    0x000037b8      0x192 ..\obj\system_stm32f4xx.o
 .debug_line    0x0000394a      0x381 ..\obj\stm32f4xx_dma.o
 .debug_line    0x00003ccb      0x28f ..\obj\usb_bsp.o
 .debug_line    0x00003f5a      0x240 ..\obj\cam_cal.o
 .debug_line    0x0000419a      0x3b1 ..\obj\usbd_req.o
 .debug_line    0x0000454b      0x35d ..\obj\usb_dcd_int.o
 .debug_line    0x000048a8      0x4b8 ..\obj\robo_data.o
 .debug_line    0x00004d60      0x237 ..\obj\receive.o
 .debug_line    0x00004f97      0x24a ..\obj\stm32f4xx_exti.o
 .debug_line    0x000051e1      0x389 ..\obj\name_converter.o
 .debug_line    0x0000556a      0x1ea ..\obj\misc.o
 .debug_line    0x00005754      0x2e5 ..\obj\usb_dcd.o
 .debug_line    0x00005a39      0x215 ..\obj\usbd_ioreq.o
 .debug_line    0x00005c4e      0x202 ..\obj\config_usart.o
 .debug_line    0x00005e50      0xa0a ..\obj\stm32f4xx_tim.o

.debug_str      0x00000000     0x5bf2
 .debug_str     0x00000000      0x61d ..\obj\config_pwm.o
                                0x675 (size before relaxing)
 .debug_str     0x0000061d     0x12a9 ..\obj\usb_core.o
                               0x164b (size before relaxing)
 .debug_str     0x000018c6       0x5c ..\obj\chata.o
                                 0xcd (size before relaxing)
 .debug_str     0x00001922       0xaa ..\obj\transmit.o
                                0x963 (size before relaxing)
 .debug_str     0x000019cc      0x130 ..\obj\config_port.o
                                0x312 (size before relaxing)
 .debug_str     0x00001afc      0x159 ..\obj\config_usb.o
                                0xa55 (size before relaxing)
 .debug_str     0x00001c55      0x1ac ..\obj\config_encoder.o
                                0x537 (size before relaxing)
 .debug_str     0x00001e01      0x44c ..\obj\stm32f4xx_usart.o
                                0x63c (size before relaxing)
 .debug_str     0x0000224d       0xdd ..\obj\my_standard_io.o
                                0x20b (size before relaxing)
 .debug_str     0x0000232a       0xae ..\obj\startup_stm32f4xx.o
                                0x11e (size before relaxing)
 .debug_str     0x000023d8      0x19f ..\obj\usbd_core.o
                                0xa91 (size before relaxing)
 .debug_str     0x00002577      0x1c3 ..\obj\main.o
                                0xc55 (size before relaxing)
 .debug_str     0x0000273a      0x525 ..\obj\stm32f4xx_rcc.o
                                0x7fd (size before relaxing)
 .debug_str     0x00002c5f       0xa9 ..\obj\robo_finction.o
                                0x330 (size before relaxing)
 .debug_str     0x00002d08      0x638 ..\obj\stm32f4xx_adc.o
                                0x7b1 (size before relaxing)
 .debug_str     0x00003340      0x1da ..\obj\config_adc.o
                                0x566 (size before relaxing)
 .debug_str     0x0000351a       0x9b ..\obj\motor.o
                                0x2db (size before relaxing)
 .debug_str     0x000035b5      0x690 ..\obj\config_systick.o
                                0x962 (size before relaxing)
 .debug_str     0x00003c45      0x19b ..\obj\stm32f4xx_gpio.o
                                0x450 (size before relaxing)
 .debug_str     0x00003de0       0xb2 ..\obj\system_stm32f4xx.o
                                0x357 (size before relaxing)
 .debug_str     0x00003e92      0x25f ..\obj\stm32f4xx_dma.o
                                0x4f9 (size before relaxing)
 .debug_str     0x000040f1      0x160 ..\obj\usb_bsp.o
                               0x1092 (size before relaxing)
 .debug_str     0x00004251       0x39 ..\obj\cam_cal.o
                                0xa06 (size before relaxing)
 .debug_str     0x0000428a      0x192 ..\obj\usbd_req.o
                                0xabc (size before relaxing)
 .debug_str     0x0000441c      0x29a ..\obj\usb_dcd_int.o
                               0x1249 (size before relaxing)
 .debug_str     0x000046b6      0x3e5 ..\obj\robo_data.o
                                0x7e7 (size before relaxing)
 .debug_str     0x00004a9b      0x13d ..\obj\receive.o
                                0x2cf (size before relaxing)
 .debug_str     0x00004bd8      0x1cb ..\obj\stm32f4xx_exti.o
                                0x31b (size before relaxing)
 .debug_str     0x00004da3      0x10c ..\obj\name_converter.o
                                0x91c (size before relaxing)
 .debug_str     0x00004eaf      0x10a ..\obj\misc.o
                                0x386 (size before relaxing)
 .debug_str     0x00004fb9      0x120 ..\obj\usb_dcd.o
                                0xaeb (size before relaxing)
 .debug_str     0x000050d9       0xdb ..\obj\usbd_ioreq.o
                                0x97b (size before relaxing)
 .debug_str     0x000051b4       0xc2 ..\obj\config_usart.o
                                0x41e (size before relaxing)
 .debug_str     0x00005276      0x97c ..\obj\stm32f4xx_tim.o
                                0xd7d (size before relaxing)

.comment        0x00000000       0x46
 .comment       0x00000000       0x46 ..\obj\config_pwm.o
                                 0x47 (size before relaxing)
 .comment       0x00000000       0x47 ..\obj\usb_core.o
 .comment       0x00000000       0x47 ..\obj\chata.o
 .comment       0x00000000       0x47 ..\obj\transmit.o
 .comment       0x00000000       0x47 ..\obj\config_port.o
 .comment       0x00000000       0x47 ..\obj\config_usb.o
 .comment       0x00000000       0x47 ..\obj\config_encoder.o
 .comment       0x00000000       0x47 ..\obj\stm32f4xx_usart.o
 .comment       0x00000000       0x47 ..\obj\my_standard_io.o
 .comment       0x00000000       0x47 ..\obj\startup_stm32f4xx.o
 .comment       0x00000000       0x47 ..\obj\usbd_core.o
 .comment       0x00000000       0x47 ..\obj\main.o
 .comment       0x00000000       0x47 ..\obj\stm32f4xx_rcc.o
 .comment       0x00000000       0x47 ..\obj\robo_finction.o
 .comment       0x00000000       0x47 ..\obj\stm32f4xx_adc.o
 .comment       0x00000000       0x47 ..\obj\config_adc.o
 .comment       0x00000000       0x47 ..\obj\motor.o
 .comment       0x00000000       0x47 ..\obj\config_systick.o
 .comment       0x00000000       0x47 ..\obj\stm32f4xx_gpio.o
 .comment       0x00000000       0x47 ..\obj\system_stm32f4xx.o
 .comment       0x00000000       0x47 ..\obj\stm32f4xx_dma.o
 .comment       0x00000000       0x47 ..\obj\usb_bsp.o
 .comment       0x00000000       0x47 ..\obj\cam_cal.o
 .comment       0x00000000       0x47 ..\obj\usbd_req.o
 .comment       0x00000000       0x47 ..\obj\usb_dcd_int.o
 .comment       0x00000000       0x47 ..\obj\robo_data.o
 .comment       0x00000000       0x47 ..\obj\receive.o
 .comment       0x00000000       0x47 ..\obj\stm32f4xx_exti.o
 .comment       0x00000000       0x47 ..\obj\name_converter.o
 .comment       0x00000000       0x47 ..\obj\misc.o
 .comment       0x00000000       0x47 ..\obj\usb_dcd.o
 .comment       0x00000000       0x47 ..\obj\usbd_ioreq.o
 .comment       0x00000000       0x47 ..\obj\config_usart.o
 .comment       0x00000000       0x47 ..\obj\stm32f4xx_tim.o

.ARM.attributes
                0x00000000       0x31
 .ARM.attributes
                0x00000000       0x33 ..\obj\config_pwm.o
 .ARM.attributes
                0x00000033       0x33 ..\obj\usb_core.o
 .ARM.attributes
                0x00000066       0x33 ..\obj\chata.o
 .ARM.attributes
                0x00000099       0x33 ..\obj\transmit.o
 .ARM.attributes
                0x000000cc       0x33 ..\obj\config_port.o
 .ARM.attributes
                0x000000ff       0x33 ..\obj\config_usb.o
 .ARM.attributes
                0x00000132       0x33 ..\obj\config_encoder.o
 .ARM.attributes
                0x00000165       0x33 ..\obj\stm32f4xx_usart.o
 .ARM.attributes
                0x00000198       0x33 ..\obj\my_standard_io.o
 .ARM.attributes
                0x000001cb       0x33 ..\obj\startup_stm32f4xx.o
 .ARM.attributes
                0x000001fe       0x33 ..\obj\usbd_core.o
 .ARM.attributes
                0x00000231       0x33 ..\obj\main.o
 .ARM.attributes
                0x00000264       0x33 ..\obj\stm32f4xx_rcc.o
 .ARM.attributes
                0x00000297       0x33 ..\obj\robo_finction.o
 .ARM.attributes
                0x000002ca       0x33 ..\obj\stm32f4xx_adc.o
 .ARM.attributes
                0x000002fd       0x33 ..\obj\config_adc.o
 .ARM.attributes
                0x00000330       0x33 ..\obj\motor.o
 .ARM.attributes
                0x00000363       0x33 ..\obj\config_systick.o
 .ARM.attributes
                0x00000396       0x33 ..\obj\stm32f4xx_gpio.o
 .ARM.attributes
                0x000003c9       0x33 ..\obj\system_stm32f4xx.o
 .ARM.attributes
                0x000003fc       0x33 ..\obj\stm32f4xx_dma.o
 .ARM.attributes
                0x0000042f       0x33 ..\obj\usb_bsp.o
 .ARM.attributes
                0x00000462       0x33 ..\obj\cam_cal.o
 .ARM.attributes
                0x00000495       0x33 ..\obj\usbd_req.o
 .ARM.attributes
                0x000004c8       0x33 ..\obj\usb_dcd_int.o
 .ARM.attributes
                0x000004fb       0x33 ..\obj\robo_data.o
 .ARM.attributes
                0x0000052e       0x33 ..\obj\receive.o
 .ARM.attributes
                0x00000561       0x33 ..\obj\stm32f4xx_exti.o
 .ARM.attributes
                0x00000594       0x33 ..\obj\name_converter.o
 .ARM.attributes
                0x000005c7       0x33 ..\obj\misc.o
 .ARM.attributes
                0x000005fa       0x33 ..\obj\usb_dcd.o
 .ARM.attributes
                0x0000062d       0x33 ..\obj\usbd_ioreq.o
 .ARM.attributes
                0x00000660       0x33 ..\obj\config_usart.o
 .ARM.attributes
                0x00000693       0x33 ..\obj\stm32f4xx_tim.o
 .ARM.attributes
                0x000006c6       0x29 c:/users/ózê∂/mentorgraphics/sourcery_codebench_lite_for_arm_eabi/bin/../lib/gcc/arm-none-eabi/4.8.3/../../../../arm-none-eabi/lib/thumb2\libm.a(lib_a-s_cos.o)
 .ARM.attributes
                0x000006ef       0x29 c:/users/ózê∂/mentorgraphics/sourcery_codebench_lite_for_arm_eabi/bin/../lib/gcc/arm-none-eabi/4.8.3/../../../../arm-none-eabi/lib/thumb2\libm.a(lib_a-s_sin.o)
 .ARM.attributes
                0x00000718       0x29 c:/users/ózê∂/mentorgraphics/sourcery_codebench_lite_for_arm_eabi/bin/../lib/gcc/arm-none-eabi/4.8.3/../../../../arm-none-eabi/lib/thumb2\libm.a(lib_a-s_tan.o)
 .ARM.attributes
                0x00000741       0x29 c:/users/ózê∂/mentorgraphics/sourcery_codebench_lite_for_arm_eabi/bin/../lib/gcc/arm-none-eabi/4.8.3/../../../../arm-none-eabi/lib/thumb2\libm.a(lib_a-sf_modf.o)
 .ARM.attributes
                0x0000076a       0x29 c:/users/ózê∂/mentorgraphics/sourcery_codebench_lite_for_arm_eabi/bin/../lib/gcc/arm-none-eabi/4.8.3/../../../../arm-none-eabi/lib/thumb2\libm.a(lib_a-sf_round.o)
 .ARM.attributes
                0x00000793       0x29 c:/users/ózê∂/mentorgraphics/sourcery_codebench_lite_for_arm_eabi/bin/../lib/gcc/arm-none-eabi/4.8.3/../../../../arm-none-eabi/lib/thumb2\libm.a(lib_a-w_pow.o)
 .ARM.attributes
                0x000007bc       0x29 c:/users/ózê∂/mentorgraphics/sourcery_codebench_lite_for_arm_eabi/bin/../lib/gcc/arm-none-eabi/4.8.3/../../../../arm-none-eabi/lib/thumb2\libm.a(lib_a-w_sqrt.o)
 .ARM.attributes
                0x000007e5       0x29 c:/users/ózê∂/mentorgraphics/sourcery_codebench_lite_for_arm_eabi/bin/../lib/gcc/arm-none-eabi/4.8.3/../../../../arm-none-eabi/lib/thumb2\libm.a(lib_a-wf_atan2.o)
 .ARM.attributes
                0x0000080e       0x29 c:/users/ózê∂/mentorgraphics/sourcery_codebench_lite_for_arm_eabi/bin/../lib/gcc/arm-none-eabi/4.8.3/../../../../arm-none-eabi/lib/thumb2\libm.a(lib_a-wf_pow.o)
 .ARM.attributes
                0x00000837       0x29 c:/users/ózê∂/mentorgraphics/sourcery_codebench_lite_for_arm_eabi/bin/../lib/gcc/arm-none-eabi/4.8.3/../../../../arm-none-eabi/lib/thumb2\libm.a(lib_a-e_pow.o)
 .ARM.attributes
                0x00000860       0x29 c:/users/ózê∂/mentorgraphics/sourcery_codebench_lite_for_arm_eabi/bin/../lib/gcc/arm-none-eabi/4.8.3/../../../../arm-none-eabi/lib/thumb2\libm.a(lib_a-e_rem_pio2.o)
 .ARM.attributes
                0x00000889       0x29 c:/users/ózê∂/mentorgraphics/sourcery_codebench_lite_for_arm_eabi/bin/../lib/gcc/arm-none-eabi/4.8.3/../../../../arm-none-eabi/lib/thumb2\libm.a(lib_a-e_sqrt.o)
 .ARM.attributes
                0x000008b2       0x29 c:/users/ózê∂/mentorgraphics/sourcery_codebench_lite_for_arm_eabi/bin/../lib/gcc/arm-none-eabi/4.8.3/../../../../arm-none-eabi/lib/thumb2\libm.a(lib_a-ef_atan2.o)
 .ARM.attributes
                0x000008db       0x29 c:/users/ózê∂/mentorgraphics/sourcery_codebench_lite_for_arm_eabi/bin/../lib/gcc/arm-none-eabi/4.8.3/../../../../arm-none-eabi/lib/thumb2\libm.a(lib_a-ef_pow.o)
 .ARM.attributes
                0x00000904       0x29 c:/users/ózê∂/mentorgraphics/sourcery_codebench_lite_for_arm_eabi/bin/../lib/gcc/arm-none-eabi/4.8.3/../../../../arm-none-eabi/lib/thumb2\libm.a(lib_a-ef_sqrt.o)
 .ARM.attributes
                0x0000092d       0x29 c:/users/ózê∂/mentorgraphics/sourcery_codebench_lite_for_arm_eabi/bin/../lib/gcc/arm-none-eabi/4.8.3/../../../../arm-none-eabi/lib/thumb2\libm.a(lib_a-k_cos.o)
 .ARM.attributes
                0x00000956       0x29 c:/users/ózê∂/mentorgraphics/sourcery_codebench_lite_for_arm_eabi/bin/../lib/gcc/arm-none-eabi/4.8.3/../../../../arm-none-eabi/lib/thumb2\libm.a(lib_a-k_rem_pio2.o)
 .ARM.attributes
                0x0000097f       0x29 c:/users/ózê∂/mentorgraphics/sourcery_codebench_lite_for_arm_eabi/bin/../lib/gcc/arm-none-eabi/4.8.3/../../../../arm-none-eabi/lib/thumb2\libm.a(lib_a-k_sin.o)
 .ARM.attributes
                0x000009a8       0x29 c:/users/ózê∂/mentorgraphics/sourcery_codebench_lite_for_arm_eabi/bin/../lib/gcc/arm-none-eabi/4.8.3/../../../../arm-none-eabi/lib/thumb2\libm.a(lib_a-k_tan.o)
 .ARM.attributes
                0x000009d1       0x29 c:/users/ózê∂/mentorgraphics/sourcery_codebench_lite_for_arm_eabi/bin/../lib/gcc/arm-none-eabi/4.8.3/../../../../arm-none-eabi/lib/thumb2\libm.a(lib_a-s_fabs.o)
 .ARM.attributes
                0x000009fa       0x29 c:/users/ózê∂/mentorgraphics/sourcery_codebench_lite_for_arm_eabi/bin/../lib/gcc/arm-none-eabi/4.8.3/../../../../arm-none-eabi/lib/thumb2\libm.a(lib_a-s_finite.o)
 .ARM.attributes
                0x00000a23       0x29 c:/users/ózê∂/mentorgraphics/sourcery_codebench_lite_for_arm_eabi/bin/../lib/gcc/arm-none-eabi/4.8.3/../../../../arm-none-eabi/lib/thumb2\libm.a(lib_a-s_floor.o)
 .ARM.attributes
                0x00000a4c       0x29 c:/users/ózê∂/mentorgraphics/sourcery_codebench_lite_for_arm_eabi/bin/../lib/gcc/arm-none-eabi/4.8.3/../../../../arm-none-eabi/lib/thumb2\libm.a(lib_a-s_fpclassify.o)
 .ARM.attributes
                0x00000a75       0x29 c:/users/ózê∂/mentorgraphics/sourcery_codebench_lite_for_arm_eabi/bin/../lib/gcc/arm-none-eabi/4.8.3/../../../../arm-none-eabi/lib/thumb2\libm.a(lib_a-s_lib_ver.o)
 .ARM.attributes
                0x00000a9e       0x29 c:/users/ózê∂/mentorgraphics/sourcery_codebench_lite_for_arm_eabi/bin/../lib/gcc/arm-none-eabi/4.8.3/../../../../arm-none-eabi/lib/thumb2\libm.a(lib_a-s_matherr.o)
 .ARM.attributes
                0x00000ac7       0x29 c:/users/ózê∂/mentorgraphics/sourcery_codebench_lite_for_arm_eabi/bin/../lib/gcc/arm-none-eabi/4.8.3/../../../../arm-none-eabi/lib/thumb2\libm.a(lib_a-s_nan.o)
 .ARM.attributes
                0x00000af0       0x29 c:/users/ózê∂/mentorgraphics/sourcery_codebench_lite_for_arm_eabi/bin/../lib/gcc/arm-none-eabi/4.8.3/../../../../arm-none-eabi/lib/thumb2\libm.a(lib_a-s_rint.o)
 .ARM.attributes
                0x00000b19       0x29 c:/users/ózê∂/mentorgraphics/sourcery_codebench_lite_for_arm_eabi/bin/../lib/gcc/arm-none-eabi/4.8.3/../../../../arm-none-eabi/lib/thumb2\libm.a(lib_a-s_scalbn.o)
 .ARM.attributes
                0x00000b42       0x29 c:/users/ózê∂/mentorgraphics/sourcery_codebench_lite_for_arm_eabi/bin/../lib/gcc/arm-none-eabi/4.8.3/../../../../arm-none-eabi/lib/thumb2\libm.a(lib_a-sf_atan.o)
 .ARM.attributes
                0x00000b6b       0x29 c:/users/ózê∂/mentorgraphics/sourcery_codebench_lite_for_arm_eabi/bin/../lib/gcc/arm-none-eabi/4.8.3/../../../../arm-none-eabi/lib/thumb2\libm.a(lib_a-sf_fabs.o)
 .ARM.attributes
                0x00000b94       0x29 c:/users/ózê∂/mentorgraphics/sourcery_codebench_lite_for_arm_eabi/bin/../lib/gcc/arm-none-eabi/4.8.3/../../../../arm-none-eabi/lib/thumb2\libm.a(lib_a-sf_finite.o)
 .ARM.attributes
                0x00000bbd       0x29 c:/users/ózê∂/mentorgraphics/sourcery_codebench_lite_for_arm_eabi/bin/../lib/gcc/arm-none-eabi/4.8.3/../../../../arm-none-eabi/lib/thumb2\libm.a(lib_a-sf_fpclassify.o)
 .ARM.attributes
                0x00000be6       0x29 c:/users/ózê∂/mentorgraphics/sourcery_codebench_lite_for_arm_eabi/bin/../lib/gcc/arm-none-eabi/4.8.3/../../../../arm-none-eabi/lib/thumb2\libm.a(lib_a-sf_nan.o)
 .ARM.attributes
                0x00000c0f       0x29 c:/users/ózê∂/mentorgraphics/sourcery_codebench_lite_for_arm_eabi/bin/../lib/gcc/arm-none-eabi/4.8.3/../../../../arm-none-eabi/lib/thumb2\libm.a(lib_a-sf_scalbn.o)
 .ARM.attributes
                0x00000c38       0x29 c:/users/ózê∂/mentorgraphics/sourcery_codebench_lite_for_arm_eabi/bin/../lib/gcc/arm-none-eabi/4.8.3/../../../../arm-none-eabi/lib/thumb2\libm.a(lib_a-s_copysign.o)
 .ARM.attributes
                0x00000c61       0x29 c:/users/ózê∂/mentorgraphics/sourcery_codebench_lite_for_arm_eabi/bin/../lib/gcc/arm-none-eabi/4.8.3/../../../../arm-none-eabi/lib/thumb2\libm.a(lib_a-sf_copysign.o)
 .ARM.attributes
                0x00000c8a       0x19 c:/users/ózê∂/mentorgraphics/sourcery_codebench_lite_for_arm_eabi/bin/../lib/gcc/arm-none-eabi/4.8.3/thumb2\libgcc.a(_arm_addsubdf3.o)
 .ARM.attributes
                0x00000ca3       0x19 c:/users/ózê∂/mentorgraphics/sourcery_codebench_lite_for_arm_eabi/bin/../lib/gcc/arm-none-eabi/4.8.3/thumb2\libgcc.a(_arm_muldivdf3.o)
 .ARM.attributes
                0x00000cbc       0x19 c:/users/ózê∂/mentorgraphics/sourcery_codebench_lite_for_arm_eabi/bin/../lib/gcc/arm-none-eabi/4.8.3/thumb2\libgcc.a(_arm_cmpdf2.o)
 .ARM.attributes
                0x00000cd5       0x19 c:/users/ózê∂/mentorgraphics/sourcery_codebench_lite_for_arm_eabi/bin/../lib/gcc/arm-none-eabi/4.8.3/thumb2\libgcc.a(_arm_fixdfsi.o)
 .ARM.attributes
                0x00000cee       0x19 c:/users/ózê∂/mentorgraphics/sourcery_codebench_lite_for_arm_eabi/bin/../lib/gcc/arm-none-eabi/4.8.3/thumb2\libgcc.a(_arm_fixunsdfsi.o)
 .ARM.attributes
                0x00000d07       0x19 c:/users/ózê∂/mentorgraphics/sourcery_codebench_lite_for_arm_eabi/bin/../lib/gcc/arm-none-eabi/4.8.3/thumb2\libgcc.a(_arm_truncdfsf2.o)
 .ARM.attributes
                0x00000d20       0x19 c:/users/ózê∂/mentorgraphics/sourcery_codebench_lite_for_arm_eabi/bin/../lib/gcc/arm-none-eabi/4.8.3/thumb2\libgcc.a(_arm_addsubsf3.o)
 .ARM.attributes
                0x00000d39       0x19 c:/users/ózê∂/mentorgraphics/sourcery_codebench_lite_for_arm_eabi/bin/../lib/gcc/arm-none-eabi/4.8.3/thumb2\libgcc.a(_arm_muldivsf3.o)
 .ARM.attributes
                0x00000d52       0x19 c:/users/ózê∂/mentorgraphics/sourcery_codebench_lite_for_arm_eabi/bin/../lib/gcc/arm-none-eabi/4.8.3/thumb2\libgcc.a(_arm_cmpsf2.o)
 .ARM.attributes
                0x00000d6b       0x19 c:/users/ózê∂/mentorgraphics/sourcery_codebench_lite_for_arm_eabi/bin/../lib/gcc/arm-none-eabi/4.8.3/thumb2\libgcc.a(_arm_fixsfsi.o)
 .ARM.attributes
                0x00000d84       0x19 c:/users/ózê∂/mentorgraphics/sourcery_codebench_lite_for_arm_eabi/bin/../lib/gcc/arm-none-eabi/4.8.3/thumb2\libgcc.a(_arm_fixunssfsi.o)
 .ARM.attributes
                0x00000d9d       0x29 c:/users/ózê∂/mentorgraphics/sourcery_codebench_lite_for_arm_eabi/bin/../lib/gcc/arm-none-eabi/4.8.3/../../../../arm-none-eabi/lib/thumb2\libc.a(lib_a-errno.o)
 .ARM.attributes
                0x00000dc6       0x29 c:/users/ózê∂/mentorgraphics/sourcery_codebench_lite_for_arm_eabi/bin/../lib/gcc/arm-none-eabi/4.8.3/../../../../arm-none-eabi/lib/thumb2\libc.a(lib_a-impure.o)

.debug_frame    0x00000000     0x3f80
 .debug_frame   0x00000000       0x54 ..\obj\config_pwm.o
 .debug_frame   0x00000054      0x434 ..\obj\usb_core.o
 .debug_frame   0x00000488       0x48 ..\obj\chata.o
 .debug_frame   0x000004d0       0xb0 ..\obj\transmit.o
 .debug_frame   0x00000580       0x30 ..\obj\config_port.o
 .debug_frame   0x000005b0      0x1b4 ..\obj\config_usb.o
 .debug_frame   0x00000764      0x168 ..\obj\config_encoder.o
 .debug_frame   0x000008cc      0x344 ..\obj\stm32f4xx_usart.o
 .debug_frame   0x00000c10      0x190 ..\obj\my_standard_io.o
 .debug_frame   0x00000da0       0x48 ..\obj\startup_stm32f4xx.o
 .debug_frame   0x00000de8      0x1ac ..\obj\usbd_core.o
 .debug_frame   0x00000f94       0x74 ..\obj\main.o
 .debug_frame   0x00001008      0x4d8 ..\obj\stm32f4xx_rcc.o
 .debug_frame   0x000014e0       0xcc ..\obj\robo_finction.o
 .debug_frame   0x000015ac      0x434 ..\obj\stm32f4xx_adc.o
 .debug_frame   0x000019e0       0x6c ..\obj\config_adc.o
 .debug_frame   0x00001a4c       0xcc ..\obj\motor.o
 .debug_frame   0x00001b18       0xf8 ..\obj\config_systick.o
 .debug_frame   0x00001c10      0x19c ..\obj\stm32f4xx_gpio.o
 .debug_frame   0x00001dac       0x64 ..\obj\system_stm32f4xx.o
 .debug_frame   0x00001e10      0x224 ..\obj\stm32f4xx_dma.o
 .debug_frame   0x00002034       0xc4 ..\obj\usb_bsp.o
 .debug_frame   0x000020f8       0x34 ..\obj\cam_cal.o
 .debug_frame   0x0000212c      0x1c8 ..\obj\usbd_req.o
 .debug_frame   0x000022f4      0x1ac ..\obj\usb_dcd_int.o
 .debug_frame   0x000024a0      0x358 ..\obj\robo_data.o
 .debug_frame   0x000027f8      0x12c ..\obj\receive.o
 .debug_frame   0x00002924       0xec ..\obj\stm32f4xx_exti.o
 .debug_frame   0x00002a10      0x13c ..\obj\name_converter.o
 .debug_frame   0x00002b4c       0x9c ..\obj\misc.o
 .debug_frame   0x00002be8      0x1ac ..\obj\usb_dcd.o
 .debug_frame   0x00002d94       0xec ..\obj\usbd_ioreq.o
 .debug_frame   0x00002e80       0x7c ..\obj\config_usart.o
 .debug_frame   0x00002efc      0xa3c ..\obj\stm32f4xx_tim.o
 .debug_frame   0x00003938       0x30 c:/users/ózê∂/mentorgraphics/sourcery_codebench_lite_for_arm_eabi/bin/../lib/gcc/arm-none-eabi/4.8.3/../../../../arm-none-eabi/lib/thumb2\libm.a(lib_a-s_cos.o)
 .debug_frame   0x00003968       0x30 c:/users/ózê∂/mentorgraphics/sourcery_codebench_lite_for_arm_eabi/bin/../lib/gcc/arm-none-eabi/4.8.3/../../../../arm-none-eabi/lib/thumb2\libm.a(lib_a-s_sin.o)
 .debug_frame   0x00003998       0x30 c:/users/ózê∂/mentorgraphics/sourcery_codebench_lite_for_arm_eabi/bin/../lib/gcc/arm-none-eabi/4.8.3/../../../../arm-none-eabi/lib/thumb2\libm.a(lib_a-s_tan.o)
 .debug_frame   0x000039c8       0x2c c:/users/ózê∂/mentorgraphics/sourcery_codebench_lite_for_arm_eabi/bin/../lib/gcc/arm-none-eabi/4.8.3/../../../../arm-none-eabi/lib/thumb2\libm.a(lib_a-sf_modf.o)
 .debug_frame   0x000039f4       0x28 c:/users/ózê∂/mentorgraphics/sourcery_codebench_lite_for_arm_eabi/bin/../lib/gcc/arm-none-eabi/4.8.3/../../../../arm-none-eabi/lib/thumb2\libm.a(lib_a-sf_round.o)
 .debug_frame   0x00003a1c       0x38 c:/users/ózê∂/mentorgraphics/sourcery_codebench_lite_for_arm_eabi/bin/../lib/gcc/arm-none-eabi/4.8.3/../../../../arm-none-eabi/lib/thumb2\libm.a(lib_a-w_pow.o)
 .debug_frame   0x00003a54       0x38 c:/users/ózê∂/mentorgraphics/sourcery_codebench_lite_for_arm_eabi/bin/../lib/gcc/arm-none-eabi/4.8.3/../../../../arm-none-eabi/lib/thumb2\libm.a(lib_a-w_sqrt.o)
 .debug_frame   0x00003a8c       0x20 c:/users/ózê∂/mentorgraphics/sourcery_codebench_lite_for_arm_eabi/bin/../lib/gcc/arm-none-eabi/4.8.3/../../../../arm-none-eabi/lib/thumb2\libm.a(lib_a-wf_atan2.o)
 .debug_frame   0x00003aac       0x34 c:/users/ózê∂/mentorgraphics/sourcery_codebench_lite_for_arm_eabi/bin/../lib/gcc/arm-none-eabi/4.8.3/../../../../arm-none-eabi/lib/thumb2\libm.a(lib_a-wf_pow.o)
 .debug_frame   0x00003ae0       0x38 c:/users/ózê∂/mentorgraphics/sourcery_codebench_lite_for_arm_eabi/bin/../lib/gcc/arm-none-eabi/4.8.3/../../../../arm-none-eabi/lib/thumb2\libm.a(lib_a-e_pow.o)
 .debug_frame   0x00003b18       0x38 c:/users/ózê∂/mentorgraphics/sourcery_codebench_lite_for_arm_eabi/bin/../lib/gcc/arm-none-eabi/4.8.3/../../../../arm-none-eabi/lib/thumb2\libm.a(lib_a-e_rem_pio2.o)
 .debug_frame   0x00003b50       0x34 c:/users/ózê∂/mentorgraphics/sourcery_codebench_lite_for_arm_eabi/bin/../lib/gcc/arm-none-eabi/4.8.3/../../../../arm-none-eabi/lib/thumb2\libm.a(lib_a-e_sqrt.o)
 .debug_frame   0x00003b84       0x30 c:/users/ózê∂/mentorgraphics/sourcery_codebench_lite_for_arm_eabi/bin/../lib/gcc/arm-none-eabi/4.8.3/../../../../arm-none-eabi/lib/thumb2\libm.a(lib_a-ef_atan2.o)
 .debug_frame   0x00003bb4       0x38 c:/users/ózê∂/mentorgraphics/sourcery_codebench_lite_for_arm_eabi/bin/../lib/gcc/arm-none-eabi/4.8.3/../../../../arm-none-eabi/lib/thumb2\libm.a(lib_a-ef_pow.o)
 .debug_frame   0x00003bec       0x30 c:/users/ózê∂/mentorgraphics/sourcery_codebench_lite_for_arm_eabi/bin/../lib/gcc/arm-none-eabi/4.8.3/../../../../arm-none-eabi/lib/thumb2\libm.a(lib_a-ef_sqrt.o)
 .debug_frame   0x00003c1c       0x38 c:/users/ózê∂/mentorgraphics/sourcery_codebench_lite_for_arm_eabi/bin/../lib/gcc/arm-none-eabi/4.8.3/../../../../arm-none-eabi/lib/thumb2\libm.a(lib_a-k_cos.o)
 .debug_frame   0x00003c54       0x3c c:/users/ózê∂/mentorgraphics/sourcery_codebench_lite_for_arm_eabi/bin/../lib/gcc/arm-none-eabi/4.8.3/../../../../arm-none-eabi/lib/thumb2\libm.a(lib_a-k_rem_pio2.o)
 .debug_frame   0x00003c90       0x38 c:/users/ózê∂/mentorgraphics/sourcery_codebench_lite_for_arm_eabi/bin/../lib/gcc/arm-none-eabi/4.8.3/../../../../arm-none-eabi/lib/thumb2\libm.a(lib_a-k_sin.o)