Archive member included to satisfy reference by file (symbol)

c:/users/ózê∂/mentorgraphics/sourcery_codebench_lite_for_arm_eabi/bin/../lib/gcc/arm-none-eabi/4.8.3/../../../../arm-none-eabi/lib/thumb2\libm.a(lib_a-s_cos.o)
                              ..\obj\main.o (cos)
c:/users/ózê∂/mentorgraphics/sourcery_codebench_lite_for_arm_eabi/bin/../lib/gcc/arm-none-eabi/4.8.3/../../../../arm-none-eabi/lib/thumb2\libm.a(lib_a-s_sin.o)
                              ..\obj\main.o (sin)
c:/users/ózê∂/mentorgraphics/sourcery_codebench_lite_for_arm_eabi/bin/../lib/gcc/arm-none-eabi/4.8.3/../../../../arm-none-eabi/lib/thumb2\libm.a(lib_a-s_tan.o)
                              ..\obj\cam_cal.o (tan)
c:/users/ózê∂/mentorgraphics/sourcery_codebench_lite_for_arm_eabi/bin/../lib/gcc/arm-none-eabi/4.8.3/../../../../arm-none-eabi/lib/thumb2\libm.a(lib_a-sf_modf.o)
                              ..\obj\my_standard_io.o (modff)
c:/users/ózê∂/mentorgraphics/sourcery_codebench_lite_for_arm_eabi/bin/../lib/gcc/arm-none-eabi/4.8.3/../../../../arm-none-eabi/lib/thumb2\libm.a(lib_a-sf_round.o)
                              ..\obj\my_standard_io.o (roundf)
c:/users/ózê∂/mentorgraphics/sourcery_codebench_lite_for_arm_eabi/bin/../lib/gcc/arm-none-eabi/4.8.3/../../../../arm-none-eabi/lib/thumb2\libm.a(lib_a-w_pow.o)
                              ..\obj\my_standard_io.o (pow)
c:/users/ózê∂/mentorgraphics/sourcery_codebench_lite_for_arm_eabi/bin/../lib/gcc/arm-none-eabi/4.8.3/../../../../arm-none-eabi/lib/thumb2\libm.a(lib_a-w_sqrt.o)
                              ..\obj\robo_data.o (sqrt)
c:/users/ózê∂/mentorgraphics/sourcery_codebench_lite_for_arm_eabi/bin/../lib/gcc/arm-none-eabi/4.8.3/../../../../arm-none-eabi/lib/thumb2\libm.a(lib_a-wf_atan2.o)
                              ..\obj\robo_data.o (atan2f)
c:/users/ózê∂/mentorgraphics/sourcery_codebench_lite_for_arm_eabi/bin/../lib/gcc/arm-none-eabi/4.8.3/../../../../arm-none-eabi/lib/thumb2\libm.a(lib_a-wf_pow.o)
                              ..\obj\my_standard_io.o (powf)
c:/users/ózê∂/mentorgraphics/sourcery_codebench_lite_for_arm_eabi/bin/../lib/gcc/arm-none-eabi/4.8.3/../../../../arm-none-eabi/lib/thumb2\libm.a(lib_a-e_pow.o)
                              c:/users/ózê∂/mentorgraphics/sourcery_codebench_lite_for_arm_eabi/bin/../lib/gcc/arm-none-eabi/4.8.3/../../../../arm-none-eabi/lib/thumb2\libm.a(lib_a-w_pow.o) (__ieee754_pow)
c:/users/ózê∂/mentorgraphics/sourcery_codebench_lite_for_arm_eabi/bin/../lib/gcc/arm-none-eabi/4.8.3/../../../../arm-none-eabi/lib/thumb2\libm.a(lib_a-e_rem_pio2.o)
                              c:/users/ózê∂/mentorgraphics/sourcery_codebench_lite_for_arm_eabi/bin/../lib/gcc/arm-none-eabi/4.8.3/../../../../arm-none-eabi/lib/thumb2\libm.a(lib_a-s_cos.o) (__ieee754_rem_pio2)
c:/users/ózê∂/mentorgraphics/sourcery_codebench_lite_for_arm_eabi/bin/../lib/gcc/arm-none-eabi/4.8.3/../../../../arm-none-eabi/lib/thumb2\libm.a(lib_a-e_sqrt.o)
                              c:/users/ózê∂/mentorgraphics/sourcery_codebench_lite_for_arm_eabi/bin/../lib/gcc/arm-none-eabi/4.8.3/../../../../arm-none-eabi/lib/thumb2\libm.a(lib_a-w_sqrt.o) (__ieee754_sqrt)
c:/users/ózê∂/mentorgraphics/sourcery_codebench_lite_for_arm_eabi/bin/../lib/gcc/arm-none-eabi/4.8.3/../../../../arm-none-eabi/lib/thumb2\libm.a(lib_a-ef_atan2.o)
                              c:/users/ózê∂/mentorgraphics/sourcery_codebench_lite_for_arm_eabi/bin/../lib/gcc/arm-none-eabi/4.8.3/../../../../arm-none-eabi/lib/thumb2\libm.a(lib_a-wf_atan2.o) (__ieee754_atan2f)
c:/users/ózê∂/mentorgraphics/sourcery_codebench_lite_for_arm_eabi/bin/../lib/gcc/arm-none-eabi/4.8.3/../../../../arm-none-eabi/lib/thumb2\libm.a(lib_a-ef_pow.o)
                              c:/users/ózê∂/mentorgraphics/sourcery_codebench_lite_for_arm_eabi/bin/../lib/gcc/arm-none-eabi/4.8.3/../../../../arm-none-eabi/lib/thumb2\libm.a(lib_a-wf_pow.o) (__ieee754_powf)
c:/users/ózê∂/mentorgraphics/sourcery_codebench_lite_for_arm_eabi/bin/../lib/gcc/arm-none-eabi/4.8.3/../../../../arm-none-eabi/lib/thumb2\libm.a(lib_a-ef_sqrt.o)
                              c:/users/ózê∂/mentorgraphics/sourcery_codebench_lite_for_arm_eabi/bin/../lib/gcc/arm-none-eabi/4.8.3/../../../../arm-none-eabi/lib/thumb2\libm.a(lib_a-ef_pow.o) (__ieee754_sqrtf)
c:/users/ózê∂/mentorgraphics/sourcery_codebench_lite_for_arm_eabi/bin/../lib/gcc/arm-none-eabi/4.8.3/../../../../arm-none-eabi/lib/thumb2\libm.a(lib_a-k_cos.o)
                              c:/users/ózê∂/mentorgraphics/sourcery_codebench_lite_for_arm_eabi/bin/../lib/gcc/arm-none-eabi/4.8.3/../../../../arm-none-eabi/lib/thumb2\libm.a(lib_a-s_cos.o) (__kernel_cos)
c:/users/ózê∂/mentorgraphics/sourcery_codebench_lite_for_arm_eabi/bin/../lib/gcc/arm-none-eabi/4.8.3/../../../../arm-none-eabi/lib/thumb2\libm.a(lib_a-k_rem_pio2.o)
                              c:/users/ózê∂/mentorgraphics/sourcery_codebench_lite_for_arm_eabi/bin/../lib/gcc/arm-none-eabi/4.8.3/../../../../arm-none-eabi/lib/thumb2\libm.a(lib_a-e_rem_pio2.o) (__kernel_rem_pio2)
[...]
Memory Configuration

Name             Origin             Length             Attributes
rom              0x08000000         0x00100000         xr
ram              0x20000000         0x00020000         xrw
ram1             0x10000000         0x00010000         xrw
*default*        0x00000000         0xffffffff

Linker script and memory map

                0x20020000                _eram = 0x20020000

.text           0x08000000     0xe67c
 *(.isr_vector)
 .isr_vector    0x08000000      0x188 ..\obj\startup_stm32f4xx.o
                0x08000000                g_pfnVectors
 *(.text*)
 .text.Set_duty
                0x08000188       0xc4 ..\obj\config_pwm.o
                0x08000188                Set_duty
 .text.Init_PWM
                0x0800024c      0x2c8 ..\obj\config_pwm.o
                0x0800024c                Init_PWM
 .text.USB_OTG_EnableCommonInt
                0x08000514       0x44 ..\obj\usb_core.o
 .text.USB_OTG_CoreReset
                0x08000558       0x94 ..\obj\usb_core.o
 .text.USB_OTG_WritePacket
                0x080005ec       0x70 ..\obj\usb_core.o
                0x080005ec                USB_OTG_WritePacket
 .text.USB_OTG_ReadPacket
                0x0800065c       0x5c ..\obj\usb_core.o
                0x0800065c                USB_OTG_ReadPacket
 .text.USB_OTG_SelectCore
                0x080006b8      0x174 ..\obj\usb_core.o
                0x080006b8                USB_OTG_SelectCore
 .text.USB_OTG_CoreInit
                0x0800082c      0x1dc ..\obj\usb_core.o
                0x0800082c                USB_OTG_CoreInit
 .text.USB_OTG_EnableGlobalInt
                0x08000a08       0x38 ..\obj\usb_core.o
                0x08000a08                USB_OTG_EnableGlobalInt
 .text.USB_OTG_DisableGlobalInt
                0x08000a40       0x38 ..\obj\usb_core.o
                0x08000a40                USB_OTG_DisableGlobalInt
 .text.USB_OTG_FlushTxFifo
                0x08000a78       0x74 ..\obj\usb_core.o
                0x08000a78                USB_OTG_FlushTxFifo
 .text.USB_OTG_FlushRxFifo
                0x08000aec       0x60 ..\obj\usb_core.o
                0x08000aec                USB_OTG_FlushRxFifo
 .text.USB_OTG_SetCurrentMode
                0x08000b4c       0x60 ..\obj\usb_core.o
                0x08000b4c                USB_OTG_SetCurrentMode
 .text.USB_OTG_GetMode
                0x08000bac       0x20 ..\obj\usb_core.o
                0x08000bac                USB_OTG_GetMode
 .text.USB_OTG_IsDeviceMode
                0x08000bcc       0x24 ..\obj\usb_core.o
                0x08000bcc                USB_OTG_IsDeviceMode
 .text.USB_OTG_ReadCoreItr
                0x08000bf0       0x30 ..\obj\usb_core.o
                0x08000bf0                USB_OTG_ReadCoreItr
 .text.USB_OTG_InitDevSpeed
                0x08000c20       0x38 ..\obj\usb_core.o
                0x08000c20                USB_OTG_InitDevSpeed
 .text.USB_OTG_CoreInitDev
                0x08000c58      0x27c ..\obj\usb_core.o
                0x08000c58                USB_OTG_CoreInitDev
 .text.USB_OTG_EnableDevInt
                0x08000ed4       0x98 ..\obj\usb_core.o
                0x08000ed4                USB_OTG_EnableDevInt
 .text.USB_OTG_GetDeviceSpeed
                0x08000f6c       0x48 ..\obj\usb_core.o
                0x08000f6c                USB_OTG_GetDeviceSpeed
 .text.USB_OTG_EP0Activate
                0x08000fb4       0x78 ..\obj\usb_core.o
                0x08000fb4                USB_OTG_EP0Activate
 .text.USB_OTG_EPActivate
                0x0800102c       0xdc ..\obj\usb_core.o
                0x0800102c                USB_OTG_EPActivate
 .text.USB_OTG_EPDeactivate
                0x08001108       0x8c ..\obj\usb_core.o
                0x08001108                USB_OTG_EPDeactivate
 .text.USB_OTG_EPStartXfer
                0x08001194      0x280 ..\obj\usb_core.o
                0x08001194                USB_OTG_EPStartXfer
 .text.USB_OTG_EP0StartXfer
                0x08001414      0x1d4 ..\obj\usb_core.o
                0x08001414                USB_OTG_EP0StartXfer
 .text.USB_OTG_EPSetStall
                0x080015e8       0x88 ..\obj\usb_core.o
                0x080015e8                USB_OTG_EPSetStall
 .text.USB_OTG_EPClearStall
                0x08001670       0x78 ..\obj\usb_core.o
                0x08001670                USB_OTG_EPClearStall
 .text.USB_OTG_ReadDevAllOutEp_itr
                0x080016e8       0x2c ..\obj\usb_core.o
                0x080016e8                USB_OTG_ReadDevAllOutEp_itr
 .text.USB_OTG_ReadDevOutEP_itr
                0x08001714       0x38 ..\obj\usb_core.o
                0x08001714                USB_OTG_ReadDevOutEP_itr
 .text.USB_OTG_ReadDevAllInEPItr
                0x0800174c       0x2c ..\obj\usb_core.o
                0x0800174c                USB_OTG_ReadDevAllInEPItr
 .text.USB_OTG_EP0_OutStart
                0x08001778       0x70 ..\obj\usb_core.o
                0x08001778                USB_OTG_EP0_OutStart
 .text.USB_OTG_UngateClock
                0x080017e8       0x54 ..\obj\usb_core.o
                0x080017e8                USB_OTG_UngateClock
 .text.positive_chattering
                0x0800183c      0x280 ..\obj\chata.o
                0x0800183c                positive_chattering
 .text.Init_port
                0x08001abc       0xc4 ..\obj\config_port.o
                0x08001abc                Init_port
 .text.USBD_USR_Init
                0x08001b80        0xc ..\obj\usbd_usr.o
                0x08001b80                USBD_USR_Init
 .text.USBD_USR_DeviceReset
                0x08001b8c       0x28 ..\obj\usbd_usr.o
                0x08001b8c                USBD_USR_DeviceReset
 .text.USBD_USR_DeviceConfigured
                0x08001bb4        0xc ..\obj\usbd_usr.o
                0x08001bb4                USBD_USR_DeviceConfigured
 .text.USBD_USR_DeviceConnected
                0x08001bc0        0xc ..\obj\usbd_usr.o
                0x08001bc0                USBD_USR_DeviceConnected
 .text.USBD_USR_DeviceDisconnected
                0x08001bcc        0xc ..\obj\usbd_usr.o
                0x08001bcc                USBD_USR_DeviceDisconnected
 .text.USBD_USR_DeviceSuspended
                0x08001bd8        0xc ..\obj\usbd_usr.o
                0x08001bd8                USBD_USR_DeviceSuspended
 .text.USBD_USR_DeviceResumed
                0x08001be4        0xc ..\obj\usbd_usr.o
                0x08001be4                USBD_USR_DeviceResumed
 .text.Init_usb
                0x08001bf0       0x34 ..\obj\config_usb.o
                0x08001bf0                Init_usb
 .text.ColorfulRingOfDeath
                0x08001c24       0x58 ..\obj\config_usb.o
                0x08001c24                ColorfulRingOfDeath
 .text.NMI_Handler
                0x08001c7c        0xc ..\obj\config_usb.o
                0x08001c7c                NMI_Handler
 .text.HardFault_Handler
                0x08001c88        0xc ..\obj\config_usb.o
                0x08001c88                HardFault_Handler
 .text.MemManage_Handler
                0x08001c94        0xc ..\obj\config_usb.o
                0x08001c94                MemManage_Handler
 .text.BusFault_Handler
                0x08001ca0        0xc ..\obj\config_usb.o
                0x08001ca0                BusFault_Handler
 .text.UsageFault_Handler
                0x08001cac        0xc ..\obj\config_usb.o
                0x08001cac                UsageFault_Handler
 .text.SVC_Handler
                0x08001cb8        0xc ..\obj\config_usb.o
                0x08001cb8                SVC_Handler
 .text.DebugMon_Handler
                0x08001cc4        0xc ..\obj\config_usb.o
                0x08001cc4                DebugMon_Handler
 .text.PendSV_Handler
                0x08001cd0        0xc ..\obj\config_usb.o
                0x08001cd0                PendSV_Handler
 .text.OTG_FS_IRQHandler
                0x08001cdc       0x14 ..\obj\config_usb.o
                0x08001cdc                OTG_FS_IRQHandler
 .text.OTG_FS_WKUP_IRQHandler
                0x08001cf0       0x44 ..\obj\config_usb.o
                0x08001cf0                OTG_FS_WKUP_IRQHandler
 .text.TIM1_UP_TIM10_IRQHandler
                0x08001d34       0x64 ..\obj\config_encoder.o
                0x08001d34                TIM1_UP_TIM10_IRQHandler
 .text.TIM3_IRQHandler
                0x08001d98       0x6c ..\obj\config_encoder.o
                0x08001d98                TIM3_IRQHandler
 .text.TIM4_IRQHandler
                0x08001e04       0x6c ..\obj\config_encoder.o
                0x08001e04                TIM4_IRQHandler
 .text.TIM5_IRQHandler
                0x08001e70       0x6c ..\obj\config_encoder.o
                0x08001e70                TIM5_IRQHandler
 .text.TIM8_UP_TIM13_IRQHandler
                0x08001edc       0x6c ..\obj\config_encoder.o
                0x08001edc                TIM8_UP_TIM13_IRQHandler
 .text.USART_Init
                0x08001f48      0x188 ..\obj\stm32f4xx_usart.o
                0x08001f48                USART_Init
 .text.USART_Cmd
                0x080020d0       0x40 ..\obj\stm32f4xx_usart.o
                0x080020d0                USART_Cmd
 .text.USART_ReceiveData
                0x08002110       0x20 ..\obj\stm32f4xx_usart.o
                0x08002110                USART_ReceiveData
 .text.USART_ITConfig
                0x08002130       0x90 ..\obj\stm32f4xx_usart.o
                0x08002130                USART_ITConfig
 .text.USART_GetITStatus
                0x080021c0       0xb0 ..\obj\stm32f4xx_usart.o
                0x080021c0                USART_GetITStatus
 .text.Default_Reset_Handler
                0x08002270       0x60 ..\obj\startup_stm32f4xx.o
                0x08002270                Default_Reset_Handler
                0x08002270                Reset_Handler
 .text.Default_Handler
                0x080022d0        0x8 ..\obj\startup_stm32f4xx.o
                0x080022d0                RTC_Alarm_IRQHandler
                0x080022d0                HASH_RNG_IRQHandler
                0x080022d0                EXTI2_IRQHandler
                0x080022d0                TIM8_CC_IRQHandler
                0x080022d0                TIM1_CC_IRQHandler
                0x080022d0                DMA2_Stream5_IRQHandler
                0x080022d0                DMA1_Stream5_IRQHandler
                0x080022d0                PVD_IRQHandler
                0x080022d0                SDIO_IRQHandler
                0x080022d0                TAMP_STAMP_IRQHandler
                0x080022d0                CAN2_RX1_IRQHandler
                0x080022d0                EXTI3_IRQHandler
                0x080022d0                TIM8_TRG_COM_TIM14_IRQHandler
                0x080022d0                I2C3_ER_IRQHandler
                0x080022d0                EXTI0_IRQHandler
                0x080022d0                I2C2_EV_IRQHandler
                0x080022d0                DMA1_Stream2_IRQHandler
                0x080022d0                CAN1_RX0_IRQHandler
                0x080022d0                FPU_IRQHandler
                0x080022d0                OTG_HS_WKUP_IRQHandler
                0x080022d0                CAN2_SCE_IRQHandler
                0x080022d0                DMA2_Stream2_IRQHandler
                0x080022d0                SPI1_IRQHandler
                0x080022d0                TIM6_DAC_IRQHandler
                0x080022d0                TIM1_BRK_TIM9_IRQHandler
                0x080022d0                DCMI_IRQHandler
                0x080022d0                CAN2_RX0_IRQHandler
                0x080022d0                DMA2_Stream3_IRQHandler
                0x080022d0                USART6_IRQHandler
                0x080022d0                CRYP_IRQHandler
                0x080022d0                CAN1_RX1_IRQHandler
                0x080022d0                UART5_IRQHandler
                0x080022d0                DMA2_Stream0_IRQHandler
                0x080022d0                I2C1_EV_IRQHandler
                0x080022d0                DMA1_Stream6_IRQHandler
                0x080022d0                DMA1_Stream1_IRQHandler
                0x080022d0                UART4_IRQHandler
                0x080022d0                RCC_IRQHandler
                0x080022d0                TIM8_BRK_TIM12_IRQHandler
                0x080022d0                EXTI15_10_IRQHandler
                0x080022d0                ADC_IRQHandler
                0x080022d0                DMA1_Stream7_IRQHandler
                0x080022d0                TIM7_IRQHandler
                0x080022d0                CAN2_TX_IRQHandler
                0x080022d0                DMA2_Stream7_IRQHandler
                0x080022d0                I2C3_EV_IRQHandler
                0x080022d0                EXTI9_5_IRQHandler
                0x080022d0                RTC_WKUP_IRQHandler
                0x080022d0                ETH_WKUP_IRQHandler
                0x080022d0                SPI2_IRQHandler
                0x080022d0                OTG_HS_EP1_IN_IRQHandler
                0x080022d0                DMA1_Stream0_IRQHandler
                0x080022d0                CAN1_TX_IRQHandler
                0x080022d0                EXTI4_IRQHandler
                0x080022d0                FSMC_IRQHandler
                0x080022d0                ETH_IRQHandler
                0x080022d0                OTG_HS_EP1_OUT_IRQHandler
                0x080022d0                WWDG_IRQHandler
                0x080022d0                TIM1_TRG_COM_TIM11_IRQHandler
                0x080022d0                OTG_HS_IRQHandler
                0x080022d0                EXTI1_IRQHandler
                0x080022d0                I2C2_ER_IRQHandler
                0x080022d0                DMA2_Stream1_IRQHandler
                0x080022d0                CAN1_SCE_IRQHandler
                0x080022d0                FLASH_IRQHandler
                0x080022d0                DMA2_Stream4_IRQHandler
                0x080022d0                SPI3_IRQHandler
                0x080022d0                DMA1_Stream4_IRQHandler
                0x080022d0                I2C1_ER_IRQHandler
                0x080022d0                DMA2_Stream6_IRQHandler
                0x080022d0                DMA1_Stream3_IRQHandler
 .text.USBD_Init
                0x080022d8       0x54 ..\obj\usbd_core.o
                0x080022d8                USBD_Init
 .text.USBD_DeInit
                0x0800232c       0x18 ..\obj\usbd_core.o
                0x0800232c                USBD_DeInit
 .text.USBD_SetupStage
                0x08002344       0x6c ..\obj\usbd_core.o
 .text.USBD_DataOutStage
                0x080023b0       0xd0 ..\obj\usbd_core.o
 .text.USBD_DataInStage
                0x08002480      0x104 ..\obj\usbd_core.o
 .text.USBD_Reset
                0x08002584       0x44 ..\obj\usbd_core.o
 .text.USBD_Resume
                0x080025c8       0x24 ..\obj\usbd_core.o
 .text.USBD_Suspend
                0x080025ec       0x24 ..\obj\usbd_core.o
 .text.USBD_SOF
                0x08002610       0x2c ..\obj\usbd_core.o
 .text.USBD_SetCfg
                0x0800263c       0x30 ..\obj\usbd_core.o
                0x0800263c                USBD_SetCfg
 .text.USBD_ClrCfg
                0x0800266c       0x28 ..\obj\usbd_core.o
                0x0800266c                USBD_ClrCfg
 .text.USBD_IsoINIncomplete
                0x08002694       0x20 ..\obj\usbd_core.o
 .text.USBD_IsoOUTIncomplete
                0x080026b4       0x20 ..\obj\usbd_core.o
 .text.all_config
                0x080026d4       0xc0 ..\obj\main.o
                0x080026d4                all_config
 .text.port_config
                0x08002794      0x120 ..\obj\main.o
                0x08002794                port_config
 *fill*         0x080028b4        0x4 
 .text.main     0x080028b8      0xc28 ..\obj\main.o
                0x080028b8                main
 .text.RCC_GetClocksFreq
                0x080034e0      0x1a8 ..\obj\stm32f4xx_rcc.o
                0x080034e0                RCC_GetClocksFreq
 .text.RCC_AHB1PeriphClockCmd
                0x08003688       0x50 ..\obj\stm32f4xx_rcc.o
                0x08003688                RCC_AHB1PeriphClockCmd
 .text.RCC_AHB2PeriphClockCmd
                0x080036d8       0x50 ..\obj\stm32f4xx_rcc.o
                0x080036d8                RCC_AHB2PeriphClockCmd
 .text.RCC_APB1PeriphClockCmd
                0x08003728       0x50 ..\obj\stm32f4xx_rcc.o
                0x08003728                RCC_APB1PeriphClockCmd
 .text.RCC_APB2PeriphClockCmd
                0x08003778       0x50 ..\obj\stm32f4xx_rcc.o
                0x08003778                RCC_APB2PeriphClockCmd
 .text.RCC_APB1PeriphResetCmd
                0x080037c8       0x50 ..\obj\stm32f4xx_rcc.o
                0x080037c8                RCC_APB1PeriphResetCmd
 .text.RCC_APB2PeriphResetCmd
                0x08003818       0x50 ..\obj\stm32f4xx_rcc.o
                0x08003818                RCC_APB2PeriphResetCmd
 .text.buzzer   0x08003868       0x44 ..\obj\robo_finction.o
                0x08003868                buzzer
 .text.buzzer_cycle
                0x080038ac       0xec ..\obj\robo_finction.o
                0x080038ac                buzzer_cycle
 .text.buzzer_stop
                0x08003998       0x14 ..\obj\robo_finction.o
                0x08003998                buzzer_stop
 .text.buzzer_on
                0x080039ac       0x14 ..\obj\robo_finction.o
                0x080039ac                buzzer_on
 .text.initialize
                0x080039c0       0xd4 ..\obj\robo_finction.o
                0x080039c0                initialize
 .text.ADC_DeInit
                0x08003a94       0x1c ..\obj\stm32f4xx_adc.o
                0x08003a94                ADC_DeInit
 .text.ADC_Init
                0x08003ab0       0xac ..\obj\stm32f4xx_adc.o
                0x08003ab0                ADC_Init
 .text.ADC_StructInit
                0x08003b5c       0x3c ..\obj\stm32f4xx_adc.o
                0x08003b5c                ADC_StructInit
 .text.ADC_CommonInit
                0x08003b98       0x58 ..\obj\stm32f4xx_adc.o
                0x08003b98                ADC_CommonInit
 .text.ADC_CommonStructInit
                0x08003bf0       0x2c ..\obj\stm32f4xx_adc.o
                0x08003bf0                ADC_CommonStructInit
 .text.ADC_Cmd  0x08003c1c       0x38 ..\obj\stm32f4xx_adc.o
                0x08003c1c                ADC_Cmd
 .text.ADC_RegularChannelConfig
                0x08003c54      0x188 ..\obj\stm32f4xx_adc.o
                0x08003c54                ADC_RegularChannelConfig
 .text.ADC_SoftwareStartConv
                0x08003ddc       0x20 ..\obj\stm32f4xx_adc.o
                0x08003ddc                ADC_SoftwareStartConv
 .text.ADC_DMACmd
                0x08003dfc       0x38 ..\obj\stm32f4xx_adc.o
                0x08003dfc                ADC_DMACmd
 .text.ADC_DMARequestAfterLastTransferCmd
                0x08003e34       0x38 ..\obj\stm32f4xx_adc.o
                0x08003e34                ADC_DMARequestAfterLastTransferCmd
 .text.Select_ADC_channel
                0x08003e6c      0x104 ..\obj\config_adc.o
                0x08003e6c                Select_ADC_channel
 .text.Init_ADC1
                0x08003f70      0x274 ..\obj\config_adc.o
                0x08003f70                Init_ADC1
 .text.move_left_tire
                0x080041e4      0x120 ..\obj\motor.o
                0x080041e4                move_left_tire
 .text.move_right_tire
                0x08004304      0x118 ..\obj\motor.o
                0x08004304                move_right_tire
 .text.move_back_tire
                0x0800441c      0x130 ..\obj\motor.o
                0x0800441c                move_back_tire
 .text.move     0x0800454c       0x24 ..\obj\motor.o
                0x0800454c                move
 .text.deadtime
                0x08004570       0x80 ..\obj\motor.o
                0x08004570                deadtime
 .text.USBD_USR_DeviceDescriptor
                0x080045f0       0x28 ..\obj\usbd_desc.o
                0x080045f0                USBD_USR_DeviceDescriptor
 .text.USBD_USR_LangIDStrDescriptor
                0x08004618       0x28 ..\obj\usbd_desc.o
                0x08004618                USBD_USR_LangIDStrDescriptor
 .text.USBD_USR_ProductStrDescriptor
                0x08004640       0x50 ..\obj\usbd_desc.o
                0x08004640                USBD_USR_ProductStrDescriptor
 .text.USBD_USR_ManufacturerStrDescriptor
                0x08004690       0x34 ..\obj\usbd_desc.o
                0x08004690                USBD_USR_ManufacturerStrDescriptor
 .text.USBD_USR_SerialStrDescriptor
                0x080046c4       0x50 ..\obj\usbd_desc.o
                0x080046c4                USBD_USR_SerialStrDescriptor
 .text.USBD_USR_ConfigStrDescriptor
                0x08004714       0x50 ..\obj\usbd_desc.o
                0x08004714                USBD_USR_ConfigStrDescriptor
 .text.USBD_USR_InterfaceStrDescriptor
                0x08004764       0x50 ..\obj\usbd_desc.o
                0x08004764                USBD_USR_InterfaceStrDescriptor
 .text.NVIC_SetPriority
                0x080047b4       0x58 ..\obj\config_systick.o
 .text.SysTick_Config
                0x0800480c       0x54 ..\obj\config_systick.o
 .text.SysTick_Handler
                0x08004860       0x50 ..\obj\config_systick.o
                0x08004860                SysTick_Handler
 .text.Init_SysTick
                0x080048b0       0x48 ..\obj\config_systick.o
                0x080048b0                Init_SysTick
 .text.TIM2_IRQHandler
                0x080048f8       0x28 ..\obj\config_systick.o
                0x080048f8                TIM2_IRQHandler
 .text.count_time
                0x08004920       0x60 ..\obj\config_systick.o
                0x08004920                count_time
 .text.reset_count_time
                0x08004980       0x60 ..\obj\config_systick.o
                0x08004980                reset_count_time
 .text.GPIO_Init
                0x080049e0      0x11c ..\obj\stm32f4xx_gpio.o
                0x080049e0                GPIO_Init
 .text.GPIO_StructInit
                0x08004afc       0x34 ..\obj\stm32f4xx_gpio.o
                0x08004afc                GPIO_StructInit
 .text.GPIO_ReadInputDataBit
                0x08004b30       0x34 ..\obj\stm32f4xx_gpio.o
                0x08004b30                GPIO_ReadInputDataBit
 .text.GPIO_SetBits
                0x08004b64       0x1c ..\obj\stm32f4xx_gpio.o
                0x08004b64                GPIO_SetBits
 .text.GPIO_ResetBits
                0x08004b80       0x1c ..\obj\stm32f4xx_gpio.o
                0x08004b80                GPIO_ResetBits
 .text.GPIO_PinAFConfig
                0x08004b9c       0x8c ..\obj\stm32f4xx_gpio.o
                0x08004b9c                GPIO_PinAFConfig
 .text.VCP_Init
                0x08004c28       0x10 ..\obj\usbd_cdc_vcp.o
 .text.VCP_DeInit
                0x08004c38       0x10 ..\obj\usbd_cdc_vcp.o
 .text.VCP_Ctrl
                0x08004c48      0x13c ..\obj\usbd_cdc_vcp.o
 .text.VCP_DataTx
                0x08004d84       0x7c ..\obj\usbd_cdc_vcp.o
 .text.VCP_DataRx
                0x08004e00       0x94 ..\obj\usbd_cdc_vcp.o
 .text.SystemInit
                0x08004e94       0x90 ..\obj\system_stm32f4xx.o
                0x08004e94                SystemInit
 .text.SystemCoreClockUpdate
                0x08004f24      0x154 ..\obj\system_stm32f4xx.o
                0x08004f24                SystemCoreClockUpdate
 .text.SetSysClock
                0x08005078      0x17c ..\obj\system_stm32f4xx.o
 .text.DMA_DeInit
                0x080051f4      0x22c ..\obj\stm32f4xx_dma.o
                0x080051f4                DMA_DeInit
 .text.DMA_Init
                0x08005420       0xb0 ..\obj\stm32f4xx_dma.o
                0x08005420                DMA_Init
 .text.DMA_StructInit
                0x080054d0       0x6c ..\obj\stm32f4xx_dma.o
                0x080054d0                DMA_StructInit
 .text.DMA_Cmd  0x0800553c       0x38 ..\obj\stm32f4xx_dma.o
                0x0800553c                DMA_Cmd
 .text.USB_OTG_BSP_Init
                0x08005574       0xc8 ..\obj\usb_bsp.o
                0x08005574                USB_OTG_BSP_Init
 .text.USB_OTG_BSP_EnableInterrupt
                0x0800563c       0x30 ..\obj\usb_bsp.o
                0x0800563c                USB_OTG_BSP_EnableInterrupt
 .text.USB_OTG_BSP_uDelay
                0x0800566c       0x4c ..\obj\usb_bsp.o
                0x0800566c                USB_OTG_BSP_uDelay
 .text.USB_OTG_BSP_mDelay
                0x080056b8       0x20 ..\obj\usb_bsp.o
                0x080056b8                USB_OTG_BSP_mDelay
 .text.cam_data
                0x080056d8      0x560 ..\obj\cam_cal.o
                0x080056d8                cam_data
 .text.USBD_StdDevReq
                0x08005c38       0xa0 ..\obj\usbd_req.o
                0x08005c38                USBD_StdDevReq
 .text.USBD_StdItfReq
                0x08005cd8       0x68 ..\obj\usbd_req.o
                0x08005cd8                USBD_StdItfReq
 .text.USBD_StdEPReq
                0x08005d40      0x1c8 ..\obj\usbd_req.o
                0x08005d40                USBD_StdEPReq
 .text.USBD_GetDescriptor
                0x08005f08      0x1b8 ..\obj\usbd_req.o
 .text.USBD_SetAddress
                0x080060c0       0x7c ..\obj\usbd_req.o
 .text.USBD_SetConfig
                0x0800613c      0x130 ..\obj\usbd_req.o
 .text.USBD_GetConfig
                0x0800626c       0x60 ..\obj\usbd_req.o
 .text.USBD_GetStatus
                0x080062cc       0x5c ..\obj\usbd_req.o
 .text.USBD_SetFeature
                0x08006328       0xcc ..\obj\usbd_req.o
 .text.USBD_ClrFeature
                0x080063f4       0x50 ..\obj\usbd_req.o
 .text.USBD_ParseSetupRequest
                0x08006444       0x8c ..\obj\usbd_req.o
                0x08006444                USBD_ParseSetupRequest
 .text.USBD_CtlError
                0x080064d0       0x48 ..\obj\usbd_req.o
                0x080064d0                USBD_CtlError
 .text.USBD_GetString
                0x08006518       0x7c ..\obj\usbd_req.o
                0x08006518                USBD_GetString
 .text.USBD_GetLen
                0x08006594       0x30 ..\obj\usbd_req.o
 .text.USBD_OTG_ISR_Handler
                0x080065c4      0x15c ..\obj\usb_dcd_int.o
                0x080065c4                USBD_OTG_ISR_Handler
 .text.DCD_HandleResume_ISR
                0x08006720       0x80 ..\obj\usb_dcd_int.o
 .text.DCD_HandleUSBSuspend_ISR
                0x080067a0       0xa8 ..\obj\usb_dcd_int.o
 .text.DCD_HandleInEP_ISR
                0x08006848      0x1ec ..\obj\usb_dcd_int.o
 .text.DCD_HandleOutEP_ISR
                0x08006a34      0x180 ..\obj\usb_dcd_int.o
 .text.DCD_HandleSof_ISR
                0x08006bb4       0x38 ..\obj\usb_dcd_int.o
 .text.DCD_HandleRxStatusQueueLevel_ISR
                0x08006bec      0x104 ..\obj\usb_dcd_int.o
 .text.DCD_WriteEmptyTxFifo
                0x08006cf0       0xe4 ..\obj\usb_dcd_int.o
 .text.DCD_HandleUsbReset_ISR
                0x08006dd4      0x144 ..\obj\usb_dcd_int.o
 .text.DCD_HandleEnumDone_ISR
                0x08006f18       0x78 ..\obj\usb_dcd_int.o
 .text.DCD_IsoINIncomplete_ISR
                0x08006f90       0x38 ..\obj\usb_dcd_int.o
 .text.DCD_IsoOUTIncomplete_ISR
                0x08006fc8       0x38 ..\obj\usb_dcd_int.o
 .text.DCD_ReadDevInEP
                0x08007000       0x50 ..\obj\usb_dcd_int.o
 .text.Limit_ul
                0x08007050       0x3c ..\obj\robo_data.o
                0x08007050                Limit_ul
 .text.pd_rock  0x0800708c       0x90 ..\obj\robo_data.o
                0x0800708c                pd_rock
 *fill*         0x0800711c        0x4 
 .text.pd_straight
                0x08007120       0xb8 ..\obj\robo_data.o
                0x08007120                pd_straight
 .text.get_motor_output_l
                0x080071d8      0x158 ..\obj\robo_data.o
                0x080071d8                get_motor_output_l
 .text.get_motor_output_r
                0x08007330      0x158 ..\obj\robo_data.o
                0x08007330                get_motor_output_r
 .text.get_motor_output_b
                0x08007488      0x158 ..\obj\robo_data.o
                0x08007488                get_motor_output_b
 .text.get_twopoints_distance
                0x080075e0       0x54 ..\obj\robo_data.o
                0x080075e0                get_twopoints_distance
 *fill*         0x08007634        0x4 
 .text.get_target_degree
                0x08007638       0x88 ..\obj\robo_data.o
                0x08007638                get_target_degree
 .text.get_vertical_distance
                0x080076c0      0x168 ..\obj\robo_data.o
                0x080076c0                get_vertical_distance
 .text.get_target_velocity
                0x08007828      0x1b0 ..\obj\robo_data.o
                0x08007828                get_target_velocity
 .text.get_motor_output_x
                0x080079d8       0xb0 ..\obj\robo_data.o
                0x080079d8                get_motor_output_x
 .text.get_motor_output_y
                0x08007a88       0xb0 ..\obj\robo_data.o
                0x08007a88                get_motor_output_y
 .text.revision_degree
                0x08007b38       0x64 ..\obj\robo_data.o
                0x08007b38                revision_degree
 *fill*         0x08007b9c        0x4 
 .text.get_robot_inf
                0x08007ba0      0x8a8 ..\obj\robo_data.o
                0x08007ba0                get_robot_inf
 .text.init_robot_inf
                0x08008448       0x2c ..\obj\robo_data.o
                0x08008448                init_robot_inf
 *fill*         0x08008474        0x4 
 .text.position_rock
                0x08008478      0x1d8 ..\obj\robo_data.o
                0x08008478                position_rock
 .text.usbd_cdc_Init
                0x08008650       0x90 ..\obj\usbd_cdc_core.o
 .text.usbd_cdc_DeInit
                0x080086e0       0x3c ..\obj\usbd_cdc_core.o
 .text.usbd_cdc_Setup
                0x0800871c      0x144 ..\obj\usbd_cdc_core.o
 .text.usbd_cdc_EP0_RxReady
                0x08008860       0x58 ..\obj\usbd_cdc_core.o
 .text.usbd_cdc_DataIn
                0x080088b8      0x110 ..\obj\usbd_cdc_core.o
 .text.usbd_cdc_DataOut
                0x080089c8       0x60 ..\obj\usbd_cdc_core.o
 .text.usbd_cdc_SOF
                0x08008a28       0x40 ..\obj\usbd_cdc_core.o
 .text.Handle_USBAsynchXfer
                0x08008a68      0x190 ..\obj\usbd_cdc_core.o
 .text.USBD_cdc_GetCfgDesc
                0x08008bf8       0x28 ..\obj\usbd_cdc_core.o
 .text.receive_att
                0x08008c20       0x20 ..\obj\receive.o
                0x08008c20                receive_att
 .text.receive_order_depot
                0x08008c40       0xa8 ..\obj\receive.o
                0x08008c40                receive_order_depot
 .text.receive_order_c
                0x08008ce8      0x1b4 ..\obj\receive.o
                0x08008ce8                receive_order_c
 .text.change_float
                0x08008e9c       0x88 ..\obj\receive.o
                0x08008e9c                change_float
 .text.Receive_usart3_c
                0x08008f24       0x3c ..\obj\receive.o
                0x08008f24                Receive_usart3_c
 .text.get_atoz_value
                0x08008f60       0x24 ..\obj\receive.o
                0x08008f60                get_atoz_value
 .text.EXTI_ClearITPendingBit
                0x08008f84       0x20 ..\obj\stm32f4xx_exti.o
                0x08008f84                EXTI_ClearITPendingBit
 .text.Analysis_GPIO_Pin
                0x08008fa4      0x168 ..\obj\name_converter.o
                0x08008fa4                Analysis_GPIO_Pin
 .text.GPIO_af_USART_select
                0x0800910c       0x90 ..\obj\name_converter.o
                0x0800910c                GPIO_af_USART_select
 .text.USART_irqn_select
                0x0800919c       0x90 ..\obj\name_converter.o
                0x0800919c                USART_irqn_select
 .text.RCC_PeriphClock_TIM
                0x0800922c      0x25c ..\obj\name_converter.o
                0x0800922c                RCC_PeriphClock_TIM
 .text.RCC_PeriphClock_USART
                0x08009488      0x1a0 ..\obj\name_converter.o
                0x08009488                RCC_PeriphClock_USART
 .text.Pin_select_source
                0x08009628       0xec ..\obj\name_converter.o
                0x08009628                Pin_select_source
 .text.Tim_select_af
                0x08009714       0xc4 ..\obj\name_converter.o
                0x08009714                Tim_select_af
 .text.NVIC_PriorityGroupConfig
                0x080097d8       0x28 ..\obj\misc.o
                0x080097d8                NVIC_PriorityGroupConfig
 .text.NVIC_Init
                0x08009800       0xcc ..\obj\misc.o
                0x08009800                NVIC_Init
 .text.DCD_Init
                0x080098cc      0x100 ..\obj\usb_dcd.o
                0x080098cc                DCD_Init
 .text.DCD_EP_Open
                0x080099cc       0x9c ..\obj\usb_dcd.o
                0x080099cc                DCD_EP_Open
 .text.DCD_EP_Close
                0x08009a68       0x70 ..\obj\usb_dcd.o
                0x08009a68                DCD_EP_Close
 .text.DCD_EP_PrepareRx
                0x08009ad8       0x80 ..\obj\usb_dcd.o
                0x08009ad8                DCD_EP_PrepareRx
 .text.DCD_EP_Tx
                0x08009b58       0x78 ..\obj\usb_dcd.o
                0x08009b58                DCD_EP_Tx
 .text.DCD_EP_Stall
                0x08009bd0       0x74 ..\obj\usb_dcd.o
                0x08009bd0                DCD_EP_Stall
 .text.DCD_EP_ClrStall
                0x08009c44       0x74 ..\obj\usb_dcd.o
                0x08009c44                DCD_EP_ClrStall
 .text.DCD_EP_SetAddress
                0x08009cb8       0x3c ..\obj\usb_dcd.o
                0x08009cb8                DCD_EP_SetAddress
 .text.USBD_CtlSendData
                0x08009cf4       0x40 ..\obj\usbd_ioreq.o
                0x08009cf4                USBD_CtlSendData
 .text.USBD_CtlContinueSendData
                0x08009d34       0x28 ..\obj\usbd_ioreq.o
                0x08009d34                USBD_CtlContinueSendData
 .text.USBD_CtlPrepareRx
                0x08009d5c       0x40 ..\obj\usbd_ioreq.o
                0x08009d5c                USBD_CtlPrepareRx
 .text.USBD_CtlContinueRx
                0x08009d9c       0x28 ..\obj\usbd_ioreq.o
                0x08009d9c                USBD_CtlContinueRx
 .text.USBD_CtlSendStatus
                0x08009dc4       0x30 ..\obj\usbd_ioreq.o
                0x08009dc4                USBD_CtlSendStatus
 .text.USBD_CtlReceiveStatus
                0x08009df4       0x30 ..\obj\usbd_ioreq.o
                0x08009df4                USBD_CtlReceiveStatus
 .text.USART1_IRQHandler
                0x08009e24        0xc ..\obj\config_usart.o
                0x08009e24                USART1_IRQHandler
 .text.USART2_IRQHandler
                0x08009e30        0xc ..\obj\config_usart.o
                0x08009e30                USART2_IRQHandler
 .text.USART3_IRQHandler
                0x08009e3c        0xc ..\obj\config_usart.o
                0x08009e3c                USART3_IRQHandler
 .text.Init_USART
                0x08009e48       0xdc ..\obj\config_usart.o
                0x08009e48                Init_USART
 .text.TIM_TimeBaseInit
                0x08009f24       0xec ..\obj\stm32f4xx_tim.o
                0x08009f24                TIM_TimeBaseInit
 .text.TIM_ARRPreloadConfig
                0x0800a010       0x40 ..\obj\stm32f4xx_tim.o
                0x0800a010                TIM_ARRPreloadConfig
 .text.TIM_Cmd  0x0800a050       0x40 ..\obj\stm32f4xx_tim.o
                0x0800a050                TIM_Cmd
 .text.TIM_OC1Init
                0x0800a090       0xf4 ..\obj\stm32f4xx_tim.o
                0x0800a090                TIM_OC1Init
 .text.TIM_OC2Init
                0x0800a184      0x110 ..\obj\stm32f4xx_tim.o
                0x0800a184                TIM_OC2Init
 .text.TIM_OC3Init
                0x0800a294      0x10c ..\obj\stm32f4xx_tim.o
                0x0800a294                TIM_OC3Init
 .text.TIM_OC4Init
                0x0800a3a0       0xd0 ..\obj\stm32f4xx_tim.o
                0x0800a3a0                TIM_OC4Init
 .text.TIM_OC1PreloadConfig
                0x0800a470       0x38 ..\obj\stm32f4xx_tim.o
                0x0800a470                TIM_OC1PreloadConfig
 .text.TIM_OC2PreloadConfig
                0x0800a4a8       0x3c ..\obj\stm32f4xx_tim.o
                0x0800a4a8                TIM_OC2PreloadConfig
 .text.TIM_OC3PreloadConfig
                0x0800a4e4       0x38 ..\obj\stm32f4xx_tim.o
                0x0800a4e4                TIM_OC3PreloadConfig
 .text.TIM_OC4PreloadConfig
                0x0800a51c       0x3c ..\obj\stm32f4xx_tim.o
                0x0800a51c                TIM_OC4PreloadConfig
 .text.TIM_BDTRConfig
                0x0800a558       0x50 ..\obj\stm32f4xx_tim.o
                0x0800a558                TIM_BDTRConfig
 .text.TIM_BDTRStructInit
                0x0800a5a8       0x3c ..\obj\stm32f4xx_tim.o
                0x0800a5a8                TIM_BDTRStructInit
 .text.TIM_CtrlPWMOutputs
                0x0800a5e4       0x4c ..\obj\stm32f4xx_tim.o
                0x0800a5e4                TIM_CtrlPWMOutputs
 .text.TIM_ClearITPendingBit
                0x0800a630       0x20 ..\obj\stm32f4xx_tim.o
                0x0800a630                TIM_ClearITPendingBit
 .text          0x0800a650       0x88 c:/users/ózê∂/mentorgraphics/sourcery_codebench_lite_for_arm_eabi/bin/../lib/gcc/arm-none-eabi/4.8.3/../../../../arm-none-eabi/lib/thumb2\libm.a(lib_a-s_cos.o)
                0x0800a650                cos
 .text          0x0800a6d8       0x98 c:/users/ózê∂/mentorgraphics/sourcery_codebench_lite_for_arm_eabi/bin/../lib/gcc/arm-none-eabi/4.8.3/../../../../arm-none-eabi/lib/thumb2\libm.a(lib_a-s_sin.o)
                0x0800a6d8                sin
 .text          0x0800a770       0x64 c:/users/ózê∂/mentorgraphics/sourcery_codebench_lite_for_arm_eabi/bin/../lib/gcc/arm-none-eabi/4.8.3/../../../../arm-none-eabi/lib/thumb2\libm.a(lib_a-s_tan.o)
                0x0800a770                tan
 .text          0x0800a7d4      0x338 c:/users/ózê∂/mentorgraphics/sourcery_codebench_lite_for_arm_eabi/bin/../lib/gcc/arm-none-eabi/4.8.3/../../../../arm-none-eabi/lib/thumb2\libm.a(lib_a-w_pow.o)
                0x0800a7d4                pow
 .text          0x0800ab0c       0xb0 c:/users/ózê∂/mentorgraphics/sourcery_codebench_lite_for_arm_eabi/bin/../lib/gcc/arm-none-eabi/4.8.3/../../../../arm-none-eabi/lib/thumb2\libm.a(lib_a-w_sqrt.o)
                0x0800ab0c                sqrt
 .text          0x0800abbc        0x4 c:/users/ózê∂/mentorgraphics/sourcery_codebench_lite_for_arm_eabi/bin/../lib/gcc/arm-none-eabi/4.8.3/../../../../arm-none-eabi/lib/thumb2\libm.a(lib_a-wf_atan2.o)
                0x0800abbc                atan2f
 .text          0x0800abc0      0xb68 c:/users/ózê∂/mentorgraphics/sourcery_codebench_lite_for_arm_eabi/bin/../lib/gcc/arm-none-eabi/4.8.3/../../../../arm-none-eabi/lib/thumb2\libm.a(lib_a-e_pow.o)
                0x0800abc0                __ieee754_pow
 .text          0x0800b728      0x460 c:/users/ózê∂/mentorgraphics/sourcery_codebench_lite_for_arm_eabi/bin/../lib/gcc/arm-none-eabi/4.8.3/../../../../arm-none-eabi/lib/thumb2\libm.a(lib_a-e_rem_pio2.o)
                0x0800b728                __ieee754_rem_pio2
 .text          0x0800bb88      0x17c c:/users/ózê∂/mentorgraphics/sourcery_codebench_lite_for_arm_eabi/bin/../lib/gcc/arm-none-eabi/4.8.3/../../../../arm-none-eabi/lib/thumb2\libm.a(lib_a-e_sqrt.o)
                0x0800bb88                __ieee754_sqrt
 .text          0x0800bd04      0x148 c:/users/ózê∂/mentorgraphics/sourcery_codebench_lite_for_arm_eabi/bin/../lib/gcc/arm-none-eabi/4.8.3/../../../../arm-none-eabi/lib/thumb2\libm.a(lib_a-ef_atan2.o)
                0x0800bd04                __ieee754_atan2f
 *fill*         0x0800be4c        0x4 
 .text          0x0800be50      0x258 c:/users/ózê∂/mentorgraphics/sourcery_codebench_lite_for_arm_eabi/bin/../lib/gcc/arm-none-eabi/4.8.3/../../../../arm-none-eabi/lib/thumb2\libm.a(lib_a-k_cos.o)
                0x0800be50                __kernel_cos
 .text          0x0800c0a8      0x7cc c:/users/ózê∂/mentorgraphics/sourcery_codebench_lite_for_arm_eabi/bin/../lib/gcc/arm-none-eabi/4.8.3/../../../../arm-none-eabi/lib/thumb2\libm.a(lib_a-k_rem_pio2.o)
                0x0800c0a8                __kernel_rem_pio2
 *fill*         0x0800c874        0x4 
 .text          0x0800c878      0x168 c:/users/ózê∂/mentorgraphics/sourcery_codebench_lite_for_arm_eabi/bin/../lib/gcc/arm-none-eabi/4.8.3/../../../../arm-none-eabi/lib/thumb2\libm.a(lib_a-k_sin.o)
                0x0800c878                __kernel_sin
 .text          0x0800c9e0      0x3d8 c:/users/ózê∂/mentorgraphics/sourcery_codebench_lite_for_arm_eabi/bin/../lib/gcc/arm-none-eabi/4.8.3/../../../../arm-none-eabi/lib/thumb2\libm.a(lib_a-k_tan.o)
                0x0800c9e0                __kernel_tan
 .text          0x0800cdb8        0x8 c:/users/ózê∂/mentorgraphics/sourcery_codebench_lite_for_arm_eabi/bin/../lib/gcc/arm-none-eabi/4.8.3/../../../../arm-none-eabi/lib/thumb2\libm.a(lib_a-s_fabs.o)
                0x0800cdb8                fabs
 .text          0x0800cdc0        0xc c:/users/ózê∂/mentorgraphics/sourcery_codebench_lite_for_arm_eabi/bin/../lib/gcc/arm-none-eabi/4.8.3/../../../../arm-none-eabi/lib/thumb2\libm.a(lib_a-s_finite.o)
                0x0800cdc0                finite
 *fill*         0x0800cdcc        0x4 
 .text          0x0800cdd0      0x120 c:/users/ózê∂/mentorgraphics/sourcery_codebench_lite_for_arm_eabi/bin/../lib/gcc/arm-none-eabi/4.8.3/../../../../arm-none-eabi/lib/thumb2\libm.a(lib_a-s_floor.o)
                0x0800cdd0                floor
 .text          0x0800cef0       0x50 c:/users/ózê∂/mentorgraphics/sourcery_codebench_lite_for_arm_eabi/bin/../lib/gcc/arm-none-eabi/4.8.3/../../../../arm-none-eabi/lib/thumb2\libm.a(lib_a-s_fpclassify.o)
                0x0800cef0                __fpclassifyd
 .text          0x0800cf40        0x4 c:/users/ózê∂/mentorgraphics/sourcery_codebench_lite_for_arm_eabi/bin/../lib/gcc/arm-none-eabi/4.8.3/../../../../arm-none-eabi/lib/thumb2\libm.a(lib_a-s_matherr.o)
                0x0800cf40                matherr
 .text          0x0800cf44        0xc c:/users/ózê∂/mentorgraphics/sourcery_codebench_lite_for_arm_eabi/bin/../lib/gcc/arm-none-eabi/4.8.3/../../../../arm-none-eabi/lib/thumb2\libm.a(lib_a-s_nan.o)
                0x0800cf44                nan
 .text          0x0800cf50      0x120 c:/users/ózê∂/mentorgraphics/sourcery_codebench_lite_for_arm_eabi/bin/../lib/gcc/arm-none-eabi/4.8.3/../../../../arm-none-eabi/lib/thumb2\libm.a(lib_a-s_rint.o)
                0x0800cf50                rint
 .text          0x0800d070      0x118 c:/users/ózê∂/mentorgraphics/sourcery_codebench_lite_for_arm_eabi/bin/../lib/gcc/arm-none-eabi/4.8.3/../../../../arm-none-eabi/lib/thumb2\libm.a(lib_a-s_scalbn.o)
                0x0800d070                scalbn
 .text          0x0800d188      0x230 c:/users/ózê∂/mentorgraphics/sourcery_codebench_lite_for_arm_eabi/bin/../lib/gcc/arm-none-eabi/4.8.3/../../../../arm-none-eabi/lib/thumb2\libm.a(lib_a-sf_atan.o)
                0x0800d188                atanf
 .text          0x0800d3b8        0x8 c:/users/ózê∂/mentorgraphics/sourcery_codebench_lite_for_arm_eabi/bin/../lib/gcc/arm-none-eabi/4.8.3/../../../../arm-none-eabi/lib/thumb2\libm.a(lib_a-sf_fabs.o)
                0x0800d3b8                fabsf
 .text          0x0800d3c0       0x14 c:/users/ózê∂/mentorgraphics/sourcery_codebench_lite_for_arm_eabi/bin/../lib/gcc/arm-none-eabi/4.8.3/../../../../arm-none-eabi/lib/thumb2\libm.a(lib_a-s_copysign.o)
                0x0800d3c0                copysign
 .text          0x0800d3d4      0x370 c:/users/ózê∂/mentorgraphics/sourcery_codebench_lite_for_arm_eabi/bin/../lib/gcc/arm-none-eabi/4.8.3/thumb2\libgcc.a(_arm_addsubdf3.o)
                0x0800d3d4                __aeabi_drsub
                0x0800d3dc                __aeabi_dsub
                0x0800d3dc                __subdf3
                0x0800d3e0                __aeabi_dadd
                0x0800d3e0                __adddf3
                0x0800d658                __floatunsidf
                0x0800d658                __aeabi_ui2d
                0x0800d678                __floatsidf
                0x0800d678                __aeabi_i2d
                0x0800d69c                __aeabi_f2d
                0x0800d69c                __extendsfdf2
                0x0800d6d8                __floatundidf
                0x0800d6d8                __aeabi_ul2d
                0x0800d6e8                __floatdidf
                0x0800d6e8                __aeabi_l2d
 .text          0x0800d744      0x424 c:/users/ózê∂/mentorgraphics/sourcery_codebench_lite_for_arm_eabi/bin/../lib/gcc/arm-none-eabi/4.8.3/thumb2\libgcc.a(_arm_muldivdf3.o)
                0x0800d744                __aeabi_dmul
                0x0800d744                __muldf3
                0x0800d998                __divdf3
                0x0800d998                __aeabi_ddiv
 .text          0x0800db68      0x110 c:/users/ózê∂/mentorgraphics/sourcery_codebench_lite_for_arm_eabi/bin/../lib/gcc/arm-none-eabi/4.8.3/thumb2\libgcc.a(_arm_cmpdf2.o)
                0x0800db68                __gtdf2
                0x0800db68                __gedf2
                0x0800db70                __ltdf2
                0x0800db70                __ledf2
                0x0800db78                __nedf2
                0x0800db78                __eqdf2
                0x0800db78                __cmpdf2
                0x0800dbf4                __aeabi_cdrcmple
                0x0800dc04                __aeabi_cdcmpeq
                0x0800dc04                __aeabi_cdcmple
                0x0800dc14                __aeabi_dcmpeq
                0x0800dc28                __aeabi_dcmplt
                0x0800dc3c                __aeabi_dcmple
                0x0800dc50                __aeabi_dcmpge
                0x0800dc64                __aeabi_dcmpgt
 .text          0x0800dc78       0x50 c:/users/ózê∂/mentorgraphics/sourcery_codebench_lite_for_arm_eabi/bin/../lib/gcc/arm-none-eabi/4.8.3/thumb2\libgcc.a(_arm_fixdfsi.o)
                0x0800dc78                __aeabi_d2iz
                0x0800dc78                __fixdfsi
 .text          0x0800dcc8       0x40 c:/users/ózê∂/mentorgraphics/sourcery_codebench_lite_for_arm_eabi/bin/../lib/gcc/arm-none-eabi/4.8.3/thumb2\libgcc.a(_arm_fixunsdfsi.o)
                0x0800dcc8                __aeabi_d2uiz
                0x0800dcc8                __fixunsdfsi
 .text          0x0800dd08       0xa0 c:/users/ózê∂/mentorgraphics/sourcery_codebench_lite_for_arm_eabi/bin/../lib/gcc/arm-none-eabi/4.8.3/thumb2\libgcc.a(_arm_truncdfsf2.o)
                0x0800dd08                __truncdfsf2
                0x0800dd08                __aeabi_d2f
 .text          0x0800dda8      0x21c c:/users/ózê∂/mentorgraphics/sourcery_codebench_lite_for_arm_eabi/bin/../lib/gcc/arm-none-eabi/4.8.3/thumb2\libgcc.a(_arm_addsubsf3.o)
                0x0800dda8                __aeabi_frsub
                0x0800ddb0                __subsf3
                0x0800ddb0                __aeabi_fsub
                0x0800ddb4                __aeabi_fadd
                0x0800ddb4                __addsf3
                0x0800df14                __aeabi_ui2f
                0x0800df14                __floatunsisf
                0x0800df1c                __aeabi_i2f
                0x0800df1c                __floatsisf
                0x0800df38                __aeabi_ul2f
                0x0800df38                __floatundisf
                0x0800df48                __aeabi_l2f
                0x0800df48                __floatdisf
 .text          0x0800dfc4      0x2a0 c:/users/ózê∂/mentorgraphics/sourcery_codebench_lite_for_arm_eabi/bin/../lib/gcc/arm-none-eabi/4.8.3/thumb2\libgcc.a(_arm_muldivsf3.o)
                0x0800dfc4                __mulsf3
                0x0800dfc4                __aeabi_fmul
                0x0800e12c                __aeabi_fdiv
                0x0800e12c                __divsf3
 .text          0x0800e264       0xec c:/users/ózê∂/mentorgraphics/sourcery_codebench_lite_for_arm_eabi/bin/../lib/gcc/arm-none-eabi/4.8.3/thumb2\libgcc.a(_arm_cmpsf2.o)
                0x0800e264                __gesf2
                0x0800e264                __gtsf2
                0x0800e26c                __lesf2
                0x0800e26c                __ltsf2
                0x0800e274                __nesf2
                0x0800e274                __eqsf2
                0x0800e274                __cmpsf2
                0x0800e2d4                __aeabi_cfrcmple
                0x0800e2dc                __aeabi_cfcmpeq
                0x0800e2dc                __aeabi_cfcmple
                0x0800e2ec                __aeabi_fcmpeq
                0x0800e300                __aeabi_fcmplt
                0x0800e314                __aeabi_fcmple
                0x0800e328                __aeabi_fcmpge
                0x0800e33c                __aeabi_fcmpgt
 .text          0x0800e350       0x40 c:/users/ózê∂/mentorgraphics/sourcery_codebench_lite_for_arm_eabi/bin/../lib/gcc/arm-none-eabi/4.8.3/thumb2\libgcc.a(_arm_fixunssfsi.o)
                0x0800e350                __fixunssfsi
                0x0800e350                __aeabi_f2uiz
 .text          0x0800e390        0xc c:/users/ózê∂/mentorgraphics/sourcery_codebench_lite_for_arm_eabi/bin/../lib/gcc/arm-none-eabi/4.8.3/../../../../arm-none-eabi/lib/thumb2\libc.a(lib_a-errno.o)
                0x0800e390                __errno
 *(.init)
 *(.fini)
 *crtbegin.o(.ctors)
 *crtbegin?.o(.ctors)
 *(EXCLUDE_FILE(*crtend.o *crtend?.o) .ctors)
 *(SORT(.ctors.*))
 *(.ctors)
 *crtbegin.o(.dtors)
 *crtbegin?.o(.dtors)
 *(EXCLUDE_FILE(*crtend.o *crtend?.o) .dtors)
 *(SORT(.dtors.*))
 *(.dtors)
 *(.rodata*)
 .rodata        0x0800e39c       0x98 ..\obj\usbd_desc.o
 .rodata.str1.4
                0x0800e434        0x4 c:/users/ózê∂/mentorgraphics/sourcery_codebench_lite_for_arm_eabi/bin/../lib/gcc/arm-none-eabi/4.8.3/../../../../arm-none-eabi/lib/thumb2\libm.a(lib_a-w_pow.o)
 .rodata.str1.4
                0x0800e438        0x5 c:/users/ózê∂/mentorgraphics/sourcery_codebench_lite_for_arm_eabi/bin/../lib/gcc/arm-none-eabi/4.8.3/../../../../arm-none-eabi/lib/thumb2\libm.a(lib_a-w_sqrt.o)
                                  0x8 (size before relaxing)
 *fill*         0x0800e43d        0x3 
 .rodata        0x0800e440       0x30 c:/users/ózê∂/mentorgraphics/sourcery_codebench_lite_for_arm_eabi/bin/../lib/gcc/arm-none-eabi/4.8.3/../../../../arm-none-eabi/lib/thumb2\libm.a(lib_a-e_pow.o)
 .rodata.str1.4
                0x00000000        0x5 c:/users/ózê∂/mentorgraphics/sourcery_codebench_lite_for_arm_eabi/bin/../lib/gcc/arm-none-eabi/4.8.3/../../../../arm-none-eabi/lib/thumb2\libm.a(lib_a-e_pow.o)
                                  0x4 (size before relaxing)
 .rodata        0x0800e470      0x188 c:/users/ózê∂/mentorgraphics/sourcery_codebench_lite_for_arm_eabi/bin/../lib/gcc/arm-none-eabi/4.8.3/../../../../arm-none-eabi/lib/thumb2\libm.a(lib_a-e_rem_pio2.o)
 .rodata        0x0800e5f8       0x50 c:/users/ózê∂/mentorgraphics/sourcery_codebench_lite_for_arm_eabi/bin/../lib/gcc/arm-none-eabi/4.8.3/../../../../arm-none-eabi/lib/thumb2\libm.a(lib_a-k_rem_pio2.o)
 .rodata        0x0800e648       0x10 c:/users/ózê∂/mentorgraphics/sourcery_codebench_lite_for_arm_eabi/bin/../lib/gcc/arm-none-eabi/4.8.3/../../../../arm-none-eabi/lib/thumb2\libm.a(lib_a-s_rint.o)
 .rodata        0x0800e658       0x20 c:/users/ózê∂/mentorgraphics/sourcery_codebench_lite_for_arm_eabi/bin/../lib/gcc/arm-none-eabi/4.8.3/../../../../arm-none-eabi/lib/thumb2\libm.a(lib_a-sf_atan.o)
 .rodata.str1.4
                0x0800e678        0x4 c:/users/ózê∂/mentorgraphics/sourcery_codebench_lite_for_arm_eabi/bin/../lib/gcc/arm-none-eabi/4.8.3/../../../../arm-none-eabi/lib/thumb2\libc.a(lib_a-impure.o)
 *(.eh_fram e*)

.glue_7         0x0800e67c        0x0
 .glue_7        0x00000000        0x0 linker stubs

.glue_7t        0x0800e67c        0x0
 .glue_7t       0x00000000        0x0 linker stubs

.vfp11_veneer   0x0800e67c        0x0
 .vfp11_veneer  0x00000000        0x0 linker stubs

.v4_bx          0x0800e67c        0x0
 .v4_bx         0x00000000        0x0 linker stubs

.iplt           0x0800e67c        0x0
 .iplt          0x00000000        0x0 ..\obj\config_pwm.o

.rel.dyn        0x0800e67c        0x0
 .rel.iplt      0x00000000        0x0 ..\obj\config_pwm.o

.ARM.extab
 *(.ARM.extab* .gnu.linkonce.armextab.*)
                0x0800e67c                __exidx_start = .

.ARM.exidx
 *(.ARM.exidx* .gnu.linkonce.armexidx.*)
                0x0800e67c                __exidx_end = .
                0x0800e67c                __etext = .
                0x0800e67c                _sidata = __etext

.data           0x20000000      0x23c load address 0x0800e67c
                0x20000000                __data_start__ = .
                0x20000000                _sdata = __data_start__
 *(vtable)
 *(.data*)
 .data          0x20000000       0x1c ..\obj\usbd_usr.o
                0x20000000                USR_cb
 .data          0x2000001c       0x30 ..\obj\usbd_core.o
                0x2000001c                USBD_DCD_INT_cb
                0x20000048                USBD_DCD_INT_fops
 .data          0x2000004c       0x10 ..\obj\stm32f4xx_rcc.o
 .data          0x2000005c       0x40 ..\obj\usbd_desc.o
                0x2000005c                USR_desc
                0x20000078                USBD_DeviceDesc
                0x2000008c                USBD_DeviceQualifierDesc
                0x20000098                USBD_LangIDDesc
 .data          0x2000009c       0x1c ..\obj\usbd_cdc_vcp.o
                0x2000009c                linecoding
                0x200000a4                VCP_fops
 .data          0x200000b8       0x14 ..\obj\system_stm32f4xx.o
                0x200000b8                SystemCoreClock
                0x200000bc                AHBPrescTable
 .data          0x200000cc       0x74 ..\obj\usbd_cdc_core.o
                0x200000cc                usbd_cdc_CfgDesc
                0x20000114                USBD_CDC_cb
 .data          0x20000140        0x4 ..\obj\receive.o
 .data          0x20000144        0x1 c:/users/ózê∂/mentorgraphics/sourcery_codebench_lite_for_arm_eabi/bin/../lib/gcc/arm-none-eabi/4.8.3/../../../../arm-none-eabi/lib/thumb2\libm.a(lib_a-s_lib_ver.o)
                0x20000144                __fdlib_version
 *fill*         0x20000145        0x3 
 .data          0x20000148       0xf4 c:/users/ózê∂/mentorgraphics/sourcery_codebench_lite_for_arm_eabi/bin/../lib/gcc/arm-none-eabi/4.8.3/../../../../arm-none-eabi/lib/thumb2\libc.a(lib_a-impure.o)
                0x20000148                _impure_ptr
                0x2000023c                . = ALIGN (0x4)
                0x2000023c                PROVIDE (__preinit_array_start, .)
 *(.preinit_array)
                0x2000023c                PROVIDE (__preinit_array_end, .)
                0x2000023c                . = ALIGN (0x4)
                0x2000023c                PROVIDE (__init_array_start, .)
 *(SORT(.init_array.*))
 *(.init_array)
                0x2000023c                PROVIDE (__init_array_end, .)
                0x2000023c                . = ALIGN (0x4)
                0x2000023c                PROVIDE (__fini_array_start, .)
 *(SORT(.fini_array.*))
 *(.fini_array)
                0x2000023c                PROVIDE (__fini_array_end, .)
 *(.jcr*)
                0x2000023c                . = ALIGN (0x4)
                0x2000023c                __data_end__ = .
                0x2000023c                _edata = __data_end__

.igot.plt       0x2000023c        0x0 load address 0x0800e8b8
 .igot.plt      0x00000000        0x0 ..\obj\config_pwm.o

.bss            0x2000023c     0x11ac load address 0x0800e8b8
                0x2000023c                . = ALIGN (0x4)
                0x2000023c                __bss_start__ = .
                0x2000023c                _sbss = __bss_start__
 *(.bss*)
 .bss           0x2000023c       0x30 ..\obj\chata.o
 .bss           0x2000026c       0x30 ..\obj\config_encoder.o
                0x2000026c                g_over_tim1
                0x20000270                g_under_tim1
                0x20000274                g_over_tim2
                0x20000278                g_under_tim2
                0x2000027c                g_over_tim3
                0x20000280                g_under_tim3
                0x20000284                g_over_tim4
                0x20000288                g_under_tim4
                0x2000028c                g_over_tim5
                0x20000290                g_under_tim5
                0x20000294                g_over_tim8
                0x20000298                g_under_tim8
 .bss           0x2000029c        0xc ..\obj\robo_finction.o
 .bss           0x200002a8       0x10 ..\obj\config_adc.o
                0x200002a8                g_ADC1_value
 .bss           0x200002b8       0x10 ..\obj\config_systick.o
                0x200002b8                g_time
                0x200002bc                g_serial_time
                0x200002c0                g_debug_time
                0x200002c4                g_micro_time
 .bss           0x200002c8       0x10 ..\obj\usbd_req.o
                0x200002c8                USBD_ep_status
                0x200002cc                USBD_default_cfg
                0x200002d0                USBD_cfg_status
 .bss           0x200002d8       0xa0 ..\obj\robo_data.o
 .bss           0x20000378       0x1c ..\obj\usbd_cdc_core.o
                0x2000037c                APP_Rx_ptr_in
                0x20000380                APP_Rx_ptr_out
                0x20000384                APP_Rx_length
                0x20000388                USB_Tx_State
 .bss           0x20000394      0x104 ..\obj\receive.o
                0x20000394                g_atoz_value
                0x200003fc                g_AtoZ_value
 .bss           0x20000498        0x8 ..\obj\name_converter.o
 *(COMMON)
 COMMON         0x200004a0      0x5f0 ..\obj\transmit.o
                0x200004a0                USB_OTG_dev
 COMMON         0x20000a90       0x98 ..\obj\usbd_cdc_vcp.o
                0x20000a90                APP_Tx_Buffer
                0x20000b10                APP_tx_ptr_tail
                0x20000b14                USART_InitStructure
                0x20000b24                APP_tx_ptr_head
 COMMON         0x20000b28       0x32 ..\obj\usbd_req.o
                0x20000b28                USBD_StrDesc
 *fill*         0x20000b5a        0x2 
 COMMON         0x20000b5c      0x88c ..\obj\usbd_cdc_core.o
                0x20000b5c                usbd_cdc_OtherCfgDesc
                0x20000ba0                USB_Rx_Buffer
                0x20000be0                CmdBuff
                0x20000be8                APP_Rx_Buffer
                0x200013e8                . = ALIGN (0x4)
                0x200013e8                __bss_end__ = .
                0x200013e8                _ebss = __bss_end__

.heap           0x200013e8        0x0
                0x200013e8                __end__ = .
                0x200013e8                _end = __end__
                0x200013e8                end = __end__
 *(.heap*)
                0x200013e8                __HeapLimit = .

.co_stack       0x200013e8      0x800 load address 0x0800fa64
                0x200013e8                . = ALIGN (0x8)
 *(.co_stack .co_stack.*)
 .co_stack      0x200013e8      0x800 ..\obj\startup_stm32f4xx.o
                0x200013e8                pulStack
                0x20020000                __StackTop = (ORIGIN (ram) + 0x20000)
                0x2001f800                __StackLimit = (__StackTop - SIZEOF (.co_stack))
                0x20020000                PROVIDE (__stack, __StackTop)
                0x00000001                ASSERT ((__StackLimit >= __HeapLimit), region ram  overflowed with stack)
LOAD ..\obj\config_pwm.o
LOAD ..\obj\stm32f4xx_syscfg.o
LOAD ..\obj\usb_core.o
LOAD ..\obj\chata.o
LOAD ..\obj\transmit.o
LOAD ..\obj\config_port.o
LOAD ..\obj\stm32f4xx_sdio.o
LOAD ..\obj\usbd_usr.o
LOAD ..\obj\config_usb.o
LOAD ..\obj\config_encoder.o
LOAD ..\obj\stm32f4xx_usart.o
LOAD ..\obj\stm32f4xx_pwr.o
LOAD ..\obj\stm32f4xx_can.o
LOAD ..\obj\my_standard_io.o
LOAD ..\obj\startup_stm32f4xx.o
LOAD ..\obj\stm32f4xx_crc.o
LOAD ..\obj\usbd_core.o
LOAD ..\obj\main.o
LOAD ..\obj\stm32f4xx_rcc.o
LOAD ..\obj\robo_finction.o
LOAD ..\obj\stm32f4xx_adc.o
LOAD ..\obj\config_adc.o
LOAD ..\obj\motor.o
LOAD ..\obj\usbd_desc.o
LOAD ..\obj\stm32f4xx_fsmc.o
LOAD ..\obj\config_systick.o
LOAD ..\obj\stm32f4xx_gpio.o
LOAD ..\obj\stm32f4xx_flash.o
LOAD ..\obj\usbd_cdc_vcp.o
LOAD ..\obj\system_stm32f4xx.o
LOAD ..\obj\syscalls.o
LOAD ..\obj\stm32f4xx_dma.o
LOAD ..\obj\usb_bsp.o
LOAD ..\obj\cam_cal.o
LOAD ..\obj\usbd_req.o
LOAD ..\obj\usb_dcd_int.o
LOAD ..\obj\debug.o
LOAD ..\obj\robo_data.o
LOAD ..\obj\usbd_cdc_core.o
LOAD ..\obj\receive.o
LOAD ..\obj\stm32f4xx_spi.o
LOAD ..\obj\stm32f4xx_i2c.o
LOAD ..\obj\stm32f4xx_exti.o
LOAD ..\obj\name_converter.o
LOAD ..\obj\misc.o
LOAD ..\obj\usb_dcd.o
LOAD ..\obj\init_micro_interrupt.o
LOAD ..\obj\usbd_ioreq.o
LOAD ..\obj\config_usart.o
LOAD ..\obj\stm32f4xx_tim.o
LOAD c:/users/ózê∂/mentorgraphics/sourcery_codebench_lite_for_arm_eabi/bin/../lib/gcc/arm-none-eabi/4.8.3/../../../../arm-none-eabi/lib/thumb2\libm.a
LOAD c:/users/ózê∂/mentorgraphics/sourcery_codebench_lite_for_arm_eabi/bin/../lib/gcc/arm-none-eabi/4.8.3/thumb2\libgcc.a
LOAD c:/users/ózê∂/mentorgraphics/sourcery_codebench_lite_for_arm_eabi/bin/../lib/gcc/arm-none-eabi/4.8.3/../../../../arm-none-eabi/lib/thumb2\libc.a
START GROUP
LOAD c:/users/ózê∂/mentorgraphics/sourcery_codebench_lite_for_arm_eabi/bin/../lib/gcc/arm-none-eabi/4.8.3/thumb2\libgcc.a
LOAD c:/users/ózê∂/mentorgraphics/sourcery_codebench_lite_for_arm_eabi/bin/../lib/gcc/arm-none-eabi/4.8.3/../../../../arm-none-eabi/lib/thumb2\libc.a
END GROUP
OUTPUT(3axes.elf elf32-littlearm)

.debug_info     0x00000000    0x181c4
 .debug_info    0x00000000      0x859 ..\obj\config_pwm.o
 .debug_info    0x00000859     0x24ef ..\obj\usb_core.o
 .debug_info    0x00002d48       0xd5 ..\obj\chata.o
 .debug_info    0x00002e1d      0xc38 ..\obj\transmit.o
 .debug_info    0x00003a55      0x2cc ..\obj\config_port.o
 .debug_info    0x00003d21      0x1b5 ..\obj\usbd_usr.o
 .debug_info    0x00003ed6      0xcf3 ..\obj\config_usb.o
 .debug_info    0x00004bc9      0x6a7 ..\obj\config_encoder.o
 .debug_info    0x00005270      0x996 ..\obj\stm32f4xx_usart.o
 .debug_info    0x00005c06       0xed ..\obj\startup_stm32f4xx.o
 .debug_info    0x00005cf3      0xe69 ..\obj\usbd_core.o
 .debug_info    0x00006b5c     0x11ef ..\obj\main.o
 .debug_info    0x00007d4b      0xc21 ..\obj\stm32f4xx_rcc.o
 .debug_info    0x0000896c      0x4b5 ..\obj\robo_finction.o
 .debug_info    0x00008e21      0xc0c ..\obj\stm32f4xx_adc.o
 .debug_info    0x00009a2d      0x671 ..\obj\config_adc.o
 .debug_info    0x0000a09e      0x43d ..\obj\motor.o
 .debug_info    0x0000a4db      0x342 ..\obj\usbd_desc.o
 .debug_info    0x0000a81d      0x9ea ..\obj\config_systick.o
 .debug_info    0x0000b207      0x5d6 ..\obj\stm32f4xx_gpio.o
 .debug_info    0x0000b7dd      0x482 ..\obj\usbd_cdc_vcp.o
 .debug_info    0x0000bc5f      0x566 ..\obj\system_stm32f4xx.o
 .debug_info    0x0000c1c5      0x718 ..\obj\stm32f4xx_dma.o
 .debug_info    0x0000c8dd      0xfd8 ..\obj\usb_bsp.o
 .debug_info    0x0000d8b5      0xd66 ..\obj\cam_cal.o
 .debug_info    0x0000e61b      0xf6f ..\obj\usbd_req.o
 .debug_info    0x0000f58a     0x1d41 ..\obj\usb_dcd_int.o
 .debug_info    0x000112cb      0xe45 ..\obj\robo_data.o
 .debug_info    0x00012110      0xec6 ..\obj\usbd_cdc_core.o
 .debug_info    0x00012fd6      0x430 ..\obj\receive.o
 .debug_info    0x00013406      0x331 ..\obj\stm32f4xx_exti.o
 .debug_info    0x00013737      0x89d ..\obj\name_converter.o
 .debug_info    0x00013fd4      0x51c ..\obj\misc.o
 .debug_info    0x000144f0      0xff3 ..\obj\usb_dcd.o
 .debug_info    0x000154e3      0xc8b ..\obj\usbd_ioreq.o
 .debug_info    0x0001616e      0x421 ..\obj\config_usart.o
 .debug_info    0x0001658f     0x1c35 ..\obj\stm32f4xx_tim.o

.debug_abbrev   0x00000000     0x3b2b
 .debug_abbrev  0x00000000      0x160 ..\obj\config_pwm.o
 .debug_abbrev  0x00000160      0x2e7 ..\obj\usb_core.o
 .debug_abbrev  0x00000447       0x9d ..\obj\chata.o
 .debug_abbrev  0x000004e4      0x1a9 ..\obj\transmit.o
 .debug_abbrev  0x0000068d      0x126 ..\obj\config_port.o
 .debug_abbrev  0x000007b3       0xdd ..\obj\usbd_usr.o
 .debug_abbrev  0x00000890      0x204 ..\obj\config_usb.o
 .debug_abbrev  0x00000a94      0x189 ..\obj\config_encoder.o
 .debug_abbrev  0x00000c1d      0x155 ..\obj\stm32f4xx_usart.o
 .debug_abbrev  0x00000d72       0xb0 ..\obj\startup_stm32f4xx.o
 .debug_abbrev  0x00000e22      0x21d ..\obj\usbd_core.o
 .debug_abbrev  0x0000103f      0x1b8 ..\obj\main.o
 .debug_abbrev  0x000011f7      0x1e3 ..\obj\stm32f4xx_rcc.o
 .debug_abbrev  0x000013da      0x155 ..\obj\robo_finction.o
 .debug_abbrev  0x0000152f      0x196 ..\obj\stm32f4xx_adc.o
 .debug_abbrev  0x000016c5      0x162 ..\obj\config_adc.o
 .debug_abbrev  0x00001827       0xd8 ..\obj\motor.o
 .debug_abbrev  0x000018ff      0x12c ..\obj\usbd_desc.o
 .debug_abbrev  0x00001a2b      0x22c ..\obj\config_systick.o
 .debug_abbrev  0x00001c57      0x1a3 ..\obj\stm32f4xx_gpio.o
 .debug_abbrev  0x00001dfa      0x189 ..\obj\usbd_cdc_vcp.o
 .debug_abbrev  0x00001f83      0x136 ..\obj\system_stm32f4xx.o
 .debug_abbrev  0x000020b9      0x155 ..\obj\stm32f4xx_dma.o
 .debug_abbrev  0x0000220e      0x22b ..\obj\usb_bsp.o
 .debug_abbrev  0x00002439      0x188 ..\obj\cam_cal.o
 .debug_abbrev  0x000025c1      0x293 ..\obj\usbd_req.o
 .debug_abbrev  0x00002854      0x25b ..\obj\usb_dcd_int.o
 .debug_abbrev  0x00002aaf      0x1b5 ..\obj\robo_data.o
 .debug_abbrev  0x00002c64      0x215 ..\obj\usbd_cdc_core.o
 .debug_abbrev  0x00002e79      0x165 ..\obj\receive.o
 .debug_abbrev  0x00002fde      0x1a5 ..\obj\stm32f4xx_exti.o
 .debug_abbrev  0x00003183      0x18d ..\obj\name_converter.o
 .debug_abbrev  0x00003310      0x145 ..\obj\misc.o
 .debug_abbrev  0x00003455      0x259 ..\obj\usb_dcd.o
 .debug_abbrev  0x000036ae      0x1af ..\obj\usbd_ioreq.o
 .debug_abbrev  0x0000385d      0x147 ..\obj\config_usart.o
 .debug_abbrev  0x000039a4      0x187 ..\obj\stm32f4xx_tim.o

.debug_aranges  0x00000000     0x1310
 .debug_aranges
                0x00000000       0x28 ..\obj\config_pwm.o
 .debug_aranges
                0x00000028      0x138 ..\obj\usb_core.o
 .debug_aranges
                0x00000160       0x28 ..\obj\chata.o
 .debug_aranges
                0x00000188       0x38 ..\obj\transmit.o
 .debug_aranges
                0x000001c0       0x20 ..\obj\config_port.o
 .debug_aranges
                0x000001e0       0x50 ..\obj\usbd_usr.o
 .debug_aranges
                0x00000230       0x90 ..\obj\config_usb.o
 .debug_aranges
                0x000002c0       0x78 ..\obj\config_encoder.o
 .debug_aranges
                0x00000338      0x100 ..\obj\stm32f4xx_usart.o
 .debug_aranges
                0x00000438       0x28 ..\obj\startup_stm32f4xx.o
 .debug_aranges
                0x00000460       0x80 ..\obj\usbd_core.o
 .debug_aranges
                0x000004e0       0x30 ..\obj\main.o
 .debug_aranges
                0x00000510      0x178 ..\obj\stm32f4xx_rcc.o
 .debug_aranges
                0x00000688       0x48 ..\obj\robo_finction.o
 .debug_aranges
                0x000006d0      0x148 ..\obj\stm32f4xx_adc.o
 .debug_aranges
                0x00000818       0x30 ..\obj\config_adc.o
 .debug_aranges
                0x00000848       0x48 ..\obj\motor.o
 .debug_aranges
                0x00000890       0x50 ..\obj\usbd_desc.o
 .debug_aranges
                0x000008e0       0x58 ..\obj\config_systick.o
 .debug_aranges
                0x00000938       0x88 ..\obj\stm32f4xx_gpio.o
 .debug_aranges
                0x000009c0       0x70 ..\obj\usbd_cdc_vcp.o
 .debug_aranges
                0x00000a30       0x30 ..\obj\system_stm32f4xx.o
 .debug_aranges
                0x00000a60       0xb0 ..\obj\stm32f4xx_dma.o
 .debug_aranges
                0x00000b10       0x48 ..\obj\usb_bsp.o
 .debug_aranges
                0x00000b58       0x20 ..\obj\cam_cal.o
 .debug_aranges
                0x00000b78       0x88 ..\obj\usbd_req.o
 .debug_aranges
                0x00000c00       0x80 ..\obj\usb_dcd_int.o
 .debug_aranges
                0x00000c80       0xd0 ..\obj\robo_data.o
 .debug_aranges
                0x00000d50       0x60 ..\obj\usbd_cdc_core.o
 .debug_aranges
                0x00000db0       0x60 ..\obj\receive.o
 .debug_aranges
                0x00000e10       0x58 ..\obj\stm32f4xx_exti.o
 .debug_aranges
                0x00000e68       0x68 ..\obj\name_converter.o
 .debug_aranges
                0x00000ed0       0x40 ..\obj\misc.o
 .debug_aranges
                0x00000f10       0x80 ..\obj\usb_dcd.o
 .debug_aranges
                0x00000f90       0x50 ..\obj\usbd_ioreq.o
 .debug_aranges
                0x00000fe0       0x38 ..\obj\config_usart.o
 .debug_aranges
                0x00001018      0x2f8 ..\obj\stm32f4xx_tim.o

.debug_ranges   0x00000000     0x10c0
 .debug_ranges  0x00000000       0x18 ..\obj\config_pwm.o
 .debug_ranges  0x00000018      0x128 ..\obj\usb_core.o
 .debug_ranges  0x00000140       0x18 ..\obj\chata.o
 .debug_ranges  0x00000158       0x28 ..\obj\transmit.o
 .debug_ranges  0x00000180       0x10 ..\obj\config_port.o
 .debug_ranges  0x00000190       0x40 ..\obj\usbd_usr.o
 .debug_ranges  0x000001d0       0x80 ..\obj\config_usb.o
 .debug_ranges  0x00000250       0x68 ..\obj\config_encoder.o
 .debug_ranges  0x000002b8       0xf0 ..\obj\stm32f4xx_usart.o
 .debug_ranges  0x000003a8       0x18 ..\obj\startup_stm32f4xx.o
 .debug_ranges  0x000003c0       0x70 ..\obj\usbd_core.o
 .debug_ranges  0x00000430       0x20 ..\obj\main.o
 .debug_ranges  0x00000450      0x168 ..\obj\stm32f4xx_rcc.o
 .debug_ranges  0x000005b8       0x38 ..\obj\robo_finction.o
 .debug_ranges  0x000005f0      0x138 ..\obj\stm32f4xx_adc.o
 .debug_ranges  0x00000728       0x20 ..\obj\config_adc.o
 .debug_ranges  0x00000748       0x38 ..\obj\motor.o
 .debug_ranges  0x00000780       0x40 ..\obj\usbd_desc.o
 .debug_ranges  0x000007c0       0x48 ..\obj\config_systick.o
 .debug_ranges  0x00000808       0x78 ..\obj\stm32f4xx_gpio.o
 .debug_ranges  0x00000880       0x60 ..\obj\usbd_cdc_vcp.o
 .debug_ranges  0x000008e0       0x20 ..\obj\system_stm32f4xx.o
 .debug_ranges  0x00000900       0xa0 ..\obj\stm32f4xx_dma.o
 .debug_ranges  0x000009a0       0x38 ..\obj\usb_bsp.o
 .debug_ranges  0x000009d8       0x10 ..\obj\cam_cal.o
 .debug_ranges  0x000009e8       0x78 ..\obj\usbd_req.o
 .debug_ranges  0x00000a60       0x70 ..\obj\usb_dcd_int.o
 .debug_ranges  0x00000ad0       0xc0 ..\obj\robo_data.o
 .debug_ranges  0x00000b90       0x50 ..\obj\usbd_cdc_core.o
 .debug_ranges  0x00000be0       0x50 ..\obj\receive.o
 .debug_ranges  0x00000c30       0x48 ..\obj\stm32f4xx_exti.o
 .debug_ranges  0x00000c78       0x58 ..\obj\name_converter.o
 .debug_ranges  0x00000cd0       0x30 ..\obj\misc.o
 .debug_ranges  0x00000d00       0x70 ..\obj\usb_dcd.o
 .debug_ranges  0x00000d70       0x40 ..\obj\usbd_ioreq.o
 .debug_ranges  0x00000db0       0x28 ..\obj\config_usart.o
 .debug_ranges  0x00000dd8      0x2e8 ..\obj\stm32f4xx_tim.o

.debug_line     0x00000000     0x6c82
 .debug_line    0x00000000      0x24f ..\obj\config_pwm.o
 .debug_line    0x0000024f      0x66e ..\obj\usb_core.o
 .debug_line    0x000008bd       0xaa ..\obj\chata.o
 .debug_line    0x00000967      0x235 ..\obj\transmit.o
 .debug_line    0x00000b9c      0x19e ..\obj\config_port.o
 .debug_line    0x00000d3a      0x1c5 ..\obj\usbd_usr.o
 .debug_line    0x00000eff      0x3b2 ..\obj\config_usb.o
 .debug_line    0x000012b1      0x2cb ..\obj\config_encoder.o
 .debug_line    0x0000157c      0x430 ..\obj\stm32f4xx_usart.o
 .debug_line    0x000019ac       0x99 ..\obj\startup_stm32f4xx.o
 .debug_line    0x00001a45      0x2ef ..\obj\usbd_core.o
 .debug_line    0x00001d34      0x363 ..\obj\main.o
 .debug_line    0x00002097      0x529 ..\obj\stm32f4xx_rcc.o
 .debug_line    0x000025c0      0x1d9 ..\obj\robo_finction.o
 .debug_line    0x00002799      0x4df ..\obj\stm32f4xx_adc.o
 .debug_line    0x00002c78      0x258 ..\obj\config_adc.o
 .debug_line    0x00002ed0      0x1c9 ..\obj\motor.o
 .debug_line    0x00003099      0x1e9 ..\obj\usbd_desc.o
 .debug_line    0x00003282      0x250 ..\obj\config_systick.o
 .debug_line    0x000034d2      0x2cc ..\obj\stm32f4xx_gpio.o
 .debug_line    0x0000379e      0x2e7 ..\obj\usbd_cdc_vcp.o
 .debug_line    0x00003a85      0x186 ..\obj\system_stm32f4xx.o
 .debug_line    0x00003c0b      0x369 ..\obj\stm32f4xx_dma.o
 .debug_line    0x00003f74      0x271 ..\obj\usb_bsp.o
 .debug_line    0x000041e5      0x227 ..\obj\cam_cal.o
 .debug_line    0x0000440c      0x39f ..\obj\usbd_req.o
 .debug_line    0x000047ab      0x351 ..\obj\usb_dcd_int.o
 .debug_line    0x00004afc      0x474 ..\obj\robo_data.o
 .debug_line    0x00004f70      0x2c0 ..\obj\usbd_cdc_core.o
 .debug_line    0x00005230      0x225 ..\obj\receive.o
 .debug_line    0x00005455      0x232 ..\obj\stm32f4xx_exti.o
 .debug_line    0x00005687      0x371 ..\obj\name_converter.o
 .debug_line    0x000059f8      0x1d2 ..\obj\misc.o
 .debug_line    0x00005bca      0x2d9 ..\obj\usb_dcd.o
 .debug_line    0x00005ea3      0x203 ..\obj\usbd_ioreq.o
 .debug_line    0x000060a6      0x1ea ..\obj\config_usart.o
 .debug_line    0x00006290      0x9f2 ..\obj\stm32f4xx_tim.o

.debug_str      0x00000000     0x5f18
 .debug_str     0x00000000      0x617 ..\obj\config_pwm.o
                                0x66f (size before relaxing)
 .debug_str     0x00000617     0x1224 ..\obj\usb_core.o
                               0x1645 (size before relaxing)
 .debug_str     0x0000183b       0x56 ..\obj\chata.o
                                 0xc7 (size before relaxing)
 .debug_str     0x00001891       0x92 ..\obj\transmit.o
                                0x94b (size before relaxing)
 .debug_str     0x00001923      0x12a ..\obj\config_port.o
                                0x30c (size before relaxing)
 .debug_str     0x00001a4d       0xf0 ..\obj\usbd_usr.o
                                0x27b (size before relaxing)
 .debug_str     0x00001b3d      0x145 ..\obj\config_usb.o
                                0xa4f (size before relaxing)
 .debug_str     0x00001c82      0x1a6 ..\obj\config_encoder.o
                                0x531 (size before relaxing)
 .debug_str     0x00001e28      0x446 ..\obj\stm32f4xx_usart.o
                                0x636 (size before relaxing)
 .debug_str     0x0000226e       0xa8 ..\obj\startup_stm32f4xx.o
                                0x118 (size before relaxing)
 .debug_str     0x00002316      0x199 ..\obj\usbd_core.o
                                0xa8b (size before relaxing)
 .debug_str     0x000024af      0x193 ..\obj\main.o
                                0xc20 (size before relaxing)
 .debug_str     0x00002642      0x51f ..\obj\stm32f4xx_rcc.o
                                0x7f7 (size before relaxing)
 .debug_str     0x00002b61       0xa3 ..\obj\robo_finction.o
                                0x31e (size before relaxing)
 .debug_str     0x00002c04      0x632 ..\obj\stm32f4xx_adc.o
                                0x7ab (size before relaxing)
 .debug_str     0x00003236      0x1d4 ..\obj\config_adc.o
                                0x560 (size before relaxing)
 .debug_str     0x0000340a       0x95 ..\obj\motor.o
                                0x2d5 (size before relaxing)
 .debug_str     0x0000349f      0x160 ..\obj\usbd_desc.o
                                0x349 (size before relaxing)
 .debug_str     0x000035ff      0x68a ..\obj\config_systick.o
                                0x95c (size before relaxing)
 .debug_str     0x00003c89      0x195 ..\obj\stm32f4xx_gpio.o
                                0x44a (size before relaxing)
 .debug_str     0x00003e1e      0x1d0 ..\obj\usbd_cdc_vcp.o
                                0x370 (size before relaxing)
 .debug_str     0x00003fee       0xac ..\obj\system_stm32f4xx.o
                                0x351 (size before relaxing)
 .debug_str     0x0000409a      0x259 ..\obj\stm32f4xx_dma.o
                                0x4f3 (size before relaxing)
 .debug_str     0x000042f3      0x15a ..\obj\usb_bsp.o
                               0x108c (size before relaxing)
 .debug_str     0x0000444d       0x33 ..\obj\cam_cal.o
                                0x9f4 (size before relaxing)
 .debug_str     0x00004480      0x17f ..\obj\usbd_req.o
                                0xab6 (size before relaxing)
 .debug_str     0x000045ff      0x294 ..\obj\usb_dcd_int.o
                               0x1243 (size before relaxing)
 .debug_str     0x00004893      0x3d6 ..\obj\robo_data.o
                                0x7cc (size before relaxing)
 .debug_str     0x00004c69      0x19c ..\obj\usbd_cdc_core.o
                                0xad3 (size before relaxing)
 .debug_str     0x00004e05      0x137 ..\obj\receive.o
                                0x2c9 (size before relaxing)
 .debug_str     0x00004f3c      0x1c5 ..\obj\stm32f4xx_exti.o
                                0x315 (size before relaxing)
 .debug_str     0x00005101      0x106 ..\obj\name_converter.o
                                0x916 (size before relaxing)
 .debug_str     0x00005207      0x104 ..\obj\misc.o
                                0x380 (size before relaxing)
 .debug_str     0x0000530b      0x11a ..\obj\usb_dcd.o
                                0xae5 (size before relaxing)
 .debug_str     0x00005425       0xd5 ..\obj\usbd_ioreq.o
                                0x975 (size before relaxing)
 .debug_str     0x000054fa       0xa8 ..\obj\config_usart.o
                                0x418 (size before relaxing)
 .debug_str     0x000055a2      0x976 ..\obj\stm32f4xx_tim.o
                                0xd77 (size before relaxing)

.comment        0x00000000       0x46
 .comment       0x00000000       0x46 ..\obj\config_pwm.o
                                 0x47 (size before relaxing)
 .comment       0x00000000       0x47 ..\obj\usb_core.o
 .comment       0x00000000       0x47 ..\obj\chata.o
 .comment       0x00000000       0x47 ..\obj\transmit.o
 .comment       0x00000000       0x47 ..\obj\config_port.o
 .comment       0x00000000       0x47 ..\obj\usbd_usr.o
 .comment       0x00000000       0x47 ..\obj\config_usb.o
 .comment       0x00000000       0x47 ..\obj\config_encoder.o
 .comment       0x00000000       0x47 ..\obj\stm32f4xx_usart.o
 .comment       0x00000000       0x47 ..\obj\startup_stm32f4xx.o
 .comment       0x00000000       0x47 ..\obj\usbd_core.o
 .comment       0x00000000       0x47 ..\obj\main.o
 .comment       0x00000000       0x47 ..\obj\stm32f4xx_rcc.o
 .comment       0x00000000       0x47 ..\obj\robo_finction.o
 .comment       0x00000000       0x47 ..\obj\stm32f4xx_adc.o
 .comment       0x00000000       0x47 ..\obj\config_adc.o
 .comment       0x00000000       0x47 ..\obj\motor.o
 .comment       0x00000000       0x47 ..\obj\usbd_desc.o
 .comment       0x00000000       0x47 ..\obj\config_systick.o
 .comment       0x00000000       0x47 ..\obj\stm32f4xx_gpio.o
 .comment       0x00000000       0x47 ..\obj\usbd_cdc_vcp.o
 .comment       0x00000000       0x47 ..\obj\system_stm32f4xx.o
 .comment       0x00000000       0x47 ..\obj\stm32f4xx_dma.o
 .comment       0x00000000       0x47 ..\obj\usb_bsp.o
 .comment       0x00000000       0x47 ..\obj\cam_cal.o
 .comment       0x00000000       0x47 ..\obj\usbd_req.o
 .comment       0x00000000       0x47 ..\obj\usb_dcd_int.o
 .comment       0x00000000       0x47 ..\obj\robo_data.o
 .comment       0x00000000       0x47 ..\obj\usbd_cdc_core.o
 .comment       0x00000000       0x47 ..\obj\receive.o
 .comment       0x00000000       0x47 ..\obj\stm32f4xx_exti.o
 .comment       0x00000000       0x47 ..\obj\name_converter.o
 .comment       0x00000000       0x47 ..\obj\misc.o
 .comment       0x00000000       0x47 ..\obj\usb_dcd.o
 .comment       0x00000000       0x47 ..\obj\usbd_ioreq.o
 .comment       0x00000000       0x47 ..\obj\config_usart.o
 .comment       0x00000000       0x47 ..\obj\stm32f4xx_tim.o

.ARM.attributes
                0x00000000       0x31
 .ARM.attributes
                0x00000000       0x33 ..\obj\config_pwm.o
 .ARM.attributes
                0x00000033       0x33 ..\obj\usb_core.o
 .ARM.attributes
                0x00000066       0x33 ..\obj\chata.o
 .ARM.attributes
                0x00000099       0x33 ..\obj\transmit.o
 .ARM.attributes
                0x000000cc       0x33 ..\obj\config_port.o
 .ARM.attributes
                0x000000ff       0x33 ..\obj\usbd_usr.o
 .ARM.attributes
                0x00000132       0x33 ..\obj\config_usb.o
 .ARM.attributes
                0x00000165       0x33 ..\obj\config_encoder.o
 .ARM.attributes
                0x00000198       0x33 ..\obj\stm32f4xx_usart.o
 .ARM.attributes
                0x000001cb       0x33 ..\obj\startup_stm32f4xx.o
 .ARM.attributes
                0x000001fe       0x33 ..\obj\usbd_core.o
 .ARM.attributes
                0x00000231       0x33 ..\obj\main.o
 .ARM.attributes
                0x00000264       0x33 ..\obj\stm32f4xx_rcc.o
 .ARM.attributes
                0x00000297       0x33 ..\obj\robo_finction.o
 .ARM.attributes
                0x000002ca       0x33 ..\obj\stm32f4xx_adc.o
 .ARM.attributes
                0x000002fd       0x33 ..\obj\config_adc.o
 .ARM.attributes
                0x00000330       0x33 ..\obj\motor.o
 .ARM.attributes
                0x00000363       0x33 ..\obj\usbd_desc.o
 .ARM.attributes
                0x00000396       0x33 ..\obj\config_systick.o
 .ARM.attributes
                0x000003c9       0x33 ..\obj\stm32f4xx_gpio.o
 .ARM.attributes
                0x000003fc       0x33 ..\obj\usbd_cdc_vcp.o
 .ARM.attributes
                0x0000042f       0x33 ..\obj\system_stm32f4xx.o
 .ARM.attributes
                0x00000462       0x33 ..\obj\stm32f4xx_dma.o
 .ARM.attributes
                0x00000495       0x33 ..\obj\usb_bsp.o
 .ARM.attributes
                0x000004c8       0x33 ..\obj\cam_cal.o
 .ARM.attributes
                0x000004fb       0x33 ..\obj\usbd_req.o
 .ARM.attributes
                0x0000052e       0x33 ..\obj\usb_dcd_int.o
 .ARM.attributes
                0x00000561       0x33 ..\obj\robo_data.o
 .ARM.attributes
                0x00000594       0x33 ..\obj\usbd_cdc_core.o
 .ARM.attributes
                0x000005c7       0x33 ..\obj\receive.o
 .ARM.attributes
                0x000005fa       0x33 ..\obj\stm32f4xx_exti.o
 .ARM.attributes
                0x0000062d       0x33 ..\obj\name_converter.o
 .ARM.attributes
                0x00000660       0x33 ..\obj\misc.o
 .ARM.attributes
                0x00000693       0x33 ..\obj\usb_dcd.o
 .ARM.attributes
                0x000006c6       0x33 ..\obj\usbd_ioreq.o
 .ARM.attributes
                0x000006f9       0x33 ..\obj\config_usart.o
 .ARM.attributes
                0x0000072c       0x33 ..\obj\stm32f4xx_tim.o
 .ARM.attributes
                0x0000075f       0x29 c:/users/ózê∂/mentorgraphics/sourcery_codebench_lite_for_arm_eabi/bin/../lib/gcc/arm-none-eabi/4.8.3/../../../../arm-none-eabi/lib/thumb2\libm.a(lib_a-s_cos.o)
 .ARM.attributes
                0x00000788       0x29 c:/users/ózê∂/mentorgraphics/sourcery_codebench_lite_for_arm_eabi/bin/../lib/gcc/arm-none-eabi/4.8.3/../../../../arm-none-eabi/lib/thumb2\libm.a(lib_a-s_sin.o)
 .ARM.attributes
                0x000007b1       0x29 c:/users/ózê∂/mentorgraphics/sourcery_codebench_lite_for_arm_eabi/bin/../lib/gcc/arm-none-eabi/4.8.3/../../../../arm-none-eabi/lib/thumb2\libm.a(lib_a-s_tan.o)
 .ARM.attributes
                0x000007da       0x29 c:/users/ózê∂/mentorgraphics/sourcery_codebench_lite_for_arm_eabi/bin/../lib/gcc/arm-none-eabi/4.8.3/../../../../arm-none-eabi/lib/thumb2\libm.a(lib_a-w_pow.o)
 .ARM.attributes
                0x00000803       0x29 c:/users/ózê∂/mentorgraphics/sourcery_codebench_lite_for_arm_eabi/bin/../lib/gcc/arm-none-eabi/4.8.3/../../../../arm-none-eabi/lib/thumb2\libm.a(lib_a-w_sqrt.o)
 .ARM.attributes
                0x0000082c       0x29 c:/users/ózê∂/mentorgraphics/sourcery_codebench_lite_for_arm_eabi/bin/../lib/gcc/arm-none-eabi/4.8.3/../../../../arm-none-eabi/lib/thumb2\libm.a(lib_a-wf_atan2.o)
 .ARM.attributes
                0x00000855       0x29 c:/users/ózê∂/mentorgraphics/sourcery_codebench_lite_for_arm_eabi/bin/../lib/gcc/arm-none-eabi/4.8.3/../../../../arm-none-eabi/lib/thumb2\libm.a(lib_a-e_pow.o)
 .ARM.attributes
                0x0000087e       0x29 c:/users/ózê∂/mentorgraphics/sourcery_codebench_lite_for_arm_eabi/bin/../lib/gcc/arm-none-eabi/4.8.3/../../../../arm-none-eabi/lib/thumb2\libm.a(lib_a-e_rem_pio2.o)
 .ARM.attributes
                0x000008a7       0x29 c:/users/ózê∂/mentorgraphics/sourcery_codebench_lite_for_arm_eabi/bin/../lib/gcc/arm-none-eabi/4.8.3/../../../../arm-none-eabi/lib/thumb2\libm.a(lib_a-e_sqrt.o)
 .ARM.attributes
                0x000008d0       0x29 c:/users/ózê∂/mentorgraphics/sourcery_codebench_lite_for_arm_eabi/bin/../lib/gcc/arm-none-eabi/4.8.3/../../../../arm-none-eabi/lib/thumb2\libm.a(lib_a-ef_atan2.o)
 .ARM.attributes
                0x000008f9       0x29 c:/users/ózê∂/mentorgraphics/sourcery_codebench_lite_for_arm_eabi/bin/../lib/gcc/arm-none-eabi/4.8.3/../../../../arm-none-eabi/lib/thumb2\libm.a(lib_a-k_cos.o)
 .ARM.attributes
                0x00000922       0x29 c:/users/ózê∂/mentorgraphics/sourcery_codebench_lite_for_arm_eabi/bin/../lib/gcc/arm-none-eabi/4.8.3/../../../../arm-none-eabi/lib/thumb2\libm.a(lib_a-k_rem_pio2.o)
 .ARM.attributes
                0x0000094b       0x29 c:/users/ózê∂/mentorgraphics/sourcery_codebench_lite_for_arm_eabi/bin/../lib/gcc/arm-none-eabi/4.8.3/../../../../arm-none-eabi/lib/thumb2\libm.a(lib_a-k_sin.o)
 .ARM.attributes
                0x00000974       0x29 c:/users/ózê∂/mentorgraphics/sourcery_codebench_lite_for_arm_eabi/bin/../lib/gcc/arm-none-eabi/4.8.3/../../../../arm-none-eabi/lib/thumb2\libm.a(lib_a-k_tan.o)
 .ARM.attributes
                0x0000099d       0x29 c:/users/ózê∂/mentorgraphics/sourcery_codebench_lite_for_arm_eabi/bin/../lib/gcc/arm-none-eabi/4.8.3/../../../../arm-none-eabi/lib/thumb2\libm.a(lib_a-s_fabs.o)
 .ARM.attributes
                0x000009c6       0x29 c:/users/ózê∂/mentorgraphics/sourcery_codebench_lite_for_arm_eabi/bin/../lib/gcc/arm-none-eabi/4.8.3/../../../../arm-none-eabi/lib/thumb2\libm.a(lib_a-s_finite.o)
 .ARM.attributes
                0x000009ef       0x29 c:/users/ózê∂/mentorgraphics/sourcery_codebench_lite_for_arm_eabi/bin/../lib/gcc/arm-none-eabi/4.8.3/../../../../arm-none-eabi/lib/thumb2\libm.a(lib_a-s_floor.o)
 .ARM.attributes
                0x00000a18       0x29 c:/users/ózê∂/mentorgraphics/sourcery_codebench_lite_for_arm_eabi/bin/../lib/gcc/arm-none-eabi/4.8.3/../../../../arm-none-eabi/lib/thumb2\libm.a(lib_a-s_fpclassify.o)
 .ARM.attributes
                0x00000a41       0x29 c:/users/ózê∂/mentorgraphics/sourcery_codebench_lite_for_arm_eabi/bin/../lib/gcc/arm-none-eabi/4.8.3/../../../../arm-none-eabi/lib/thumb2\libm.a(lib_a-s_lib_ver.o)
 .ARM.attributes
                0x00000a6a       0x29 c:/users/ózê∂/mentorgraphics/sourcery_codebench_lite_for_arm_eabi/bin/../lib/gcc/arm-none-eabi/4.8.3/../../../../arm-none-eabi/lib/thumb2\libm.a(lib_a-s_matherr.o)
 .ARM.attributes
                0x00000a93       0x29 c:/users/ózê∂/mentorgraphics/sourcery_codebench_lite_for_arm_eabi/bin/../lib/gcc/arm-none-eabi/4.8.3/../../../../arm-none-eabi/lib/thumb2\libm.a(lib_a-s_nan.o)
 .ARM.attributes
                0x00000abc       0x29 c:/users/ózê∂/mentorgraphics/sourcery_codebench_lite_for_arm_eabi/bin/../lib/gcc/arm-none-eabi/4.8.3/../../../../arm-none-eabi/lib/thumb2\libm.a(lib_a-s_rint.o)
 .ARM.attributes
                0x00000ae5       0x29 c:/users/ózê∂/mentorgraphics/sourcery_codebench_lite_for_arm_eabi/bin/../lib/gcc/arm-none-eabi/4.8.3/../../../../arm-none-eabi/lib/thumb2\libm.a(lib_a-s_scalbn.o)
 .ARM.attributes
                0x00000b0e       0x29 c:/users/ózê∂/mentorgraphics/sourcery_codebench_lite_for_arm_eabi/bin/../lib/gcc/arm-none-eabi/4.8.3/../../../../arm-none-eabi/lib/thumb2\libm.a(lib_a-sf_atan.o)
 .ARM.attributes
                0x00000b37       0x29 c:/users/ózê∂/mentorgraphics/sourcery_codebench_lite_for_arm_eabi/bin/../lib/gcc/arm-none-eabi/4.8.3/../../../../arm-none-eabi/lib/thumb2\libm.a(lib_a-sf_fabs.o)
 .ARM.attributes
                0x00000b60       0x29 c:/users/ózê∂/mentorgraphics/sourcery_codebench_lite_for_arm_eabi/bin/../lib/gcc/arm-none-eabi/4.8.3/../../../../arm-none-eabi/lib/thumb2\libm.a(lib_a-s_copysign.o)
 .ARM.attributes
                0x00000b89       0x19 c:/users/ózê∂/mentorgraphics/sourcery_codebench_lite_for_arm_eabi/bin/../lib/gcc/arm-none-eabi/4.8.3/thumb2\libgcc.a(_arm_addsubdf3.o)
 .ARM.attributes
                0x00000ba2       0x19 c:/users/ózê∂/mentorgraphics/sourcery_codebench_lite_for_arm_eabi/bin/../lib/gcc/arm-none-eabi/4.8.3/thumb2\libgcc.a(_arm_muldivdf3.o)
 .ARM.attributes
                0x00000bbb       0x19 c:/users/ózê∂/mentorgraphics/sourcery_codebench_lite_for_arm_eabi/bin/../lib/gcc/arm-none-eabi/4.8.3/thumb2\libgcc.a(_arm_cmpdf2.o)
 .ARM.attributes
                0x00000bd4       0x19 c:/users/ózê∂/mentorgraphics/sourcery_codebench_lite_for_arm_eabi/bin/../lib/gcc/arm-none-eabi/4.8.3/thumb2\libgcc.a(_arm_fixdfsi.o)
 .ARM.attributes
                0x00000bed       0x19 c:/users/ózê∂/mentorgraphics/sourcery_codebench_lite_for_arm_eabi/bin/../lib/gcc/arm-none-eabi/4.8.3/thumb2\libgcc.a(_arm_fixunsdfsi.o)
 .ARM.attributes
                0x00000c06       0x19 c:/users/ózê∂/mentorgraphics/sourcery_codebench_lite_for_arm_eabi/bin/../lib/gcc/arm-none-eabi/4.8.3/thumb2\libgcc.a(_arm_truncdfsf2.o)
 .ARM.attributes
                0x00000c1f       0x19 c:/users/ózê∂/mentorgraphics/sourcery_codebench_lite_for_arm_eabi/bin/../lib/gcc/arm-none-eabi/4.8.3/thumb2\libgcc.a(_arm_addsubsf3.o)
 .ARM.attributes
                0x00000c38       0x19 c:/users/ózê∂/mentorgraphics/sourcery_codebench_lite_for_arm_eabi/bin/../lib/gcc/arm-none-eabi/4.8.3/thumb2\libgcc.a(_arm_muldivsf3.o)
 .ARM.attributes
                0x00000c51       0x19 c:/users/ózê∂/mentorgraphics/sourcery_codebench_lite_for_arm_eabi/bin/../lib/gcc/arm-none-eabi/4.8.3/thumb2\libgcc.a(_arm_cmpsf2.o)
 .ARM.attributes
                0x00000c6a       0x19 c:/users/ózê∂/mentorgraphics/sourcery_codebench_lite_for_arm_eabi/bin/../lib/gcc/arm-none-eabi/4.8.3/thumb2\libgcc.a(_arm_fixunssfsi.o)
 .ARM.attributes
                0x00000c83       0x29 c:/users/ózê∂/mentorgraphics/sourcery_codebench_lite_for_arm_eabi/bin/../lib/gcc/arm-none-eabi/4.8.3/../../../../arm-none-eabi/lib/thumb2\libc.a(lib_a-errno.o)
 .ARM.attributes
                0x00000cac       0x29 c:/users/ózê∂/mentorgraphics/sourcery_codebench_lite_for_arm_eabi/bin/../lib/gcc/arm-none-eabi/4.8.3/../../../../arm-none-eabi/lib/thumb2\libc.a(lib_a-impure.o)

.debug_frame    0x00000000     0x4024
 .debug_frame   0x00000000       0x54 ..\obj\config_pwm.o
 .debug_frame   0x00000054      0x434 ..\obj\usb_core.o
 .debug_frame   0x00000488       0x48 ..\obj\chata.o
 .debug_frame   0x000004d0       0x90 ..\obj\transmit.o
 .debug_frame   0x00000560       0x30 ..\obj\config_port.o
 .debug_frame   0x00000590       0xbc ..\obj\usbd_usr.o
 .debug_frame   0x0000064c      0x1b4 ..\obj\config_usb.o
 .debug_frame   0x00000800      0x168 ..\obj\config_encoder.o
 .debug_frame   0x00000968      0x344 ..\obj\stm32f4xx_usart.o
 .debug_frame   0x00000cac       0x48 ..\obj\startup_stm32f4xx.o
 .debug_frame   0x00000cf4      0x1ac ..\obj\usbd_core.o
 .debug_frame   0x00000ea0       0x74 ..\obj\main.o
 .debug_frame   0x00000f14      0x4d8 ..\obj\stm32f4xx_rcc.o
 .debug_frame   0x000013ec       0xcc ..\obj\robo_finction.o
 .debug_frame   0x000014b8      0x434 ..\obj\stm32f4xx_adc.o
 .debug_frame   0x000018ec       0x6c ..\obj\config_adc.o
 .debug_frame   0x00001958       0xcc ..\obj\motor.o
 .debug_frame   0x00001a24       0xe8 ..\obj\usbd_desc.o
 .debug_frame   0x00001b0c       0xf8 ..\obj\config_systick.o
 .debug_frame   0x00001c04      0x19c ..\obj\stm32f4xx_gpio.o
 .debug_frame   0x00001da0      0x144 ..\obj\usbd_cdc_vcp.o
 .debug_frame   0x00001ee4       0x64 ..\obj\system_stm32f4xx.o
 .debug_frame   0x00001f48      0x224 ..\obj\stm32f4xx_dma.o
 .debug_frame   0x0000216c       0xc4 ..\obj\usb_bsp.o
 .debug_frame   0x00002230       0x34 ..\obj\cam_cal.o
 .debug_frame   0x00002264      0x1c8 ..\obj\usbd_req.o
 .debug_frame   0x0000242c      0x1ac ..\obj\usb_dcd_int.o
 .debug_frame   0x000025d8      0x334 ..\obj\robo_data.o
 .debug_frame   0x0000290c      0x12c ..\obj\usbd_cdc_core.o
 .debug_frame   0x00002a38      0x12c ..\obj\receive.o
 .debug_frame   0x00002b64       0xec ..\obj\stm32f4xx_exti.o
 .debug_frame   0x00002c50      0x13c ..\obj\name_converter.o
 .debug_frame   0x00002d8c       0x9c ..\obj\misc.o
 .debug_frame   0x00002e28      0x1ac ..\obj\usb_dcd.o
 .debug_frame   0x00002fd4       0xec ..\obj\usbd_ioreq.o
 .debug_frame   0x000030c0       0x7c ..\obj\config_usart.o
 .debug_frame   0x0000313c      0xa3c ..\obj\stm32f4xx_tim.o
 .debug_frame   0x00003b78       0x30 c:/users/ózê∂/mentorgraphics/sourcery_codebench_lite_for_arm_eabi/bin/../lib/gcc/arm-none-eabi/4.8.3/../../../../arm-none-eabi/lib/thumb2\libm.a(lib_a-s_cos.o)
 .debug_frame   0x00003ba8       0x30 c:/users/ózê∂/mentorgraphics/sourcery_codebench_lite_for_arm_eabi/bin/../lib/gcc/arm-none-eabi/4.8.3/../../../../arm-none-eabi/lib/thumb2\libm.a(lib_a-s_sin.o)
 .debug_frame   0x00003bd8       0x30 c:/users/ózê∂/mentorgraphics/sourcery_codebench_lite_for_arm_eabi/bin/../lib/gcc/arm-none-eabi/4.8.3/../../../../arm-none-eabi/lib/thumb2\libm.a(lib_a-s_tan.o)
 .debug_frame   0x00003c08       0x38 c:/users/ózê∂/mentorgraphics/sourcery_codebench_lite_for_arm_eabi/bin/../lib/gcc/arm-none-eabi/4.8.3/../../../../arm-none-eabi/lib/thumb2\libm.a(lib_a-w_pow.o)
 .debug_frame   0x00003c40       0x38 c:/users/ózê∂/mentorgraphics/sourcery_codebench_lite_for_arm_eabi/bin/../lib/gcc/arm-none-eabi/4.8.3/../../../../arm-none-eabi/lib/thumb2\libm.a(lib_a-w_sqrt.o)
 .debug_frame   0x00003c78       0x20 c:/users/ózê∂/mentorgraphics/sourcery_codebench_lite_for_arm_eabi/bin/../lib/gcc/arm-none-eabi/4.8.3/../../../../arm-none-eabi/lib/thumb2\libm.a(lib_a-wf_atan2.o)