Archive member included to satisfy reference by file (symbol)

c:/users/ózê∂/mentorgraphics/sourcery_codebench_lite_for_arm_eabi/bin/../lib/gcc/arm-none-eabi/4.8.3/../../../../arm-none-eabi/lib/thumb2\libm.a(lib_a-s_cos.o)
                              ..\obj\calculate.o (cos)
c:/users/ózê∂/mentorgraphics/sourcery_codebench_lite_for_arm_eabi/bin/../lib/gcc/arm-none-eabi/4.8.3/../../../../arm-none-eabi/lib/thumb2\libm.a(lib_a-s_sin.o)
                              ..\obj\calculate.o (sin)
c:/users/ózê∂/mentorgraphics/sourcery_codebench_lite_for_arm_eabi/bin/../lib/gcc/arm-none-eabi/4.8.3/../../../../arm-none-eabi/lib/thumb2\libm.a(lib_a-sf_modf.o)
                              ..\obj\my_standard_io.o (modff)
c:/users/ózê∂/mentorgraphics/sourcery_codebench_lite_for_arm_eabi/bin/../lib/gcc/arm-none-eabi/4.8.3/../../../../arm-none-eabi/lib/thumb2\libm.a(lib_a-sf_round.o)
                              ..\obj\my_standard_io.o (roundf)
c:/users/ózê∂/mentorgraphics/sourcery_codebench_lite_for_arm_eabi/bin/../lib/gcc/arm-none-eabi/4.8.3/../../../../arm-none-eabi/lib/thumb2\libm.a(lib_a-w_atan2.o)
                              ..\obj\calculate.o (atan2)
c:/users/ózê∂/mentorgraphics/sourcery_codebench_lite_for_arm_eabi/bin/../lib/gcc/arm-none-eabi/4.8.3/../../../../arm-none-eabi/lib/thumb2\libm.a(lib_a-w_pow.o)
                              ..\obj\my_standard_io.o (pow)
c:/users/ózê∂/mentorgraphics/sourcery_codebench_lite_for_arm_eabi/bin/../lib/gcc/arm-none-eabi/4.8.3/../../../../arm-none-eabi/lib/thumb2\libm.a(lib_a-wf_pow.o)
                              ..\obj\calculate.o (powf)
c:/users/ózê∂/mentorgraphics/sourcery_codebench_lite_for_arm_eabi/bin/../lib/gcc/arm-none-eabi/4.8.3/../../../../arm-none-eabi/lib/thumb2\libm.a(lib_a-wf_sqrt.o)
                              ..\obj\calculate.o (sqrtf)
c:/users/ózê∂/mentorgraphics/sourcery_codebench_lite_for_arm_eabi/bin/../lib/gcc/arm-none-eabi/4.8.3/../../../../arm-none-eabi/lib/thumb2\libm.a(lib_a-e_atan2.o)
                              c:/users/ózê∂/mentorgraphics/sourcery_codebench_lite_for_arm_eabi/bin/../lib/gcc/arm-none-eabi/4.8.3/../../../../arm-none-eabi/lib/thumb2\libm.a(lib_a-w_atan2.o) (__ieee754_atan2)
c:/users/ózê∂/mentorgraphics/sourcery_codebench_lite_for_arm_eabi/bin/../lib/gcc/arm-none-eabi/4.8.3/../../../../arm-none-eabi/lib/thumb2\libm.a(lib_a-e_pow.o)
                              c:/users/ózê∂/mentorgraphics/sourcery_codebench_lite_for_arm_eabi/bin/../lib/gcc/arm-none-eabi/4.8.3/../../../../arm-none-eabi/lib/thumb2\libm.a(lib_a-w_pow.o) (__ieee754_pow)
c:/users/ózê∂/mentorgraphics/sourcery_codebench_lite_for_arm_eabi/bin/../lib/gcc/arm-none-eabi/4.8.3/../../../../arm-none-eabi/lib/thumb2\libm.a(lib_a-e_rem_pio2.o)
                              c:/users/ózê∂/mentorgraphics/sourcery_codebench_lite_for_arm_eabi/bin/../lib/gcc/arm-none-eabi/4.8.3/../../../../arm-none-eabi/lib/thumb2\libm.a(lib_a-s_cos.o) (__ieee754_rem_pio2)
c:/users/ózê∂/mentorgraphics/sourcery_codebench_lite_for_arm_eabi/bin/../lib/gcc/arm-none-eabi/4.8.3/../../../../arm-none-eabi/lib/thumb2\libm.a(lib_a-e_sqrt.o)
                              c:/users/ózê∂/mentorgraphics/sourcery_codebench_lite_for_arm_eabi/bin/../lib/gcc/arm-none-eabi/4.8.3/../../../../arm-none-eabi/lib/thumb2\libm.a(lib_a-e_pow.o) (__ieee754_sqrt)
c:/users/ózê∂/mentorgraphics/sourcery_codebench_lite_for_arm_eabi/bin/../lib/gcc/arm-none-eabi/4.8.3/../../../../arm-none-eabi/lib/thumb2\libm.a(lib_a-ef_pow.o)
                              c:/users/ózê∂/mentorgraphics/sourcery_codebench_lite_for_arm_eabi/bin/../lib/gcc/arm-none-eabi/4.8.3/../../../../arm-none-eabi/lib/thumb2\libm.a(lib_a-wf_pow.o) (__ieee754_powf)
c:/users/ózê∂/mentorgraphics/sourcery_codebench_lite_for_arm_eabi/bin/../lib/gcc/arm-none-eabi/4.8.3/../../../../arm-none-eabi/lib/thumb2\libm.a(lib_a-ef_sqrt.o)
                              c:/users/ózê∂/mentorgraphics/sourcery_codebench_lite_for_arm_eabi/bin/../lib/gcc/arm-none-eabi/4.8.3/../../../../arm-none-eabi/lib/thumb2\libm.a(lib_a-wf_sqrt.o) (__ieee754_sqrtf)
c:/users/ózê∂/mentorgraphics/sourcery_codebench_lite_for_arm_eabi/bin/../lib/gcc/arm-none-eabi/4.8.3/../../../../arm-none-eabi/lib/thumb2\libm.a(lib_a-k_cos.o)
                              c:/users/ózê∂/mentorgraphics/sourcery_codebench_lite_for_arm_eabi/bin/../lib/gcc/arm-none-eabi/4.8.3/../../../../arm-none-eabi/lib/thumb2\libm.a(lib_a-s_cos.o) (__kernel_cos)
c:/users/ózê∂/mentorgraphics/sourcery_codebench_lite_for_arm_eabi/bin/../lib/gcc/arm-none-eabi/4.8.3/../../../../arm-none-eabi/lib/thumb2\libm.a(lib_a-k_rem_pio2.o)
                              c:/users/ózê∂/mentorgraphics/sourcery_codebench_lite_for_arm_eabi/bin/../lib/gcc/arm-none-eabi/4.8.3/../../../../arm-none-eabi/lib/thumb2\libm.a(lib_a-e_rem_pio2.o) (__kernel_rem_pio2)
c:/users/ózê∂/mentorgraphics/sourcery_codebench_lite_for_arm_eabi/bin/../lib/gcc/arm-none-eabi/4.8.3/../../../../arm-none-eabi/lib/thumb2\libm.a(lib_a-k_sin.o)
[...]
Memory Configuration

Name             Origin             Length             Attributes
rom              0x08000000         0x00080000         xr
ram              0x20000000         0x00020000         xrw
ram1             0x10000000         0x00010000         xrw
*default*        0x00000000         0xffffffff

Linker script and memory map

                0x20020000                _eram = 0x20020000

.text           0x08000000     0x8b64
 *(.isr_vector)
 .isr_vector    0x08000000      0x188 ..\obj\startup_stm32f4xx.o
                0x08000000                g_pfnVectors
 *(.text*)
 .text.Set_duty
                0x08000188       0xc4 ..\obj\config_pwm.o
                0x08000188                Set_duty
 .text.Init_PWM
                0x0800024c      0x2c8 ..\obj\config_pwm.o
                0x0800024c                Init_PWM
 .text.USB_OTG_WritePacket
                0x08000514       0x70 ..\obj\usb_core.o
                0x08000514                USB_OTG_WritePacket
 .text.USB_OTG_ReadPacket
                0x08000584       0x5c ..\obj\usb_core.o
                0x08000584                USB_OTG_ReadPacket
 .text.USB_OTG_FlushTxFifo
                0x080005e0       0x74 ..\obj\usb_core.o
                0x080005e0                USB_OTG_FlushTxFifo
 .text.USB_OTG_GetMode
                0x08000654       0x20 ..\obj\usb_core.o
                0x08000654                USB_OTG_GetMode
 .text.USB_OTG_IsDeviceMode
                0x08000674       0x24 ..\obj\usb_core.o
                0x08000674                USB_OTG_IsDeviceMode
 .text.USB_OTG_ReadCoreItr
                0x08000698       0x30 ..\obj\usb_core.o
                0x08000698                USB_OTG_ReadCoreItr
 .text.USB_OTG_GetDeviceSpeed
                0x080006c8       0x48 ..\obj\usb_core.o
                0x080006c8                USB_OTG_GetDeviceSpeed
 .text.USB_OTG_EP0Activate
                0x08000710       0x78 ..\obj\usb_core.o
                0x08000710                USB_OTG_EP0Activate
 .text.USB_OTG_EPActivate
                0x08000788       0xdc ..\obj\usb_core.o
                0x08000788                USB_OTG_EPActivate
 .text.USB_OTG_EPStartXfer
                0x08000864      0x280 ..\obj\usb_core.o
                0x08000864                USB_OTG_EPStartXfer
 .text.USB_OTG_EP0StartXfer
                0x08000ae4      0x1d4 ..\obj\usb_core.o
                0x08000ae4                USB_OTG_EP0StartXfer
 .text.USB_OTG_EPSetStall
                0x08000cb8       0x88 ..\obj\usb_core.o
                0x08000cb8                USB_OTG_EPSetStall
 .text.USB_OTG_EPClearStall
                0x08000d40       0x78 ..\obj\usb_core.o
                0x08000d40                USB_OTG_EPClearStall
 .text.USB_OTG_ReadDevAllOutEp_itr
                0x08000db8       0x2c ..\obj\usb_core.o
                0x08000db8                USB_OTG_ReadDevAllOutEp_itr
 .text.USB_OTG_ReadDevOutEP_itr
                0x08000de4       0x38 ..\obj\usb_core.o
                0x08000de4                USB_OTG_ReadDevOutEP_itr
 .text.USB_OTG_ReadDevAllInEPItr
                0x08000e1c       0x2c ..\obj\usb_core.o
                0x08000e1c                USB_OTG_ReadDevAllInEPItr
 .text.USB_OTG_EP0_OutStart
                0x08000e48       0x70 ..\obj\usb_core.o
                0x08000e48                USB_OTG_EP0_OutStart
 .text.USB_OTG_UngateClock
                0x08000eb8       0x54 ..\obj\usb_core.o
                0x08000eb8                USB_OTG_UngateClock
 .text.transmit_usart2_c
                0x08000f0c       0x38 ..\obj\transmit.o
                0x08000f0c                transmit_usart2_c
 .text.Init_port
                0x08000f44       0xc4 ..\obj\config_port.o
                0x08000f44                Init_port
 .text.Set_GPIO_output
                0x08001008       0x38 ..\obj\config_port.o
                0x08001008                Set_GPIO_output
 .text.TIM1_UP_TIM10_IRQHandler
                0x08001040       0x64 ..\obj\config_encoder.o
                0x08001040                TIM1_UP_TIM10_IRQHandler
 .text.TIM3_IRQHandler
                0x080010a4       0x6c ..\obj\config_encoder.o
                0x080010a4                TIM3_IRQHandler
 .text.TIM4_IRQHandler
                0x08001110       0x6c ..\obj\config_encoder.o
                0x08001110                TIM4_IRQHandler
 .text.TIM5_IRQHandler
                0x0800117c       0x6c ..\obj\config_encoder.o
                0x0800117c                TIM5_IRQHandler
 .text.TIM8_UP_TIM13_IRQHandler
                0x080011e8       0x6c ..\obj\config_encoder.o
                0x080011e8                TIM8_UP_TIM13_IRQHandler
 .text.ColorfulRingOfDeath
                0x08001254       0x54 ..\obj\config_usb.o
                0x08001254                ColorfulRingOfDeath
 .text.NMI_Handler
                0x080012a8        0xc ..\obj\config_usb.o
                0x080012a8                NMI_Handler
 .text.HardFault_Handler
                0x080012b4        0xc ..\obj\config_usb.o
                0x080012b4                HardFault_Handler
 .text.MemManage_Handler
                0x080012c0        0xc ..\obj\config_usb.o
                0x080012c0                MemManage_Handler
 .text.BusFault_Handler
                0x080012cc        0xc ..\obj\config_usb.o
                0x080012cc                BusFault_Handler
 .text.UsageFault_Handler
                0x080012d8        0xc ..\obj\config_usb.o
                0x080012d8                UsageFault_Handler
 .text.SVC_Handler
                0x080012e4        0xc ..\obj\config_usb.o
                0x080012e4                SVC_Handler
 .text.DebugMon_Handler
                0x080012f0        0xc ..\obj\config_usb.o
                0x080012f0                DebugMon_Handler
 .text.PendSV_Handler
                0x080012fc        0xc ..\obj\config_usb.o
                0x080012fc                PendSV_Handler
 .text.OTG_FS_IRQHandler
                0x08001308       0x14 ..\obj\config_usb.o
                0x08001308                OTG_FS_IRQHandler
 .text.OTG_FS_WKUP_IRQHandler
                0x0800131c       0x44 ..\obj\config_usb.o
                0x0800131c                OTG_FS_WKUP_IRQHandler
 .text.USART_Init
                0x08001360      0x188 ..\obj\stm32f4xx_usart.o
                0x08001360                USART_Init
 .text.USART_Cmd
                0x080014e8       0x40 ..\obj\stm32f4xx_usart.o
                0x080014e8                USART_Cmd
 .text.USART_SendData
                0x08001528       0x24 ..\obj\stm32f4xx_usart.o
                0x08001528                USART_SendData
 .text.USART_ReceiveData
                0x0800154c       0x20 ..\obj\stm32f4xx_usart.o
                0x0800154c                USART_ReceiveData
 .text.USART_ITConfig
                0x0800156c       0x90 ..\obj\stm32f4xx_usart.o
                0x0800156c                USART_ITConfig
 .text.USART_GetFlagStatus
                0x080015fc       0x38 ..\obj\stm32f4xx_usart.o
                0x080015fc                USART_GetFlagStatus
 .text.USART_GetITStatus
                0x08001634       0xb0 ..\obj\stm32f4xx_usart.o
                0x08001634                USART_GetITStatus
 .text.CAN_Receive
                0x080016e4      0x170 ..\obj\stm32f4xx_can.o
                0x080016e4                CAN_Receive
 .text.CAN_GetITStatus
                0x08001854      0x194 ..\obj\stm32f4xx_can.o
                0x08001854                CAN_GetITStatus
 .text.CheckITStatus
                0x080019e8       0x30 ..\obj\stm32f4xx_can.o
 .text.put_i    0x08001a18       0xf0 ..\obj\my_standard_io.o
                0x08001a18                put_i
 .text.put_si   0x08001b08       0x34 ..\obj\my_standard_io.o
                0x08001b08                put_si
 .text.put_f    0x08001b3c       0xe8 ..\obj\my_standard_io.o
                0x08001b3c                put_f
 .text.put_st   0x08001c24       0x40 ..\obj\my_standard_io.o
                0x08001c24                put_st
 .text.put_enter
                0x08001c64       0x1c ..\obj\my_standard_io.o
                0x08001c64                put_enter
 .text.f_print  0x08001c80       0x30 ..\obj\my_standard_io.o
                0x08001c80                f_print
 .text.Default_Reset_Handler
                0x08001cb0       0x60 ..\obj\startup_stm32f4xx.o
                0x08001cb0                Default_Reset_Handler
                0x08001cb0                Reset_Handler
 .text.Default_Handler
                0x08001d10        0x8 ..\obj\startup_stm32f4xx.o
                0x08001d10                RTC_Alarm_IRQHandler
                0x08001d10                HASH_RNG_IRQHandler
                0x08001d10                EXTI2_IRQHandler
                0x08001d10                TIM8_CC_IRQHandler
                0x08001d10                TIM1_CC_IRQHandler
                0x08001d10                DMA2_Stream5_IRQHandler
                0x08001d10                DMA1_Stream5_IRQHandler
                0x08001d10                PVD_IRQHandler
                0x08001d10                SDIO_IRQHandler
                0x08001d10                TAMP_STAMP_IRQHandler
                0x08001d10                CAN2_RX1_IRQHandler
                0x08001d10                EXTI3_IRQHandler
                0x08001d10                TIM8_TRG_COM_TIM14_IRQHandler
                0x08001d10                I2C3_ER_IRQHandler
                0x08001d10                EXTI0_IRQHandler
                0x08001d10                I2C2_EV_IRQHandler
                0x08001d10                DMA1_Stream2_IRQHandler
                0x08001d10                FPU_IRQHandler
                0x08001d10                OTG_HS_WKUP_IRQHandler
                0x08001d10                CAN2_SCE_IRQHandler
                0x08001d10                DMA2_Stream2_IRQHandler
                0x08001d10                SPI1_IRQHandler
                0x08001d10                TIM6_DAC_IRQHandler
                0x08001d10                TIM1_BRK_TIM9_IRQHandler
                0x08001d10                DCMI_IRQHandler
                0x08001d10                CAN2_RX0_IRQHandler
                0x08001d10                DMA2_Stream3_IRQHandler
                0x08001d10                USART6_IRQHandler
                0x08001d10                CRYP_IRQHandler
                0x08001d10                CAN1_RX1_IRQHandler
                0x08001d10                UART5_IRQHandler
                0x08001d10                DMA2_Stream0_IRQHandler
                0x08001d10                I2C1_EV_IRQHandler
                0x08001d10                DMA1_Stream6_IRQHandler
                0x08001d10                DMA1_Stream1_IRQHandler
                0x08001d10                UART4_IRQHandler
                0x08001d10                RCC_IRQHandler
                0x08001d10                TIM8_BRK_TIM12_IRQHandler
                0x08001d10                EXTI15_10_IRQHandler
                0x08001d10                ADC_IRQHandler
                0x08001d10                DMA1_Stream7_IRQHandler
                0x08001d10                TIM7_IRQHandler
                0x08001d10                CAN2_TX_IRQHandler
                0x08001d10                DMA2_Stream7_IRQHandler
                0x08001d10                I2C3_EV_IRQHandler
                0x08001d10                EXTI9_5_IRQHandler
                0x08001d10                RTC_WKUP_IRQHandler
                0x08001d10                ETH_WKUP_IRQHandler
                0x08001d10                SPI2_IRQHandler
                0x08001d10                OTG_HS_EP1_IN_IRQHandler
                0x08001d10                DMA1_Stream0_IRQHandler
                0x08001d10                CAN1_TX_IRQHandler
                0x08001d10                EXTI4_IRQHandler
                0x08001d10                FSMC_IRQHandler
                0x08001d10                ETH_IRQHandler
                0x08001d10                OTG_HS_EP1_OUT_IRQHandler
                0x08001d10                WWDG_IRQHandler
                0x08001d10                TIM1_TRG_COM_TIM11_IRQHandler
                0x08001d10                OTG_HS_IRQHandler
                0x08001d10                EXTI1_IRQHandler
                0x08001d10                I2C2_ER_IRQHandler
                0x08001d10                DMA2_Stream1_IRQHandler
                0x08001d10                CAN1_SCE_IRQHandler
                0x08001d10                FLASH_IRQHandler
                0x08001d10                DMA2_Stream4_IRQHandler
                0x08001d10                SPI3_IRQHandler
                0x08001d10                DMA1_Stream4_IRQHandler
                0x08001d10                I2C1_ER_IRQHandler
                0x08001d10                DMA2_Stream6_IRQHandler
                0x08001d10                DMA1_Stream3_IRQHandler
 .text.USBD_SetupStage
                0x08001d18       0x6c ..\obj\usbd_core.o
 .text.USBD_DataOutStage
                0x08001d84       0xd0 ..\obj\usbd_core.o
 .text.USBD_DataInStage
                0x08001e54      0x104 ..\obj\usbd_core.o
 .text.USBD_Reset
                0x08001f58       0x44 ..\obj\usbd_core.o
 .text.USBD_Resume
                0x08001f9c       0x24 ..\obj\usbd_core.o
 .text.USBD_Suspend
                0x08001fc0       0x24 ..\obj\usbd_core.o
 .text.USBD_SOF
                0x08001fe4       0x2c ..\obj\usbd_core.o
 .text.USBD_SetCfg
                0x08002010       0x30 ..\obj\usbd_core.o
                0x08002010                USBD_SetCfg
 .text.USBD_ClrCfg
                0x08002040       0x28 ..\obj\usbd_core.o
                0x08002040                USBD_ClrCfg
 .text.USBD_IsoINIncomplete
                0x08002068       0x20 ..\obj\usbd_core.o
 .text.USBD_IsoOUTIncomplete
                0x08002088       0x20 ..\obj\usbd_core.o
 .text.CAN1_RX0_IRQHandler
                0x080020a8       0x54 ..\obj\main.o
                0x080020a8                CAN1_RX0_IRQHandler
 *fill*         0x080020fc        0x4 
 .text.servo_move
                0x08002100       0xb0 ..\obj\main.o
                0x08002100                servo_move
 .text.all_setup
                0x080021b0       0xf0 ..\obj\main.o
                0x080021b0                all_setup
 .text.main     0x080022a0       0xd4 ..\obj\main.o
                0x080022a0                main
 .text.RCC_GetClocksFreq
                0x08002374      0x1a8 ..\obj\stm32f4xx_rcc.o
                0x08002374                RCC_GetClocksFreq
 .text.RCC_AHB1PeriphClockCmd
                0x0800251c       0x50 ..\obj\stm32f4xx_rcc.o
                0x0800251c                RCC_AHB1PeriphClockCmd
 .text.RCC_APB1PeriphClockCmd
                0x0800256c       0x50 ..\obj\stm32f4xx_rcc.o
                0x0800256c                RCC_APB1PeriphClockCmd
 .text.RCC_APB2PeriphClockCmd
                0x080025bc       0x50 ..\obj\stm32f4xx_rcc.o
                0x080025bc                RCC_APB2PeriphClockCmd
 .text.NVIC_SetPriority
                0x0800260c       0x58 ..\obj\config_systick.o
 .text.SysTick_Config
                0x08002664       0x54 ..\obj\config_systick.o
 .text.SysTick_Handler
                0x080026b8       0x64 ..\obj\config_systick.o
                0x080026b8                SysTick_Handler
 .text.Init_SysTick
                0x0800271c       0x48 ..\obj\config_systick.o
                0x0800271c                Init_SysTick
 .text.TIM2_IRQHandler
                0x08002764       0x28 ..\obj\config_systick.o
                0x08002764                TIM2_IRQHandler
 .text.count_time
                0x0800278c       0x70 ..\obj\config_systick.o
                0x0800278c                count_time
 .text.reset_count_time
                0x080027fc       0x74 ..\obj\config_systick.o
                0x080027fc                reset_count_time
 .text.GPIO_Init
                0x08002870      0x11c ..\obj\stm32f4xx_gpio.o
                0x08002870                GPIO_Init
 .text.GPIO_StructInit
                0x0800298c       0x34 ..\obj\stm32f4xx_gpio.o
                0x0800298c                GPIO_StructInit
 .text.GPIO_SetBits
                0x080029c0       0x1c ..\obj\stm32f4xx_gpio.o
                0x080029c0                GPIO_SetBits
 .text.GPIO_ResetBits
                0x080029dc       0x1c ..\obj\stm32f4xx_gpio.o
                0x080029dc                GPIO_ResetBits
 .text.GPIO_PinAFConfig
                0x080029f8       0x8c ..\obj\stm32f4xx_gpio.o
                0x080029f8                GPIO_PinAFConfig
 .text.SystemInit
                0x08002a84       0x90 ..\obj\system_stm32f4xx.o
                0x08002a84                SystemInit
 .text.SystemCoreClockUpdate
                0x08002b14      0x154 ..\obj\system_stm32f4xx.o
                0x08002b14                SystemCoreClockUpdate
 .text.SetSysClock
                0x08002c68      0x17c ..\obj\system_stm32f4xx.o
 .text.USB_OTG_BSP_uDelay
                0x08002de4       0x4c ..\obj\usb_bsp.o
                0x08002de4                USB_OTG_BSP_uDelay
 .text.USBD_StdDevReq
                0x08002e30       0xa0 ..\obj\usbd_req.o
                0x08002e30                USBD_StdDevReq
 .text.USBD_StdItfReq
                0x08002ed0       0x68 ..\obj\usbd_req.o
                0x08002ed0                USBD_StdItfReq
 .text.USBD_StdEPReq
                0x08002f38      0x1c8 ..\obj\usbd_req.o
                0x08002f38                USBD_StdEPReq
 .text.USBD_GetDescriptor
                0x08003100      0x1b8 ..\obj\usbd_req.o
 .text.USBD_SetAddress
                0x080032b8       0x7c ..\obj\usbd_req.o
 .text.USBD_SetConfig
                0x08003334      0x130 ..\obj\usbd_req.o
 .text.USBD_GetConfig
                0x08003464       0x60 ..\obj\usbd_req.o
 .text.USBD_GetStatus
                0x080034c4       0x5c ..\obj\usbd_req.o
 .text.USBD_SetFeature
                0x08003520       0xcc ..\obj\usbd_req.o
 .text.USBD_ClrFeature
                0x080035ec       0x50 ..\obj\usbd_req.o
 .text.USBD_ParseSetupRequest
                0x0800363c       0x8c ..\obj\usbd_req.o
                0x0800363c                USBD_ParseSetupRequest
 .text.USBD_CtlError
                0x080036c8       0x48 ..\obj\usbd_req.o
                0x080036c8                USBD_CtlError
 .text.USBD_OTG_ISR_Handler
                0x08003710      0x15c ..\obj\usb_dcd_int.o
                0x08003710                USBD_OTG_ISR_Handler
 .text.DCD_HandleResume_ISR
                0x0800386c       0x80 ..\obj\usb_dcd_int.o
 .text.DCD_HandleUSBSuspend_ISR
                0x080038ec       0xa8 ..\obj\usb_dcd_int.o
 .text.DCD_HandleInEP_ISR
                0x08003994      0x1ec ..\obj\usb_dcd_int.o
 .text.DCD_HandleOutEP_ISR
                0x08003b80      0x180 ..\obj\usb_dcd_int.o
 .text.DCD_HandleSof_ISR
                0x08003d00       0x38 ..\obj\usb_dcd_int.o
 .text.DCD_HandleRxStatusQueueLevel_ISR
                0x08003d38      0x104 ..\obj\usb_dcd_int.o
 .text.DCD_WriteEmptyTxFifo
                0x08003e3c       0xe4 ..\obj\usb_dcd_int.o
 .text.DCD_HandleUsbReset_ISR
                0x08003f20      0x144 ..\obj\usb_dcd_int.o
 .text.DCD_HandleEnumDone_ISR
                0x08004064       0x78 ..\obj\usb_dcd_int.o
 .text.DCD_IsoINIncomplete_ISR
                0x080040dc       0x38 ..\obj\usb_dcd_int.o
 .text.DCD_IsoOUTIncomplete_ISR
                0x08004114       0x38 ..\obj\usb_dcd_int.o
 .text.DCD_ReadDevInEP
                0x0800414c       0x50 ..\obj\usb_dcd_int.o
 .text.receive_att
                0x0800419c       0x20 ..\obj\receive.o
                0x0800419c                receive_att
 *fill*         0x080041bc        0x4 
 .text.receive_order_depot
                0x080041c0       0xa8 ..\obj\receive.o
                0x080041c0                receive_order_depot
 .text.receive_order_c
                0x08004268      0x1b4 ..\obj\receive.o
                0x08004268                receive_order_c
 .text.change_float
                0x0800441c       0x88 ..\obj\receive.o
                0x0800441c                change_float
 .text.receive_usart3_c
                0x080044a4       0x3c ..\obj\receive.o
                0x080044a4                receive_usart3_c
 .text.receive_data
                0x080044e0      0x158 ..\obj\receive.o
                0x080044e0                receive_data
 .text.EXTI_ClearITPendingBit
                0x08004638       0x20 ..\obj\stm32f4xx_exti.o
                0x08004638                EXTI_ClearITPendingBit
 .text.Analysis_GPIO_Pin
                0x08004658      0x168 ..\obj\name_converter.o
                0x08004658                Analysis_GPIO_Pin
 .text.GPIO_af_USART_select
                0x080047c0       0x90 ..\obj\name_converter.o
                0x080047c0                GPIO_af_USART_select
 .text.USART_irqn_select
                0x08004850       0x90 ..\obj\name_converter.o
                0x08004850                USART_irqn_select
 .text.RCC_PeriphClock_TIM
                0x080048e0      0x25c ..\obj\name_converter.o
                0x080048e0                RCC_PeriphClock_TIM
 .text.RCC_PeriphClock_USART
                0x08004b3c      0x1a0 ..\obj\name_converter.o
                0x08004b3c                RCC_PeriphClock_USART
 .text.Pin_select_source
                0x08004cdc       0xec ..\obj\name_converter.o
                0x08004cdc                Pin_select_source
 .text.Tim_select_af
                0x08004dc8       0xc4 ..\obj\name_converter.o
                0x08004dc8                Tim_select_af
 .text.NVIC_PriorityGroupConfig
                0x08004e8c       0x28 ..\obj\misc.o
                0x08004e8c                NVIC_PriorityGroupConfig
 .text.NVIC_Init
                0x08004eb4       0xcc ..\obj\misc.o
                0x08004eb4                NVIC_Init
 .text.DCD_EP_Open
                0x08004f80       0x9c ..\obj\usb_dcd.o
                0x08004f80                DCD_EP_Open
 .text.DCD_EP_PrepareRx
                0x0800501c       0x80 ..\obj\usb_dcd.o
                0x0800501c                DCD_EP_PrepareRx
 .text.DCD_EP_Tx
                0x0800509c       0x78 ..\obj\usb_dcd.o
                0x0800509c                DCD_EP_Tx
 .text.DCD_EP_Stall
                0x08005114       0x74 ..\obj\usb_dcd.o
                0x08005114                DCD_EP_Stall
 .text.DCD_EP_ClrStall
                0x08005188       0x74 ..\obj\usb_dcd.o
                0x08005188                DCD_EP_ClrStall
 .text.DCD_EP_SetAddress
                0x080051fc       0x3c ..\obj\usb_dcd.o
                0x080051fc                DCD_EP_SetAddress
 .text.USBD_CtlSendData
                0x08005238       0x40 ..\obj\usbd_ioreq.o
                0x08005238                USBD_CtlSendData
 .text.USBD_CtlContinueSendData
                0x08005278       0x28 ..\obj\usbd_ioreq.o
                0x08005278                USBD_CtlContinueSendData
 .text.USBD_CtlContinueRx
                0x080052a0       0x28 ..\obj\usbd_ioreq.o
                0x080052a0                USBD_CtlContinueRx
 .text.USBD_CtlSendStatus
                0x080052c8       0x30 ..\obj\usbd_ioreq.o
                0x080052c8                USBD_CtlSendStatus
 .text.USBD_CtlReceiveStatus
                0x080052f8       0x30 ..\obj\usbd_ioreq.o
                0x080052f8                USBD_CtlReceiveStatus
 .text.USART1_IRQHandler
                0x08005328        0xc ..\obj\config_usart.o
                0x08005328                USART1_IRQHandler
 .text.USART2_IRQHandler
                0x08005334        0xc ..\obj\config_usart.o
                0x08005334                USART2_IRQHandler
 .text.USART3_IRQHandler
                0x08005340        0xc ..\obj\config_usart.o
                0x08005340                USART3_IRQHandler
 .text.Init_USART
                0x0800534c       0xdc ..\obj\config_usart.o
                0x0800534c                Init_USART
 .text.TIM_TimeBaseInit
                0x08005428       0xec ..\obj\stm32f4xx_tim.o
                0x08005428                TIM_TimeBaseInit
 .text.TIM_ARRPreloadConfig
                0x08005514       0x40 ..\obj\stm32f4xx_tim.o
                0x08005514                TIM_ARRPreloadConfig
 .text.TIM_Cmd  0x08005554       0x40 ..\obj\stm32f4xx_tim.o
                0x08005554                TIM_Cmd
 .text.TIM_OC1Init
                0x08005594       0xf4 ..\obj\stm32f4xx_tim.o
                0x08005594                TIM_OC1Init
 .text.TIM_OC2Init
                0x08005688      0x110 ..\obj\stm32f4xx_tim.o
                0x08005688                TIM_OC2Init
 .text.TIM_OC3Init
                0x08005798      0x10c ..\obj\stm32f4xx_tim.o
                0x08005798                TIM_OC3Init
 .text.TIM_OC4Init
                0x080058a4       0xd0 ..\obj\stm32f4xx_tim.o
                0x080058a4                TIM_OC4Init
 .text.TIM_OC1PreloadConfig
                0x08005974       0x38 ..\obj\stm32f4xx_tim.o
                0x08005974                TIM_OC1PreloadConfig
 .text.TIM_OC2PreloadConfig
                0x080059ac       0x3c ..\obj\stm32f4xx_tim.o
                0x080059ac                TIM_OC2PreloadConfig
 .text.TIM_OC3PreloadConfig
                0x080059e8       0x38 ..\obj\stm32f4xx_tim.o
                0x080059e8                TIM_OC3PreloadConfig
 .text.TIM_OC4PreloadConfig
                0x08005a20       0x3c ..\obj\stm32f4xx_tim.o
                0x08005a20                TIM_OC4PreloadConfig
 .text.TIM_BDTRConfig
                0x08005a5c       0x50 ..\obj\stm32f4xx_tim.o
                0x08005a5c                TIM_BDTRConfig
 .text.TIM_BDTRStructInit
                0x08005aac       0x3c ..\obj\stm32f4xx_tim.o
                0x08005aac                TIM_BDTRStructInit
 .text.TIM_CtrlPWMOutputs
                0x08005ae8       0x4c ..\obj\stm32f4xx_tim.o
                0x08005ae8                TIM_CtrlPWMOutputs
 .text.TIM_ClearITPendingBit
                0x08005b34       0x20 ..\obj\stm32f4xx_tim.o
                0x08005b34                TIM_ClearITPendingBit
 .text          0x08005b54       0x48 c:/users/ózê∂/mentorgraphics/sourcery_codebench_lite_for_arm_eabi/bin/../lib/gcc/arm-none-eabi/4.8.3/../../../../arm-none-eabi/lib/thumb2\libm.a(lib_a-sf_modf.o)
                0x08005b54                modff
 .text          0x08005b9c       0x50 c:/users/ózê∂/mentorgraphics/sourcery_codebench_lite_for_arm_eabi/bin/../lib/gcc/arm-none-eabi/4.8.3/../../../../arm-none-eabi/lib/thumb2\libm.a(lib_a-sf_round.o)
                0x08005b9c                roundf
 .text          0x08005bec      0x338 c:/users/ózê∂/mentorgraphics/sourcery_codebench_lite_for_arm_eabi/bin/../lib/gcc/arm-none-eabi/4.8.3/../../../../arm-none-eabi/lib/thumb2\libm.a(lib_a-w_pow.o)
                0x08005bec                pow
 .text          0x08005f24      0x340 c:/users/ózê∂/mentorgraphics/sourcery_codebench_lite_for_arm_eabi/bin/../lib/gcc/arm-none-eabi/4.8.3/../../../../arm-none-eabi/lib/thumb2\libm.a(lib_a-wf_pow.o)
                0x08005f24                powf
 *fill*         0x08006264        0x4 
 .text          0x08006268      0xb68 c:/users/ózê∂/mentorgraphics/sourcery_codebench_lite_for_arm_eabi/bin/../lib/gcc/arm-none-eabi/4.8.3/../../../../arm-none-eabi/lib/thumb2\libm.a(lib_a-e_pow.o)
                0x08006268                __ieee754_pow
 .text          0x08006dd0      0x17c c:/users/ózê∂/mentorgraphics/sourcery_codebench_lite_for_arm_eabi/bin/../lib/gcc/arm-none-eabi/4.8.3/../../../../arm-none-eabi/lib/thumb2\libm.a(lib_a-e_sqrt.o)
                0x08006dd0                __ieee754_sqrt
 .text          0x08006f4c      0x748 c:/users/ózê∂/mentorgraphics/sourcery_codebench_lite_for_arm_eabi/bin/../lib/gcc/arm-none-eabi/4.8.3/../../../../arm-none-eabi/lib/thumb2\libm.a(lib_a-ef_pow.o)
                0x08006f4c                __ieee754_powf
 .text          0x08007694       0xac c:/users/ózê∂/mentorgraphics/sourcery_codebench_lite_for_arm_eabi/bin/../lib/gcc/arm-none-eabi/4.8.3/../../../../arm-none-eabi/lib/thumb2\libm.a(lib_a-ef_sqrt.o)
                0x08007694                __ieee754_sqrtf
 .text          0x08007740        0x8 c:/users/ózê∂/mentorgraphics/sourcery_codebench_lite_for_arm_eabi/bin/../lib/gcc/arm-none-eabi/4.8.3/../../../../arm-none-eabi/lib/thumb2\libm.a(lib_a-s_fabs.o)
                0x08007740                fabs
 .text          0x08007748        0xc c:/users/ózê∂/mentorgraphics/sourcery_codebench_lite_for_arm_eabi/bin/../lib/gcc/arm-none-eabi/4.8.3/../../../../arm-none-eabi/lib/thumb2\libm.a(lib_a-s_finite.o)
                0x08007748                finite
 .text          0x08007754       0x50 c:/users/ózê∂/mentorgraphics/sourcery_codebench_lite_for_arm_eabi/bin/../lib/gcc/arm-none-eabi/4.8.3/../../../../arm-none-eabi/lib/thumb2\libm.a(lib_a-s_fpclassify.o)
                0x08007754                __fpclassifyd
 .text          0x080077a4        0x4 c:/users/ózê∂/mentorgraphics/sourcery_codebench_lite_for_arm_eabi/bin/../lib/gcc/arm-none-eabi/4.8.3/../../../../arm-none-eabi/lib/thumb2\libm.a(lib_a-s_matherr.o)
                0x080077a4                matherr
 .text          0x080077a8        0xc c:/users/ózê∂/mentorgraphics/sourcery_codebench_lite_for_arm_eabi/bin/../lib/gcc/arm-none-eabi/4.8.3/../../../../arm-none-eabi/lib/thumb2\libm.a(lib_a-s_nan.o)
                0x080077a8                nan
 .text          0x080077b4      0x120 c:/users/ózê∂/mentorgraphics/sourcery_codebench_lite_for_arm_eabi/bin/../lib/gcc/arm-none-eabi/4.8.3/../../../../arm-none-eabi/lib/thumb2\libm.a(lib_a-s_rint.o)
                0x080077b4                rint
 *fill*         0x080078d4        0x4 
 .text          0x080078d8      0x118 c:/users/ózê∂/mentorgraphics/sourcery_codebench_lite_for_arm_eabi/bin/../lib/gcc/arm-none-eabi/4.8.3/../../../../arm-none-eabi/lib/thumb2\libm.a(lib_a-s_scalbn.o)
                0x080078d8                scalbn
 .text          0x080079f0        0x8 c:/users/ózê∂/mentorgraphics/sourcery_codebench_lite_for_arm_eabi/bin/../lib/gcc/arm-none-eabi/4.8.3/../../../../arm-none-eabi/lib/thumb2\libm.a(lib_a-sf_fabs.o)
                0x080079f0                fabsf
 .text          0x080079f8       0x10 c:/users/ózê∂/mentorgraphics/sourcery_codebench_lite_for_arm_eabi/bin/../lib/gcc/arm-none-eabi/4.8.3/../../../../arm-none-eabi/lib/thumb2\libm.a(lib_a-sf_finite.o)
                0x080079f8                finitef
 .text          0x08007a08       0x34 c:/users/ózê∂/mentorgraphics/sourcery_codebench_lite_for_arm_eabi/bin/../lib/gcc/arm-none-eabi/4.8.3/../../../../arm-none-eabi/lib/thumb2\libm.a(lib_a-sf_fpclassify.o)
                0x08007a08                __fpclassifyf
 .text          0x08007a3c        0x8 c:/users/ózê∂/mentorgraphics/sourcery_codebench_lite_for_arm_eabi/bin/../lib/gcc/arm-none-eabi/4.8.3/../../../../arm-none-eabi/lib/thumb2\libm.a(lib_a-sf_nan.o)
                0x08007a3c                nanf
 .text          0x08007a44       0xb8 c:/users/ózê∂/mentorgraphics/sourcery_codebench_lite_for_arm_eabi/bin/../lib/gcc/arm-none-eabi/4.8.3/../../../../arm-none-eabi/lib/thumb2\libm.a(lib_a-sf_scalbn.o)
                0x08007a44                scalbnf
 .text          0x08007afc       0x14 c:/users/ózê∂/mentorgraphics/sourcery_codebench_lite_for_arm_eabi/bin/../lib/gcc/arm-none-eabi/4.8.3/../../../../arm-none-eabi/lib/thumb2\libm.a(lib_a-s_copysign.o)
                0x08007afc                copysign
 .text          0x08007b10        0xc c:/users/ózê∂/mentorgraphics/sourcery_codebench_lite_for_arm_eabi/bin/../lib/gcc/arm-none-eabi/4.8.3/../../../../arm-none-eabi/lib/thumb2\libm.a(lib_a-sf_copysign.o)
                0x08007b10                copysignf
 .text          0x08007b1c      0x370 c:/users/ózê∂/mentorgraphics/sourcery_codebench_lite_for_arm_eabi/bin/../lib/gcc/arm-none-eabi/4.8.3/thumb2\libgcc.a(_arm_addsubdf3.o)
                0x08007b1c                __aeabi_drsub
                0x08007b24                __aeabi_dsub
                0x08007b24                __subdf3
                0x08007b28                __aeabi_dadd
                0x08007b28                __adddf3
                0x08007da0                __floatunsidf
                0x08007da0                __aeabi_ui2d
                0x08007dc0                __floatsidf
                0x08007dc0                __aeabi_i2d
                0x08007de4                __aeabi_f2d
                0x08007de4                __extendsfdf2
                0x08007e20                __floatundidf
                0x08007e20                __aeabi_ul2d
                0x08007e30                __floatdidf
                0x08007e30                __aeabi_l2d
 .text          0x08007e8c      0x424 c:/users/ózê∂/mentorgraphics/sourcery_codebench_lite_for_arm_eabi/bin/../lib/gcc/arm-none-eabi/4.8.3/thumb2\libgcc.a(_arm_muldivdf3.o)
                0x08007e8c                __aeabi_dmul
                0x08007e8c                __muldf3
                0x080080e0                __divdf3
                0x080080e0                __aeabi_ddiv
 .text          0x080082b0      0x110 c:/users/ózê∂/mentorgraphics/sourcery_codebench_lite_for_arm_eabi/bin/../lib/gcc/arm-none-eabi/4.8.3/thumb2\libgcc.a(_arm_cmpdf2.o)
                0x080082b0                __gtdf2
                0x080082b0                __gedf2
                0x080082b8                __ltdf2
                0x080082b8                __ledf2
                0x080082c0                __nedf2
                0x080082c0                __eqdf2
                0x080082c0                __cmpdf2
                0x0800833c                __aeabi_cdrcmple
                0x0800834c                __aeabi_cdcmpeq
                0x0800834c                __aeabi_cdcmple
                0x0800835c                __aeabi_dcmpeq
                0x08008370                __aeabi_dcmplt
                0x08008384                __aeabi_dcmple
                0x08008398                __aeabi_dcmpge
                0x080083ac                __aeabi_dcmpgt
 .text          0x080083c0       0x40 c:/users/ózê∂/mentorgraphics/sourcery_codebench_lite_for_arm_eabi/bin/../lib/gcc/arm-none-eabi/4.8.3/thumb2\libgcc.a(_arm_fixunsdfsi.o)
                0x080083c0                __aeabi_d2uiz
                0x080083c0                __fixunsdfsi
 .text          0x08008400       0xa0 c:/users/ózê∂/mentorgraphics/sourcery_codebench_lite_for_arm_eabi/bin/../lib/gcc/arm-none-eabi/4.8.3/thumb2\libgcc.a(_arm_truncdfsf2.o)
                0x08008400                __truncdfsf2
                0x08008400                __aeabi_d2f
 .text          0x080084a0      0x21c c:/users/ózê∂/mentorgraphics/sourcery_codebench_lite_for_arm_eabi/bin/../lib/gcc/arm-none-eabi/4.8.3/thumb2\libgcc.a(_arm_addsubsf3.o)
                0x080084a0                __aeabi_frsub
                0x080084a8                __subsf3
                0x080084a8                __aeabi_fsub
                0x080084ac                __aeabi_fadd
                0x080084ac                __addsf3
                0x0800860c                __aeabi_ui2f
                0x0800860c                __floatunsisf
                0x08008614                __aeabi_i2f
                0x08008614                __floatsisf
                0x08008630                __aeabi_ul2f
                0x08008630                __floatundisf
                0x08008640                __aeabi_l2f
                0x08008640                __floatdisf
 .text          0x080086bc      0x2a0 c:/users/ózê∂/mentorgraphics/sourcery_codebench_lite_for_arm_eabi/bin/../lib/gcc/arm-none-eabi/4.8.3/thumb2\libgcc.a(_arm_muldivsf3.o)
                0x080086bc                __mulsf3
                0x080086bc                __aeabi_fmul
                0x08008824                __aeabi_fdiv
                0x08008824                __divsf3
 .text          0x0800895c       0xec c:/users/ózê∂/mentorgraphics/sourcery_codebench_lite_for_arm_eabi/bin/../lib/gcc/arm-none-eabi/4.8.3/thumb2\libgcc.a(_arm_cmpsf2.o)
                0x0800895c                __gesf2
                0x0800895c                __gtsf2
                0x08008964                __lesf2
                0x08008964                __ltsf2
                0x0800896c                __nesf2
                0x0800896c                __eqsf2
                0x0800896c                __cmpsf2
                0x080089cc                __aeabi_cfrcmple
                0x080089d4                __aeabi_cfcmpeq
                0x080089d4                __aeabi_cfcmple
                0x080089e4                __aeabi_fcmpeq
                0x080089f8                __aeabi_fcmplt
                0x08008a0c                __aeabi_fcmple
                0x08008a20                __aeabi_fcmpge
                0x08008a34                __aeabi_fcmpgt
 .text          0x08008a48       0x4c c:/users/ózê∂/mentorgraphics/sourcery_codebench_lite_for_arm_eabi/bin/../lib/gcc/arm-none-eabi/4.8.3/thumb2\libgcc.a(_arm_fixsfsi.o)
                0x08008a48                __aeabi_f2iz
                0x08008a48                __fixsfsi
 .text          0x08008a94       0x40 c:/users/ózê∂/mentorgraphics/sourcery_codebench_lite_for_arm_eabi/bin/../lib/gcc/arm-none-eabi/4.8.3/thumb2\libgcc.a(_arm_fixunssfsi.o)
                0x08008a94                __fixunssfsi
                0x08008a94                __aeabi_f2uiz
 .text          0x08008ad4        0xc c:/users/ózê∂/mentorgraphics/sourcery_codebench_lite_for_arm_eabi/bin/../lib/gcc/arm-none-eabi/4.8.3/../../../../arm-none-eabi/lib/thumb2\libc.a(lib_a-errno.o)
                0x08008ad4                __errno
 *(.init)
 *(.fini)
 *crtbegin.o(.ctors)
 *crtbegin?.o(.ctors)
 *(EXCLUDE_FILE(*crtend.o *crtend?.o) .ctors)
 *(SORT(.ctors.*))
 *(.ctors)
 *crtbegin.o(.dtors)
 *crtbegin?.o(.dtors)
 *(EXCLUDE_FILE(*crtend.o *crtend?.o) .dtors)
 *(SORT(.dtors.*))
 *(.dtors)
 *(.rodata*)
 .rodata        0x08008ae0       0x18 ..\obj\main.o
 .rodata.str1.4
                0x08008af8        0x4 c:/users/ózê∂/mentorgraphics/sourcery_codebench_lite_for_arm_eabi/bin/../lib/gcc/arm-none-eabi/4.8.3/../../../../arm-none-eabi/lib/thumb2\libm.a(lib_a-w_pow.o)
 .rodata.str1.4
                0x08008afc        0x5 c:/users/ózê∂/mentorgraphics/sourcery_codebench_lite_for_arm_eabi/bin/../lib/gcc/arm-none-eabi/4.8.3/../../../../arm-none-eabi/lib/thumb2\libm.a(lib_a-wf_pow.o)
                                  0x8 (size before relaxing)
 *fill*         0x08008b01        0x7 
 .rodata        0x08008b08       0x30 c:/users/ózê∂/mentorgraphics/sourcery_codebench_lite_for_arm_eabi/bin/../lib/gcc/arm-none-eabi/4.8.3/../../../../arm-none-eabi/lib/thumb2\libm.a(lib_a-e_pow.o)
 .rodata.str1.4
                0x00000000        0x5 c:/users/ózê∂/mentorgraphics/sourcery_codebench_lite_for_arm_eabi/bin/../lib/gcc/arm-none-eabi/4.8.3/../../../../arm-none-eabi/lib/thumb2\libm.a(lib_a-e_pow.o)
                                  0x4 (size before relaxing)
 .rodata        0x08008b38       0x18 c:/users/ózê∂/mentorgraphics/sourcery_codebench_lite_for_arm_eabi/bin/../lib/gcc/arm-none-eabi/4.8.3/../../../../arm-none-eabi/lib/thumb2\libm.a(lib_a-ef_pow.o)
 .rodata.str1.4
                0x00000000        0x4 c:/users/ózê∂/mentorgraphics/sourcery_codebench_lite_for_arm_eabi/bin/../lib/gcc/arm-none-eabi/4.8.3/../../../../arm-none-eabi/lib/thumb2\libm.a(lib_a-ef_pow.o)
 .rodata        0x08008b50       0x10 c:/users/ózê∂/mentorgraphics/sourcery_codebench_lite_for_arm_eabi/bin/../lib/gcc/arm-none-eabi/4.8.3/../../../../arm-none-eabi/lib/thumb2\libm.a(lib_a-s_rint.o)
 .rodata.str1.4
                0x08008b60        0x4 c:/users/ózê∂/mentorgraphics/sourcery_codebench_lite_for_arm_eabi/bin/../lib/gcc/arm-none-eabi/4.8.3/../../../../arm-none-eabi/lib/thumb2\libc.a(lib_a-impure.o)
 *(.eh_fram e*)

.glue_7         0x08008b64        0x0
 .glue_7        0x00000000        0x0 linker stubs

.glue_7t        0x08008b64        0x0
 .glue_7t       0x00000000        0x0 linker stubs

.vfp11_veneer   0x08008b64        0x0
 .vfp11_veneer  0x00000000        0x0 linker stubs

.v4_bx          0x08008b64        0x0
 .v4_bx         0x00000000        0x0 linker stubs

.iplt           0x08008b64        0x0
 .iplt          0x00000000        0x0 ..\obj\config_pwm.o

.rel.dyn        0x08008b64        0x0
 .rel.iplt      0x00000000        0x0 ..\obj\config_pwm.o

.ARM.extab
 *(.ARM.extab* .gnu.linkonce.armextab.*)
                0x08008b64                __exidx_start = .

.ARM.exidx
 *(.ARM.exidx* .gnu.linkonce.armexidx.*)
                0x08008b64                __exidx_end = .
                0x08008b64                __etext = .
                0x08008b64                _sidata = __etext

.data           0x20000000      0x150 load address 0x08008b64
                0x20000000                __data_start__ = .
                0x20000000                _sdata = __data_start__
 *(vtable)
 *(.data*)
 .data          0x20000000       0x30 ..\obj\usbd_core.o
                0x20000000                USBD_DCD_INT_cb
                0x2000002c                USBD_DCD_INT_fops
 .data          0x20000030       0x10 ..\obj\stm32f4xx_rcc.o
 .data          0x20000040       0x14 ..\obj\system_stm32f4xx.o
                0x20000040                SystemCoreClock
                0x20000044                AHBPrescTable
 .data          0x20000054        0x4 ..\obj\receive.o
 .data          0x20000058        0x1 c:/users/ózê∂/mentorgraphics/sourcery_codebench_lite_for_arm_eabi/bin/../lib/gcc/arm-none-eabi/4.8.3/../../../../arm-none-eabi/lib/thumb2\libm.a(lib_a-s_lib_ver.o)
                0x20000058                __fdlib_version
 *fill*         0x20000059        0x3 
 .data          0x2000005c       0xf4 c:/users/ózê∂/mentorgraphics/sourcery_codebench_lite_for_arm_eabi/bin/../lib/gcc/arm-none-eabi/4.8.3/../../../../arm-none-eabi/lib/thumb2\libc.a(lib_a-impure.o)
                0x2000005c                _impure_ptr
                0x20000150                . = ALIGN (0x4)
                0x20000150                PROVIDE (__preinit_array_start, .)
 *(.preinit_array)
                0x20000150                PROVIDE (__preinit_array_end, .)
                0x20000150                . = ALIGN (0x4)
                0x20000150                PROVIDE (__init_array_start, .)
 *(SORT(.init_array.*))
 *(.init_array)
                0x20000150                PROVIDE (__init_array_end, .)
                0x20000150                . = ALIGN (0x4)
                0x20000150                PROVIDE (__fini_array_start, .)
 *(SORT(.fini_array.*))
 *(.fini_array)
                0x20000150                PROVIDE (__fini_array_end, .)
 *(.jcr*)
                0x20000150                . = ALIGN (0x4)
                0x20000150                __data_end__ = .
                0x20000150                _edata = __data_end__

.igot.plt       0x20000150        0x0 load address 0x08008cb4
 .igot.plt      0x00000000        0x0 ..\obj\config_pwm.o

.bss            0x20000150      0x7b8 load address 0x08008cb4
                0x20000150                . = ALIGN (0x4)
                0x20000150                __bss_start__ = .
                0x20000150                _sbss = __bss_start__
 *(.bss*)
 .bss           0x20000150       0x30 ..\obj\config_encoder.o
                0x20000150                g_over_tim1
                0x20000154                g_under_tim1
                0x20000158                g_over_tim2
                0x2000015c                g_under_tim2
                0x20000160                g_over_tim3
                0x20000164                g_under_tim3
                0x20000168                g_over_tim4
                0x2000016c                g_under_tim4
                0x20000170                g_over_tim5
                0x20000174                g_under_tim5
                0x20000178                g_over_tim8
                0x2000017c                g_under_tim8
 .bss           0x20000180        0x4 ..\obj\main.o
 .bss           0x20000184       0x14 ..\obj\config_systick.o
                0x20000184                g_time
                0x20000188                g_serial_time
                0x2000018c                g_debug_time
                0x20000190                g_arm_time
                0x20000194                g_micro_time
 .bss           0x20000198       0x10 ..\obj\usbd_req.o
                0x20000198                USBD_ep_status
                0x2000019c                USBD_default_cfg
                0x200001a0                USBD_cfg_status
 .bss           0x200001a8      0x108 ..\obj\receive.o
                0x200001a8                g_atoz_value
                0x20000210                g_AtoZ_value
 .bss           0x200002b0        0x8 ..\obj\name_converter.o
 *(COMMON)
 COMMON         0x200002b8      0x5f0 ..\obj\transmit.o
                0x200002b8                USB_OTG_dev
 COMMON         0x200008a8       0x60 ..\obj\main.o
                0x200008a8                can_rx_flame
                0x200008bc                PS3
                0x200008f4                can_tx_flame
                0x20000908                . = ALIGN (0x4)
                0x20000908                __bss_end__ = .
                0x20000908                _ebss = __bss_end__

.heap           0x20000908        0x0
                0x20000908                __end__ = .
                0x20000908                _end = __end__
                0x20000908                end = __end__
 *(.heap*)
                0x20000908                __HeapLimit = .

.co_stack       0x20000908      0x800 load address 0x0800946c
                0x20000908                . = ALIGN (0x8)
 *(.co_stack .co_stack.*)
 .co_stack      0x20000908      0x800 ..\obj\startup_stm32f4xx.o
                0x20000908                pulStack
                0x20020000                __StackTop = (ORIGIN (ram) + 0x20000)
                0x2001f800                __StackLimit = (__StackTop - SIZEOF (.co_stack))
                0x20020000                PROVIDE (__stack, __StackTop)
                0x00000001                ASSERT ((__StackLimit >= __HeapLimit), region ram  overflowed with stack)
LOAD ..\obj\config_pwm.o
LOAD ..\obj\stm32f4xx_syscfg.o
LOAD ..\obj\usb_core.o
LOAD ..\obj\arm_operate.o
LOAD ..\obj\transmit.o
LOAD ..\obj\config_port.o
LOAD ..\obj\stm32f4xx_sdio.o
LOAD ..\obj\usbd_usr.o
LOAD ..\obj\calculate.o
LOAD ..\obj\config_encoder.o
LOAD ..\obj\config_usb.o
LOAD ..\obj\stm32f4xx_usart.o
LOAD ..\obj\stm32f4xx_pwr.o
LOAD ..\obj\stm32f4xx_can.o
LOAD ..\obj\my_standard_io.o
LOAD ..\obj\startup_stm32f4xx.o
LOAD ..\obj\stm32f4xx_crc.o
LOAD ..\obj\usbd_core.o
LOAD ..\obj\main.o
LOAD ..\obj\stm32f4xx_rcc.o
LOAD ..\obj\stm32f4xx_adc.o
LOAD ..\obj\can.o
LOAD ..\obj\config_adc.o
LOAD ..\obj\motor.o
LOAD ..\obj\analysis_data_type.o
LOAD ..\obj\usbd_desc.o
LOAD ..\obj\stm32f4xx_fsmc.o
LOAD ..\obj\config_systick.o
LOAD ..\obj\stm32f4xx_gpio.o
LOAD ..\obj\stm32f4xx_flash.o
LOAD ..\obj\usbd_cdc_vcp.o
LOAD ..\obj\system_stm32f4xx.o
LOAD ..\obj\syscalls.o
LOAD ..\obj\stm32f4xx_dma.o
LOAD ..\obj\usb_bsp.o
LOAD ..\obj\usbd_req.o
LOAD ..\obj\usb_dcd_int.o
LOAD ..\obj\usbd_cdc_core.o
LOAD ..\obj\receive.o
LOAD ..\obj\stm32f4xx_spi.o
LOAD ..\obj\stm32f4xx_i2c.o
LOAD ..\obj\stm32f4xx_exti.o
LOAD ..\obj\name_converter.o
LOAD ..\obj\misc.o
LOAD ..\obj\usb_dcd.o
LOAD ..\obj\usbd_ioreq.o
LOAD ..\obj\config_usart.o
LOAD ..\obj\stm32f4xx_tim.o
LOAD c:/users/ózê∂/mentorgraphics/sourcery_codebench_lite_for_arm_eabi/bin/../lib/gcc/arm-none-eabi/4.8.3/../../../../arm-none-eabi/lib/thumb2\libm.a
LOAD c:/users/ózê∂/mentorgraphics/sourcery_codebench_lite_for_arm_eabi/bin/../lib/gcc/arm-none-eabi/4.8.3/thumb2\libgcc.a
LOAD c:/users/ózê∂/mentorgraphics/sourcery_codebench_lite_for_arm_eabi/bin/../lib/gcc/arm-none-eabi/4.8.3/../../../../arm-none-eabi/lib/thumb2\libc.a
START GROUP
LOAD c:/users/ózê∂/mentorgraphics/sourcery_codebench_lite_for_arm_eabi/bin/../lib/gcc/arm-none-eabi/4.8.3/thumb2\libgcc.a
LOAD c:/users/ózê∂/mentorgraphics/sourcery_codebench_lite_for_arm_eabi/bin/../lib/gcc/arm-none-eabi/4.8.3/../../../../arm-none-eabi/lib/thumb2\libc.a
END GROUP
OUTPUT(1Prototype.elf elf32-littlearm)

.debug_info     0x00000000    0x13d7a
 .debug_info    0x00000000      0x859 ..\obj\config_pwm.o
 .debug_info    0x00000859     0x24ef ..\obj\usb_core.o
 .debug_info    0x00002d48      0xc80 ..\obj\transmit.o
 .debug_info    0x000039c8      0x30c ..\obj\config_port.o
 .debug_info    0x00003cd4      0x6a7 ..\obj\config_encoder.o
 .debug_info    0x0000437b      0xca8 ..\obj\config_usb.o
 .debug_info    0x00005023      0x996 ..\obj\stm32f4xx_usart.o
 .debug_info    0x000059b9      0xb70 ..\obj\stm32f4xx_can.o
 .debug_info    0x00006529      0x3e1 ..\obj\my_standard_io.o
 .debug_info    0x0000690a       0xed ..\obj\startup_stm32f4xx.o
 .debug_info    0x000069f7      0xe69 ..\obj\usbd_core.o
 .debug_info    0x00007860     0x13b1 ..\obj\main.o
 .debug_info    0x00008c11      0xc21 ..\obj\stm32f4xx_rcc.o
 .debug_info    0x00009832      0x9fb ..\obj\config_systick.o
 .debug_info    0x0000a22d      0x5d6 ..\obj\stm32f4xx_gpio.o
 .debug_info    0x0000a803      0x566 ..\obj\system_stm32f4xx.o
 .debug_info    0x0000ad69      0xfd8 ..\obj\usb_bsp.o
 .debug_info    0x0000bd41      0xf6f ..\obj\usbd_req.o
 .debug_info    0x0000ccb0     0x1d41 ..\obj\usb_dcd_int.o
 .debug_info    0x0000e9f1      0x5cb ..\obj\receive.o
 .debug_info    0x0000efbc      0x331 ..\obj\stm32f4xx_exti.o
 .debug_info    0x0000f2ed      0x89d ..\obj\name_converter.o
 .debug_info    0x0000fb8a      0x51c ..\obj\misc.o
 .debug_info    0x000100a6      0xff3 ..\obj\usb_dcd.o
 .debug_info    0x00011099      0xc8b ..\obj\usbd_ioreq.o
 .debug_info    0x00011d24      0x421 ..\obj\config_usart.o
 .debug_info    0x00012145     0x1c35 ..\obj\stm32f4xx_tim.o

.debug_abbrev   0x00000000     0x2eaf
 .debug_abbrev  0x00000000      0x160 ..\obj\config_pwm.o
 .debug_abbrev  0x00000160      0x2e7 ..\obj\usb_core.o
 .debug_abbrev  0x00000447      0x1a9 ..\obj\transmit.o
 .debug_abbrev  0x000005f0      0x126 ..\obj\config_port.o
 .debug_abbrev  0x00000716      0x189 ..\obj\config_encoder.o
 .debug_abbrev  0x0000089f      0x204 ..\obj\config_usb.o
 .debug_abbrev  0x00000aa3      0x155 ..\obj\stm32f4xx_usart.o
 .debug_abbrev  0x00000bf8      0x1f3 ..\obj\stm32f4xx_can.o
 .debug_abbrev  0x00000deb       0xef ..\obj\my_standard_io.o
 .debug_abbrev  0x00000eda       0xb0 ..\obj\startup_stm32f4xx.o
 .debug_abbrev  0x00000f8a      0x21d ..\obj\usbd_core.o
 .debug_abbrev  0x000011a7      0x210 ..\obj\main.o
 .debug_abbrev  0x000013b7      0x1e3 ..\obj\stm32f4xx_rcc.o
 .debug_abbrev  0x0000159a      0x22c ..\obj\config_systick.o
 .debug_abbrev  0x000017c6      0x1a3 ..\obj\stm32f4xx_gpio.o
 .debug_abbrev  0x00001969      0x136 ..\obj\system_stm32f4xx.o
 .debug_abbrev  0x00001a9f      0x22b ..\obj\usb_bsp.o
 .debug_abbrev  0x00001cca      0x293 ..\obj\usbd_req.o
 .debug_abbrev  0x00001f5d      0x25b ..\obj\usb_dcd_int.o
 .debug_abbrev  0x000021b8      0x1aa ..\obj\receive.o
 .debug_abbrev  0x00002362      0x1a5 ..\obj\stm32f4xx_exti.o
 .debug_abbrev  0x00002507      0x18d ..\obj\name_converter.o
 .debug_abbrev  0x00002694      0x145 ..\obj\misc.o
 .debug_abbrev  0x000027d9      0x259 ..\obj\usb_dcd.o
 .debug_abbrev  0x00002a32      0x1af ..\obj\usbd_ioreq.o
 .debug_abbrev  0x00002be1      0x147 ..\obj\config_usart.o
 .debug_abbrev  0x00002d28      0x187 ..\obj\stm32f4xx_tim.o

.debug_aranges  0x00000000      0xf48
 .debug_aranges
                0x00000000       0x28 ..\obj\config_pwm.o
 .debug_aranges
                0x00000028      0x138 ..\obj\usb_core.o
 .debug_aranges
                0x00000160       0x48 ..\obj\transmit.o
 .debug_aranges
                0x000001a8       0x28 ..\obj\config_port.o
 .debug_aranges
                0x000001d0       0x78 ..\obj\config_encoder.o
 .debug_aranges
                0x00000248       0x88 ..\obj\config_usb.o
 .debug_aranges
                0x000002d0      0x100 ..\obj\stm32f4xx_usart.o
 .debug_aranges
                0x000003d0       0xe0 ..\obj\stm32f4xx_can.o
 .debug_aranges
                0x000004b0       0x78 ..\obj\my_standard_io.o
 .debug_aranges
                0x00000528       0x28 ..\obj\startup_stm32f4xx.o
 .debug_aranges
                0x00000550       0x80 ..\obj\usbd_core.o
 .debug_aranges
                0x000005d0       0x38 ..\obj\main.o
 .debug_aranges
                0x00000608      0x178 ..\obj\stm32f4xx_rcc.o
 .debug_aranges
                0x00000780       0x58 ..\obj\config_systick.o
 .debug_aranges
                0x000007d8       0x88 ..\obj\stm32f4xx_gpio.o
 .debug_aranges
                0x00000860       0x30 ..\obj\system_stm32f4xx.o
 .debug_aranges
                0x00000890       0x48 ..\obj\usb_bsp.o
 .debug_aranges
                0x000008d8       0x88 ..\obj\usbd_req.o
 .debug_aranges
                0x00000960       0x80 ..\obj\usb_dcd_int.o
 .debug_aranges
                0x000009e0       0x68 ..\obj\receive.o
 .debug_aranges
                0x00000a48       0x58 ..\obj\stm32f4xx_exti.o
 .debug_aranges
                0x00000aa0       0x68 ..\obj\name_converter.o
 .debug_aranges
                0x00000b08       0x40 ..\obj\misc.o
 .debug_aranges
                0x00000b48       0x80 ..\obj\usb_dcd.o
 .debug_aranges
                0x00000bc8       0x50 ..\obj\usbd_ioreq.o
 .debug_aranges
                0x00000c18       0x38 ..\obj\config_usart.o
 .debug_aranges
                0x00000c50      0x2f8 ..\obj\stm32f4xx_tim.o

.debug_ranges   0x00000000      0xd98
 .debug_ranges  0x00000000       0x18 ..\obj\config_pwm.o
 .debug_ranges  0x00000018      0x128 ..\obj\usb_core.o
 .debug_ranges  0x00000140       0x38 ..\obj\transmit.o
 .debug_ranges  0x00000178       0x18 ..\obj\config_port.o
 .debug_ranges  0x00000190       0x68 ..\obj\config_encoder.o
 .debug_ranges  0x000001f8       0x78 ..\obj\config_usb.o
 .debug_ranges  0x00000270       0xf0 ..\obj\stm32f4xx_usart.o
 .debug_ranges  0x00000360       0xd0 ..\obj\stm32f4xx_can.o
 .debug_ranges  0x00000430       0x68 ..\obj\my_standard_io.o
 .debug_ranges  0x00000498       0x18 ..\obj\startup_stm32f4xx.o
 .debug_ranges  0x000004b0       0x70 ..\obj\usbd_core.o
 .debug_ranges  0x00000520       0x28 ..\obj\main.o
 .debug_ranges  0x00000548      0x168 ..\obj\stm32f4xx_rcc.o
 .debug_ranges  0x000006b0       0x48 ..\obj\config_systick.o
 .debug_ranges  0x000006f8       0x78 ..\obj\stm32f4xx_gpio.o
 .debug_ranges  0x00000770       0x20 ..\obj\system_stm32f4xx.o
 .debug_ranges  0x00000790       0x38 ..\obj\usb_bsp.o
 .debug_ranges  0x000007c8       0x78 ..\obj\usbd_req.o
 .debug_ranges  0x00000840       0x70 ..\obj\usb_dcd_int.o
 .debug_ranges  0x000008b0       0x58 ..\obj\receive.o
 .debug_ranges  0x00000908       0x48 ..\obj\stm32f4xx_exti.o
 .debug_ranges  0x00000950       0x58 ..\obj\name_converter.o
 .debug_ranges  0x000009a8       0x30 ..\obj\misc.o
 .debug_ranges  0x000009d8       0x70 ..\obj\usb_dcd.o
 .debug_ranges  0x00000a48       0x40 ..\obj\usbd_ioreq.o
 .debug_ranges  0x00000a88       0x28 ..\obj\config_usart.o
 .debug_ranges  0x00000ab0      0x2e8 ..\obj\stm32f4xx_tim.o

.debug_line     0x00000000     0x5c08
 .debug_line    0x00000000      0x29d ..\obj\config_pwm.o
 .debug_line    0x0000029d      0x6a6 ..\obj\usb_core.o
 .debug_line    0x00000943      0x2f4 ..\obj\transmit.o
 .debug_line    0x00000c37      0x201 ..\obj\config_port.o
 .debug_line    0x00000e38      0x319 ..\obj\config_encoder.o
 .debug_line    0x00001151      0x496 ..\obj\config_usb.o
 .debug_line    0x000015e7      0x45c ..\obj\stm32f4xx_usart.o
 .debug_line    0x00001a43      0x526 ..\obj\stm32f4xx_can.o
 .debug_line    0x00001f69      0x1e9 ..\obj\my_standard_io.o
 .debug_line    0x00002152       0xa4 ..\obj\startup_stm32f4xx.o
 .debug_line    0x000021f6      0x354 ..\obj\usbd_core.o
 .debug_line    0x0000254a      0x319 ..\obj\main.o
 .debug_line    0x00002863      0x555 ..\obj\stm32f4xx_rcc.o
 .debug_line    0x00002db8      0x2a3 ..\obj\config_systick.o
 .debug_line    0x0000305b      0x2f8 ..\obj\stm32f4xx_gpio.o
 .debug_line    0x00003353      0x19c ..\obj\system_stm32f4xx.o
 .debug_line    0x000034ef      0x2ec ..\obj\usb_bsp.o
 .debug_line    0x000037db      0x404 ..\obj\usbd_req.o
 .debug_line    0x00003bdf      0x389 ..\obj\usb_dcd_int.o
 .debug_line    0x00003f68      0x2b6 ..\obj\receive.o
 .debug_line    0x0000421e      0x25e ..\obj\stm32f4xx_exti.o
 .debug_line    0x0000447c      0x3bf ..\obj\name_converter.o
 .debug_line    0x0000483b      0x1fe ..\obj\misc.o
 .debug_line    0x00004a39      0x311 ..\obj\usb_dcd.o
 .debug_line    0x00004d4a      0x268 ..\obj\usbd_ioreq.o
 .debug_line    0x00004fb2      0x238 ..\obj\config_usart.o
 .debug_line    0x000051ea      0xa1e ..\obj\stm32f4xx_tim.o

.debug_str      0x00000000     0x533b
 .debug_str     0x00000000      0x644 ..\obj\config_pwm.o
                                0x69c (size before relaxing)
 .debug_str     0x00000644     0x12d0 ..\obj\usb_core.o
                               0x1672 (size before relaxing)
 .debug_str     0x00001914       0xd3 ..\obj\transmit.o
                                0x98c (size before relaxing)
 .debug_str     0x000019e7      0x173 ..\obj\config_port.o
                                0x355 (size before relaxing)
 .debug_str     0x00001b5a      0x1d3 ..\obj\config_encoder.o
                                0x55e (size before relaxing)
 .debug_str     0x00001d2d      0x16b ..\obj\config_usb.o
                                0xa4e (size before relaxing)
 .debug_str     0x00001e98      0x447 ..\obj\stm32f4xx_usart.o
                                0x641 (size before relaxing)
 .debug_str     0x000022df      0x51f ..\obj\stm32f4xx_can.o
                                0x6f0 (size before relaxing)
 .debug_str     0x000027fe       0xf4 ..\obj\my_standard_io.o
                                0x222 (size before relaxing)
 .debug_str     0x000028f2       0xb3 ..\obj\startup_stm32f4xx.o
                                0x123 (size before relaxing)
 .debug_str     0x000029a5      0x1c6 ..\obj\usbd_core.o
                                0xab8 (size before relaxing)
 .debug_str     0x00002b6b      0x14f ..\obj\main.o
                                0xc99 (size before relaxing)
 .debug_str     0x00002cba      0x52a ..\obj\stm32f4xx_rcc.o
                                0x802 (size before relaxing)
 .debug_str     0x000031e4      0x6c2 ..\obj\config_systick.o
                                0x994 (size before relaxing)
 .debug_str     0x000038a6      0x1a0 ..\obj\stm32f4xx_gpio.o
                                0x455 (size before relaxing)
 .debug_str     0x00003a46       0xb7 ..\obj\system_stm32f4xx.o
                                0x35c (size before relaxing)
 .debug_str     0x00003afd      0x187 ..\obj\usb_bsp.o
                               0x10b9 (size before relaxing)
 .debug_str     0x00003c84      0x1b9 ..\obj\usbd_req.o
                                0xae3 (size before relaxing)
 .debug_str     0x00003e3d      0x2bb ..\obj\usb_dcd_int.o
                               0x1270 (size before relaxing)
 .debug_str     0x000040f8      0x16a ..\obj\receive.o
                                0x3ac (size before relaxing)
 .debug_str     0x00004262      0x1dd ..\obj\stm32f4xx_exti.o
                                0x320 (size before relaxing)
 .debug_str     0x0000443f      0x133 ..\obj\name_converter.o
                                0x943 (size before relaxing)
 .debug_str     0x00004572      0x116 ..\obj\misc.o
                                0x38b (size before relaxing)
 .debug_str     0x00004688      0x147 ..\obj\usb_dcd.o
                                0xb12 (size before relaxing)
 .debug_str     0x000047cf      0x102 ..\obj\usbd_ioreq.o
                                0x9a2 (size before relaxing)
 .debug_str     0x000048d1       0xe9 ..\obj\config_usart.o
                                0x445 (size before relaxing)
 .debug_str     0x000049ba      0x981 ..\obj\stm32f4xx_tim.o
                                0xd82 (size before relaxing)

.comment        0x00000000       0x46
 .comment       0x00000000       0x46 ..\obj\config_pwm.o
                                 0x47 (size before relaxing)
 .comment       0x00000000       0x47 ..\obj\usb_core.o
 .comment       0x00000000       0x47 ..\obj\transmit.o
 .comment       0x00000000       0x47 ..\obj\config_port.o
 .comment       0x00000000       0x47 ..\obj\config_encoder.o
 .comment       0x00000000       0x47 ..\obj\config_usb.o
 .comment       0x00000000       0x47 ..\obj\stm32f4xx_usart.o
 .comment       0x00000000       0x47 ..\obj\stm32f4xx_can.o
 .comment       0x00000000       0x47 ..\obj\my_standard_io.o
 .comment       0x00000000       0x47 ..\obj\startup_stm32f4xx.o
 .comment       0x00000000       0x47 ..\obj\usbd_core.o
 .comment       0x00000000       0x47 ..\obj\main.o
 .comment       0x00000000       0x47 ..\obj\stm32f4xx_rcc.o
 .comment       0x00000000       0x47 ..\obj\config_systick.o
 .comment       0x00000000       0x47 ..\obj\stm32f4xx_gpio.o
 .comment       0x00000000       0x47 ..\obj\system_stm32f4xx.o
 .comment       0x00000000       0x47 ..\obj\usb_bsp.o
 .comment       0x00000000       0x47 ..\obj\usbd_req.o
 .comment       0x00000000       0x47 ..\obj\usb_dcd_int.o
 .comment       0x00000000       0x47 ..\obj\receive.o
 .comment       0x00000000       0x47 ..\obj\stm32f4xx_exti.o
 .comment       0x00000000       0x47 ..\obj\name_converter.o
 .comment       0x00000000       0x47 ..\obj\misc.o
 .comment       0x00000000       0x47 ..\obj\usb_dcd.o
 .comment       0x00000000       0x47 ..\obj\usbd_ioreq.o
 .comment       0x00000000       0x47 ..\obj\config_usart.o
 .comment       0x00000000       0x47 ..\obj\stm32f4xx_tim.o

.ARM.attributes
                0x00000000       0x33
 .ARM.attributes
                0x00000000       0x33 ..\obj\config_pwm.o
 .ARM.attributes
                0x00000033       0x33 ..\obj\usb_core.o
 .ARM.attributes
                0x00000066       0x33 ..\obj\transmit.o
 .ARM.attributes
                0x00000099       0x33 ..\obj\config_port.o
 .ARM.attributes
                0x000000cc       0x33 ..\obj\config_encoder.o
 .ARM.attributes
                0x000000ff       0x33 ..\obj\config_usb.o
 .ARM.attributes
                0x00000132       0x33 ..\obj\stm32f4xx_usart.o
 .ARM.attributes
                0x00000165       0x33 ..\obj\stm32f4xx_can.o
 .ARM.attributes
                0x00000198       0x33 ..\obj\my_standard_io.o
 .ARM.attributes
                0x000001cb       0x33 ..\obj\startup_stm32f4xx.o
 .ARM.attributes
                0x000001fe       0x33 ..\obj\usbd_core.o
 .ARM.attributes
                0x00000231       0x33 ..\obj\main.o
 .ARM.attributes
                0x00000264       0x33 ..\obj\stm32f4xx_rcc.o
 .ARM.attributes
                0x00000297       0x33 ..\obj\config_systick.o
 .ARM.attributes
                0x000002ca       0x33 ..\obj\stm32f4xx_gpio.o
 .ARM.attributes
                0x000002fd       0x33 ..\obj\system_stm32f4xx.o
 .ARM.attributes
                0x00000330       0x33 ..\obj\usb_bsp.o
 .ARM.attributes
                0x00000363       0x33 ..\obj\usbd_req.o
 .ARM.attributes
                0x00000396       0x33 ..\obj\usb_dcd_int.o
 .ARM.attributes
                0x000003c9       0x33 ..\obj\receive.o
 .ARM.attributes
                0x000003fc       0x33 ..\obj\stm32f4xx_exti.o
 .ARM.attributes
                0x0000042f       0x33 ..\obj\name_converter.o
 .ARM.attributes
                0x00000462       0x33 ..\obj\misc.o
 .ARM.attributes
                0x00000495       0x33 ..\obj\usb_dcd.o
 .ARM.attributes
                0x000004c8       0x33 ..\obj\usbd_ioreq.o
 .ARM.attributes
                0x000004fb       0x33 ..\obj\config_usart.o
 .ARM.attributes
                0x0000052e       0x33 ..\obj\stm32f4xx_tim.o
 .ARM.attributes
                0x00000561       0x29 c:/users/ózê∂/mentorgraphics/sourcery_codebench_lite_for_arm_eabi/bin/../lib/gcc/arm-none-eabi/4.8.3/../../../../arm-none-eabi/lib/thumb2\libm.a(lib_a-sf_modf.o)
 .ARM.attributes
                0x0000058a       0x29 c:/users/ózê∂/mentorgraphics/sourcery_codebench_lite_for_arm_eabi/bin/../lib/gcc/arm-none-eabi/4.8.3/../../../../arm-none-eabi/lib/thumb2\libm.a(lib_a-sf_round.o)
 .ARM.attributes
                0x000005b3       0x29 c:/users/ózê∂/mentorgraphics/sourcery_codebench_lite_for_arm_eabi/bin/../lib/gcc/arm-none-eabi/4.8.3/../../../../arm-none-eabi/lib/thumb2\libm.a(lib_a-w_pow.o)
 .ARM.attributes
                0x000005dc       0x29 c:/users/ózê∂/mentorgraphics/sourcery_codebench_lite_for_arm_eabi/bin/../lib/gcc/arm-none-eabi/4.8.3/../../../../arm-none-eabi/lib/thumb2\libm.a(lib_a-wf_pow.o)
 .ARM.attributes
                0x00000605       0x29 c:/users/ózê∂/mentorgraphics/sourcery_codebench_lite_for_arm_eabi/bin/../lib/gcc/arm-none-eabi/4.8.3/../../../../arm-none-eabi/lib/thumb2\libm.a(lib_a-e_pow.o)
 .ARM.attributes
                0x0000062e       0x29 c:/users/ózê∂/mentorgraphics/sourcery_codebench_lite_for_arm_eabi/bin/../lib/gcc/arm-none-eabi/4.8.3/../../../../arm-none-eabi/lib/thumb2\libm.a(lib_a-e_sqrt.o)
 .ARM.attributes
                0x00000657       0x29 c:/users/ózê∂/mentorgraphics/sourcery_codebench_lite_for_arm_eabi/bin/../lib/gcc/arm-none-eabi/4.8.3/../../../../arm-none-eabi/lib/thumb2\libm.a(lib_a-ef_pow.o)
 .ARM.attributes
                0x00000680       0x29 c:/users/ózê∂/mentorgraphics/sourcery_codebench_lite_for_arm_eabi/bin/../lib/gcc/arm-none-eabi/4.8.3/../../../../arm-none-eabi/lib/thumb2\libm.a(lib_a-ef_sqrt.o)
 .ARM.attributes
                0x000006a9       0x29 c:/users/ózê∂/mentorgraphics/sourcery_codebench_lite_for_arm_eabi/bin/../lib/gcc/arm-none-eabi/4.8.3/../../../../arm-none-eabi/lib/thumb2\libm.a(lib_a-s_fabs.o)
 .ARM.attributes
                0x000006d2       0x29 c:/users/ózê∂/mentorgraphics/sourcery_codebench_lite_for_arm_eabi/bin/../lib/gcc/arm-none-eabi/4.8.3/../../../../arm-none-eabi/lib/thumb2\libm.a(lib_a-s_finite.o)
 .ARM.attributes
                0x000006fb       0x29 c:/users/ózê∂/mentorgraphics/sourcery_codebench_lite_for_arm_eabi/bin/../lib/gcc/arm-none-eabi/4.8.3/../../../../arm-none-eabi/lib/thumb2\libm.a(lib_a-s_fpclassify.o)
 .ARM.attributes
                0x00000724       0x29 c:/users/ózê∂/mentorgraphics/sourcery_codebench_lite_for_arm_eabi/bin/../lib/gcc/arm-none-eabi/4.8.3/../../../../arm-none-eabi/lib/thumb2\libm.a(lib_a-s_lib_ver.o)
 .ARM.attributes
                0x0000074d       0x29 c:/users/ózê∂/mentorgraphics/sourcery_codebench_lite_for_arm_eabi/bin/../lib/gcc/arm-none-eabi/4.8.3/../../../../arm-none-eabi/lib/thumb2\libm.a(lib_a-s_matherr.o)
 .ARM.attributes
                0x00000776       0x29 c:/users/ózê∂/mentorgraphics/sourcery_codebench_lite_for_arm_eabi/bin/../lib/gcc/arm-none-eabi/4.8.3/../../../../arm-none-eabi/lib/thumb2\libm.a(lib_a-s_nan.o)
 .ARM.attributes
                0x0000079f       0x29 c:/users/ózê∂/mentorgraphics/sourcery_codebench_lite_for_arm_eabi/bin/../lib/gcc/arm-none-eabi/4.8.3/../../../../arm-none-eabi/lib/thumb2\libm.a(lib_a-s_rint.o)
 .ARM.attributes
                0x000007c8       0x29 c:/users/ózê∂/mentorgraphics/sourcery_codebench_lite_for_arm_eabi/bin/../lib/gcc/arm-none-eabi/4.8.3/../../../../arm-none-eabi/lib/thumb2\libm.a(lib_a-s_scalbn.o)
 .ARM.attributes
                0x000007f1       0x29 c:/users/ózê∂/mentorgraphics/sourcery_codebench_lite_for_arm_eabi/bin/../lib/gcc/arm-none-eabi/4.8.3/../../../../arm-none-eabi/lib/thumb2\libm.a(lib_a-sf_fabs.o)
 .ARM.attributes
                0x0000081a       0x29 c:/users/ózê∂/mentorgraphics/sourcery_codebench_lite_for_arm_eabi/bin/../lib/gcc/arm-none-eabi/4.8.3/../../../../arm-none-eabi/lib/thumb2\libm.a(lib_a-sf_finite.o)
 .ARM.attributes
                0x00000843       0x29 c:/users/ózê∂/mentorgraphics/sourcery_codebench_lite_for_arm_eabi/bin/../lib/gcc/arm-none-eabi/4.8.3/../../../../arm-none-eabi/lib/thumb2\libm.a(lib_a-sf_fpclassify.o)
 .ARM.attributes
                0x0000086c       0x29 c:/users/ózê∂/mentorgraphics/sourcery_codebench_lite_for_arm_eabi/bin/../lib/gcc/arm-none-eabi/4.8.3/../../../../arm-none-eabi/lib/thumb2\libm.a(lib_a-sf_nan.o)
 .ARM.attributes
                0x00000895       0x29 c:/users/ózê∂/mentorgraphics/sourcery_codebench_lite_for_arm_eabi/bin/../lib/gcc/arm-none-eabi/4.8.3/../../../../arm-none-eabi/lib/thumb2\libm.a(lib_a-sf_scalbn.o)
 .ARM.attributes
                0x000008be       0x29 c:/users/ózê∂/mentorgraphics/sourcery_codebench_lite_for_arm_eabi/bin/../lib/gcc/arm-none-eabi/4.8.3/../../../../arm-none-eabi/lib/thumb2\libm.a(lib_a-s_copysign.o)
 .ARM.attributes
                0x000008e7       0x29 c:/users/ózê∂/mentorgraphics/sourcery_codebench_lite_for_arm_eabi/bin/../lib/gcc/arm-none-eabi/4.8.3/../../../../arm-none-eabi/lib/thumb2\libm.a(lib_a-sf_copysign.o)
 .ARM.attributes
                0x00000910       0x19 c:/users/ózê∂/mentorgraphics/sourcery_codebench_lite_for_arm_eabi/bin/../lib/gcc/arm-none-eabi/4.8.3/thumb2\libgcc.a(_arm_addsubdf3.o)
 .ARM.attributes
                0x00000929       0x19 c:/users/ózê∂/mentorgraphics/sourcery_codebench_lite_for_arm_eabi/bin/../lib/gcc/arm-none-eabi/4.8.3/thumb2\libgcc.a(_arm_muldivdf3.o)
 .ARM.attributes
                0x00000942       0x19 c:/users/ózê∂/mentorgraphics/sourcery_codebench_lite_for_arm_eabi/bin/../lib/gcc/arm-none-eabi/4.8.3/thumb2\libgcc.a(_arm_cmpdf2.o)
 .ARM.attributes
                0x0000095b       0x19 c:/users/ózê∂/mentorgraphics/sourcery_codebench_lite_for_arm_eabi/bin/../lib/gcc/arm-none-eabi/4.8.3/thumb2\libgcc.a(_arm_fixunsdfsi.o)
 .ARM.attributes
                0x00000974       0x19 c:/users/ózê∂/mentorgraphics/sourcery_codebench_lite_for_arm_eabi/bin/../lib/gcc/arm-none-eabi/4.8.3/thumb2\libgcc.a(_arm_truncdfsf2.o)
 .ARM.attributes
                0x0000098d       0x19 c:/users/ózê∂/mentorgraphics/sourcery_codebench_lite_for_arm_eabi/bin/../lib/gcc/arm-none-eabi/4.8.3/thumb2\libgcc.a(_arm_addsubsf3.o)
 .ARM.attributes
                0x000009a6       0x19 c:/users/ózê∂/mentorgraphics/sourcery_codebench_lite_for_arm_eabi/bin/../lib/gcc/arm-none-eabi/4.8.3/thumb2\libgcc.a(_arm_muldivsf3.o)
 .ARM.attributes
                0x000009bf       0x19 c:/users/ózê∂/mentorgraphics/sourcery_codebench_lite_for_arm_eabi/bin/../lib/gcc/arm-none-eabi/4.8.3/thumb2\libgcc.a(_arm_cmpsf2.o)
 .ARM.attributes
                0x000009d8       0x19 c:/users/ózê∂/mentorgraphics/sourcery_codebench_lite_for_arm_eabi/bin/../lib/gcc/arm-none-eabi/4.8.3/thumb2\libgcc.a(_arm_fixsfsi.o)
 .ARM.attributes
                0x000009f1       0x19 c:/users/ózê∂/mentorgraphics/sourcery_codebench_lite_for_arm_eabi/bin/../lib/gcc/arm-none-eabi/4.8.3/thumb2\libgcc.a(_arm_fixunssfsi.o)
 .ARM.attributes
                0x00000a0a       0x29 c:/users/ózê∂/mentorgraphics/sourcery_codebench_lite_for_arm_eabi/bin/../lib/gcc/arm-none-eabi/4.8.3/../../../../arm-none-eabi/lib/thumb2\libc.a(lib_a-errno.o)
 .ARM.attributes
                0x00000a33       0x29 c:/users/ózê∂/mentorgraphics/sourcery_codebench_lite_for_arm_eabi/bin/../lib/gcc/arm-none-eabi/4.8.3/../../../../arm-none-eabi/lib/thumb2\libc.a(lib_a-impure.o)

.debug_frame    0x00000000     0x33d8
 .debug_frame   0x00000000       0x54 ..\obj\config_pwm.o
 .debug_frame   0x00000054      0x434 ..\obj\usb_core.o
 .debug_frame   0x00000488       0xd0 ..\obj\transmit.o
 .debug_frame   0x00000558       0x50 ..\obj\config_port.o
 .debug_frame   0x000005a8      0x168 ..\obj\config_encoder.o
 .debug_frame   0x00000710      0x190 ..\obj\config_usb.o
 .debug_frame   0x000008a0      0x344 ..\obj\stm32f4xx_usart.o
 .debug_frame   0x00000be4      0x2d4 ..\obj\stm32f4xx_can.o
 .debug_frame   0x00000eb8      0x190 ..\obj\my_standard_io.o
 .debug_frame   0x00001048       0x48 ..\obj\startup_stm32f4xx.o
 .debug_frame   0x00001090      0x1ac ..\obj\usbd_core.o
 .debug_frame   0x0000123c       0x8c ..\obj\main.o
 .debug_frame   0x000012c8      0x4d8 ..\obj\stm32f4xx_rcc.o
 .debug_frame   0x000017a0       0xf8 ..\obj\config_systick.o
 .debug_frame   0x00001898      0x19c ..\obj\stm32f4xx_gpio.o
 .debug_frame   0x00001a34       0x64 ..\obj\system_stm32f4xx.o
 .debug_frame   0x00001a98       0xc4 ..\obj\usb_bsp.o
 .debug_frame   0x00001b5c      0x1c8 ..\obj\usbd_req.o
 .debug_frame   0x00001d24      0x1ac ..\obj\usb_dcd_int.o
 .debug_frame   0x00001ed0      0x148 ..\obj\receive.o
 .debug_frame   0x00002018       0xec ..\obj\stm32f4xx_exti.o
 .debug_frame   0x00002104      0x13c ..\obj\name_converter.o
 .debug_frame   0x00002240       0x9c ..\obj\misc.o
 .debug_frame   0x000022dc      0x1ac ..\obj\usb_dcd.o
 .debug_frame   0x00002488       0xec ..\obj\usbd_ioreq.o
 .debug_frame   0x00002574       0x7c ..\obj\config_usart.o
 .debug_frame   0x000025f0      0xa3c ..\obj\stm32f4xx_tim.o
 .debug_frame   0x0000302c       0x2c c:/users/ózê∂/mentorgraphics/sourcery_codebench_lite_for_arm_eabi/bin/../lib/gcc/arm-none-eabi/4.8.3/../../../../arm-none-eabi/lib/thumb2\libm.a(lib_a-sf_modf.o)
 .debug_frame   0x00003058       0x28 c:/users/ózê∂/mentorgraphics/sourcery_codebench_lite_for_arm_eabi/bin/../lib/gcc/arm-none-eabi/4.8.3/../../../../arm-none-eabi/lib/thumb2\libm.a(lib_a-sf_round.o)
 .debug_frame   0x00003080       0x38 c:/users/ózê∂/mentorgraphics/sourcery_codebench_lite_for_arm_eabi/bin/../lib/gcc/arm-none-eabi/4.8.3/../../../../arm-none-eabi/lib/thumb2\libm.a(lib_a-w_pow.o)
 .debug_frame   0x000030b8       0x34 c:/users/ózê∂/mentorgraphics/sourcery_codebench_lite_for_arm_eabi/bin/../lib/gcc/arm-none-eabi/4.8.3/../../../../arm-none-eabi/lib/thumb2\libm.a(lib_a-wf_pow.o)
 .debug_frame   0x000030ec       0x38 c:/users/ózê∂/mentorgraphics/sourcery_codebench_lite_for_arm_eabi/bin/../lib/gcc/arm-none-eabi/4.8.3/../../../../arm-none-eabi/lib/thumb2\libm.a(lib_a-e_pow.o)
 .debug_frame   0x00003124       0x34 c:/users/ózê∂/mentorgraphics/sourcery_codebench_lite_for_arm_eabi/bin/../lib/gcc/arm-none-eabi/4.8.3/../../../../arm-none-eabi/lib/thumb2\libm.a(lib_a-e_sqrt.o)
 .debug_frame   0x00003158       0x38 c:/users/ózê∂/mentorgraphics/sourcery_codebench_lite_for_arm_eabi/bin/../lib/gcc/arm-none-eabi/4.8.3/../../../../arm-none-eabi/lib/thumb2\libm.a(lib_a-ef_pow.o)
 .debug_frame   0x00003190       0x30 c:/users/ózê∂/mentorgraphics/sourcery_codebench_lite_for_arm_eabi/bin/../lib/gcc/arm-none-eabi/4.8.3/../../../../arm-none-eabi/lib/thumb2\libm.a(lib_a-ef_sqrt.o)
 .debug_frame   0x000031c0       0x20 c:/users/ózê∂/mentorgraphics/sourcery_codebench_lite_for_arm_eabi/bin/../lib/gcc/arm-none-eabi/4.8.3/../../../../arm-none-eabi/lib/thumb2\libm.a(lib_a-s_fabs.o)
 .debug_frame   0x000031e0       0x20 c:/users/ózê∂/mentorgraphics/sourcery_codebench_lite_for_arm_eabi/bin/../lib/gcc/arm-none-eabi/4.8.3/../../../../arm-none-eabi/lib/thumb2\libm.a(lib_a-s_finite.o)
 .debug_frame   0x00003200       0x20 c:/users/ózê∂/mentorgraphics/sourcery_codebench_lite_for_arm_eabi/bin/../lib/gcc/arm-none-eabi/4.8.3/../../../../arm-none-eabi/lib/thumb2\libm.a(lib_a-s_fpclassify.o)
 .debug_frame   0x00003220       0x20 c:/users/ózê∂/mentorgraphics/sourcery_codebench_lite_for_arm_eabi/bin/../lib/gcc/arm-none-eabi/4.8.3/../../../../arm-none-eabi/lib/thumb2\libm.a(lib_a-s_matherr.o)
 .debug_frame   0x00003240       0x20 c:/users/ózê∂/mentorgraphics/sourcery_codebench_lite_for_arm_eabi/bin/../lib/gcc/arm-none-eabi/4.8.3/../../../../arm-none-eabi/lib/thumb2\libm.a(lib_a-s_nan.o)
 .debug_frame   0x00003260       0x34 c:/users/ózê∂/mentorgraphics/sourcery_codebench_lite_for_arm_eabi/bin/../lib/gcc/arm-none-eabi/4.8.3/../../../../arm-none-eabi/lib/thumb2\libm.a(lib_a-s_rint.o)
 .debug_frame   0x00003294       0x30 c:/users/ózê∂/mentorgraphics/sourcery_codebench_lite_for_arm_eabi/bin/../lib/gcc/arm-none-eabi/4.8.3/../../../../arm-none-eabi/lib/thumb2\libm.a(lib_a-s_scalbn.o)
 .debug_frame   0x000032c4       0x20 c:/users/ózê∂/mentorgraphics/sourcery_codebench_lite_for_arm_eabi/bin/../lib/gcc/arm-none-eabi/4.8.3/../../../../arm-none-eabi/lib/thumb2\libm.a(lib_a-sf_fabs.o)
 .debug_frame   0x000032e4       0x20 c:/users/ózê∂/mentorgraphics/sourcery_codebench_lite_for_arm_eabi/bin/../lib/gcc/arm-none-eabi/4.8.3/../../../../arm-none-eabi/lib/thumb2\libm.a(lib_a-sf_finite.o)
 .debug_frame   0x00003304       0x20 c:/users/ózê∂/mentorgraphics/sourcery_codebench_lite_for_arm_eabi/bin/../lib/gcc/arm-none-eabi/4.8.3/../../../../arm-none-eabi/lib/thumb2\libm.a(lib_a-sf_fpclassify.o)
 .debug_frame   0x00003324       0x20 c:/users/ózê∂/mentorgraphics/sourcery_codebench_lite_for_arm_eabi/bin/../lib/gcc/arm-none-eabi/4.8.3/../../../../arm-none-eabi/lib/thumb2\libm.a(lib_a-sf_nan.o)
 .debug_frame   0x00003344       0x2c c:/users/ózê∂/mentorgraphics/sourcery_codebench_lite_for_arm_eabi/bin/../lib/gcc/arm-none-eabi/4.8.3/../../../../arm-none-eabi/lib/thumb2\libm.a(lib_a-sf_scalbn.o)
 .debug_frame   0x00003370       0x28 c:/users/ózê∂/mentorgraphics/sourcery_codebench_lite_for_arm_eabi/bin/../lib/gcc/arm-none-eabi/4.8.3/../../../../arm-none-eabi/lib/thumb2\libm.a(lib_a-s_copysign.o)
 .debug_frame   0x00003398       0x20 c:/users/ózê∂/mentorgraphics/sourcery_codebench_lite_for_arm_eabi/bin/../lib/gcc/arm-none-eabi/4.8.3/../../../../arm-none-eabi/lib/thumb2\libm.a(lib_a-sf_copysign.o)
 .debug_frame   0x000033b8       0x20 c:/users/ózê∂/mentorgraphics/sourcery_codebench_lite_for_arm_eabi/bin/../lib/gcc/arm-none-eabi/4.8.3/../../../../arm-none-eabi/lib/thumb2\libc.a(lib_a-errno.o)
