Archive member included to satisfy reference by file (symbol)

c:/users/ózê∂/mentorgraphics/sourcery_codebench_lite_for_arm_eabi/bin/../lib/gcc/arm-none-eabi/4.8.3/../../../../arm-none-eabi/lib/thumb2\libm.a(lib_a-sf_modf.o)
                              ..\obj\my_standard_io.o (modff)
c:/users/ózê∂/mentorgraphics/sourcery_codebench_lite_for_arm_eabi/bin/../lib/gcc/arm-none-eabi/4.8.3/../../../../arm-none-eabi/lib/thumb2\libm.a(lib_a-sf_round.o)
                              ..\obj\my_standard_io.o (roundf)
c:/users/ózê∂/mentorgraphics/sourcery_codebench_lite_for_arm_eabi/bin/../lib/gcc/arm-none-eabi/4.8.3/../../../../arm-none-eabi/lib/thumb2\libm.a(lib_a-w_pow.o)
                              ..\obj\my_standard_io.o (pow)
c:/users/ózê∂/mentorgraphics/sourcery_codebench_lite_for_arm_eabi/bin/../lib/gcc/arm-none-eabi/4.8.3/../../../../arm-none-eabi/lib/thumb2\libm.a(lib_a-wf_pow.o)
                              ..\obj\my_standard_io.o (powf)
c:/users/ózê∂/mentorgraphics/sourcery_codebench_lite_for_arm_eabi/bin/../lib/gcc/arm-none-eabi/4.8.3/../../../../arm-none-eabi/lib/thumb2\libm.a(lib_a-e_pow.o)
                              c:/users/ózê∂/mentorgraphics/sourcery_codebench_lite_for_arm_eabi/bin/../lib/gcc/arm-none-eabi/4.8.3/../../../../arm-none-eabi/lib/thumb2\libm.a(lib_a-w_pow.o) (__ieee754_pow)
c:/users/ózê∂/mentorgraphics/sourcery_codebench_lite_for_arm_eabi/bin/../lib/gcc/arm-none-eabi/4.8.3/../../../../arm-none-eabi/lib/thumb2\libm.a(lib_a-e_sqrt.o)
                              c:/users/ózê∂/mentorgraphics/sourcery_codebench_lite_for_arm_eabi/bin/../lib/gcc/arm-none-eabi/4.8.3/../../../../arm-none-eabi/lib/thumb2\libm.a(lib_a-e_pow.o) (__ieee754_sqrt)
c:/users/ózê∂/mentorgraphics/sourcery_codebench_lite_for_arm_eabi/bin/../lib/gcc/arm-none-eabi/4.8.3/../../../../arm-none-eabi/lib/thumb2\libm.a(lib_a-ef_pow.o)
                              c:/users/ózê∂/mentorgraphics/sourcery_codebench_lite_for_arm_eabi/bin/../lib/gcc/arm-none-eabi/4.8.3/../../../../arm-none-eabi/lib/thumb2\libm.a(lib_a-wf_pow.o) (__ieee754_powf)
c:/users/ózê∂/mentorgraphics/sourcery_codebench_lite_for_arm_eabi/bin/../lib/gcc/arm-none-eabi/4.8.3/../../../../arm-none-eabi/lib/thumb2\libm.a(lib_a-ef_sqrt.o)
                              c:/users/ózê∂/mentorgraphics/sourcery_codebench_lite_for_arm_eabi/bin/../lib/gcc/arm-none-eabi/4.8.3/../../../../arm-none-eabi/lib/thumb2\libm.a(lib_a-ef_pow.o) (__ieee754_sqrtf)
c:/users/ózê∂/mentorgraphics/sourcery_codebench_lite_for_arm_eabi/bin/../lib/gcc/arm-none-eabi/4.8.3/../../../../arm-none-eabi/lib/thumb2\libm.a(lib_a-s_fabs.o)
                              c:/users/ózê∂/mentorgraphics/sourcery_codebench_lite_for_arm_eabi/bin/../lib/gcc/arm-none-eabi/4.8.3/../../../../arm-none-eabi/lib/thumb2\libm.a(lib_a-e_pow.o) (fabs)
c:/users/ózê∂/mentorgraphics/sourcery_codebench_lite_for_arm_eabi/bin/../lib/gcc/arm-none-eabi/4.8.3/../../../../arm-none-eabi/lib/thumb2\libm.a(lib_a-s_finite.o)
                              c:/users/ózê∂/mentorgraphics/sourcery_codebench_lite_for_arm_eabi/bin/../lib/gcc/arm-none-eabi/4.8.3/../../../../arm-none-eabi/lib/thumb2\libm.a(lib_a-w_pow.o) (finite)
c:/users/ózê∂/mentorgraphics/sourcery_codebench_lite_for_arm_eabi/bin/../lib/gcc/arm-none-eabi/4.8.3/../../../../arm-none-eabi/lib/thumb2\libm.a(lib_a-s_fpclassify.o)
                              c:/users/ózê∂/mentorgraphics/sourcery_codebench_lite_for_arm_eabi/bin/../lib/gcc/arm-none-eabi/4.8.3/../../../../arm-none-eabi/lib/thumb2\libm.a(lib_a-w_pow.o) (__fpclassifyd)
c:/users/ózê∂/mentorgraphics/sourcery_codebench_lite_for_arm_eabi/bin/../lib/gcc/arm-none-eabi/4.8.3/../../../../arm-none-eabi/lib/thumb2\libm.a(lib_a-s_lib_ver.o)
                              c:/users/ózê∂/mentorgraphics/sourcery_codebench_lite_for_arm_eabi/bin/../lib/gcc/arm-none-eabi/4.8.3/../../../../arm-none-eabi/lib/thumb2\libm.a(lib_a-w_pow.o) (__fdlib_version)
c:/users/ózê∂/mentorgraphics/sourcery_codebench_lite_for_arm_eabi/bin/../lib/gcc/arm-none-eabi/4.8.3/../../../../arm-none-eabi/lib/thumb2\libm.a(lib_a-s_matherr.o)
                              c:/users/ózê∂/mentorgraphics/sourcery_codebench_lite_for_arm_eabi/bin/../lib/gcc/arm-none-eabi/4.8.3/../../../../arm-none-eabi/lib/thumb2\libm.a(lib_a-w_pow.o) (matherr)
c:/users/ózê∂/mentorgraphics/sourcery_codebench_lite_for_arm_eabi/bin/../lib/gcc/arm-none-eabi/4.8.3/../../../../arm-none-eabi/lib/thumb2\libm.a(lib_a-s_nan.o)
                              c:/users/ózê∂/mentorgraphics/sourcery_codebench_lite_for_arm_eabi/bin/../lib/gcc/arm-none-eabi/4.8.3/../../../../arm-none-eabi/lib/thumb2\libm.a(lib_a-e_pow.o) (nan)
c:/users/ózê∂/mentorgraphics/sourcery_codebench_lite_for_arm_eabi/bin/../lib/gcc/arm-none-eabi/4.8.3/../../../../arm-none-eabi/lib/thumb2\libm.a(lib_a-s_rint.o)
                              c:/users/ózê∂/mentorgraphics/sourcery_codebench_lite_for_arm_eabi/bin/../lib/gcc/arm-none-eabi/4.8.3/../../../../arm-none-eabi/lib/thumb2\libm.a(lib_a-w_pow.o) (rint)
[...]
Memory Configuration

Name             Origin             Length             Attributes
rom              0x08000000         0x00080000         xr
ram              0x20000000         0x00020000         xrw
ram1             0x10000000         0x00010000         xrw
*default*        0x00000000         0xffffffff

Linker script and memory map

                0x20020000                _eram = 0x20020000

.text           0x08000000     0x2dbc
 *(.isr_vector)
 .isr_vector    0x08000000      0x188 ..\obj\startup_stm32f4xx.o
                0x08000000                g_pfnVectors
 *(.text*)
 .text.USB_OTG_WritePacket
                0x08000188       0x70 ..\obj\usb_core.o
                0x08000188                USB_OTG_WritePacket
 .text.USB_OTG_ReadPacket
                0x080001f8       0x5c ..\obj\usb_core.o
                0x080001f8                USB_OTG_ReadPacket
 .text.USB_OTG_FlushTxFifo
                0x08000254       0x74 ..\obj\usb_core.o
                0x08000254                USB_OTG_FlushTxFifo
 .text.USB_OTG_GetMode
                0x080002c8       0x20 ..\obj\usb_core.o
                0x080002c8                USB_OTG_GetMode
 .text.USB_OTG_IsDeviceMode
                0x080002e8       0x24 ..\obj\usb_core.o
                0x080002e8                USB_OTG_IsDeviceMode
 .text.USB_OTG_ReadCoreItr
                0x0800030c       0x30 ..\obj\usb_core.o
                0x0800030c                USB_OTG_ReadCoreItr
 .text.USB_OTG_GetDeviceSpeed
                0x0800033c       0x48 ..\obj\usb_core.o
                0x0800033c                USB_OTG_GetDeviceSpeed
 .text.USB_OTG_EP0Activate
                0x08000384       0x78 ..\obj\usb_core.o
                0x08000384                USB_OTG_EP0Activate
 .text.USB_OTG_EPActivate
                0x080003fc       0xdc ..\obj\usb_core.o
                0x080003fc                USB_OTG_EPActivate
 .text.USB_OTG_EPStartXfer
                0x080004d8      0x280 ..\obj\usb_core.o
                0x080004d8                USB_OTG_EPStartXfer
 .text.USB_OTG_EP0StartXfer
                0x08000758      0x1d4 ..\obj\usb_core.o
                0x08000758                USB_OTG_EP0StartXfer
 .text.USB_OTG_EPSetStall
                0x0800092c       0x88 ..\obj\usb_core.o
                0x0800092c                USB_OTG_EPSetStall
 .text.USB_OTG_EPClearStall
                0x080009b4       0x78 ..\obj\usb_core.o
                0x080009b4                USB_OTG_EPClearStall
 .text.USB_OTG_ReadDevAllOutEp_itr
                0x08000a2c       0x2c ..\obj\usb_core.o
                0x08000a2c                USB_OTG_ReadDevAllOutEp_itr
 .text.USB_OTG_ReadDevOutEP_itr
                0x08000a58       0x38 ..\obj\usb_core.o
                0x08000a58                USB_OTG_ReadDevOutEP_itr
 .text.USB_OTG_ReadDevAllInEPItr
                0x08000a90       0x2c ..\obj\usb_core.o
                0x08000a90                USB_OTG_ReadDevAllInEPItr
 .text.USB_OTG_EP0_OutStart
                0x08000abc       0x70 ..\obj\usb_core.o
                0x08000abc                USB_OTG_EP0_OutStart
 .text.USB_OTG_UngateClock
                0x08000b2c       0x54 ..\obj\usb_core.o
                0x08000b2c                USB_OTG_UngateClock
 .text.ColorfulRingOfDeath
                0x08000b80       0x54 ..\obj\config_usb.o
                0x08000b80                ColorfulRingOfDeath
 .text.NMI_Handler
                0x08000bd4        0xc ..\obj\config_usb.o
                0x08000bd4                NMI_Handler
 .text.HardFault_Handler
                0x08000be0        0xc ..\obj\config_usb.o
                0x08000be0                HardFault_Handler
 .text.MemManage_Handler
                0x08000bec        0xc ..\obj\config_usb.o
                0x08000bec                MemManage_Handler
 .text.BusFault_Handler
                0x08000bf8        0xc ..\obj\config_usb.o
                0x08000bf8                BusFault_Handler
 .text.UsageFault_Handler
                0x08000c04        0xc ..\obj\config_usb.o
                0x08000c04                UsageFault_Handler
 .text.SVC_Handler
                0x08000c10        0xc ..\obj\config_usb.o
                0x08000c10                SVC_Handler
 .text.DebugMon_Handler
                0x08000c1c        0xc ..\obj\config_usb.o
                0x08000c1c                DebugMon_Handler
 .text.PendSV_Handler
                0x08000c28        0xc ..\obj\config_usb.o
                0x08000c28                PendSV_Handler
 .text.OTG_FS_IRQHandler
                0x08000c34       0x14 ..\obj\config_usb.o
                0x08000c34                OTG_FS_IRQHandler
 .text.OTG_FS_WKUP_IRQHandler
                0x08000c48       0x44 ..\obj\config_usb.o
                0x08000c48                OTG_FS_WKUP_IRQHandler
 .text.TIM1_UP_TIM10_IRQHandler
                0x08000c8c       0x64 ..\obj\config_encoder.o
                0x08000c8c                TIM1_UP_TIM10_IRQHandler
 .text.TIM3_IRQHandler
                0x08000cf0       0x6c ..\obj\config_encoder.o
                0x08000cf0                TIM3_IRQHandler
 .text.TIM4_IRQHandler
                0x08000d5c       0x6c ..\obj\config_encoder.o
                0x08000d5c                TIM4_IRQHandler
 .text.TIM5_IRQHandler
                0x08000dc8       0x6c ..\obj\config_encoder.o
                0x08000dc8                TIM5_IRQHandler
 .text.TIM8_UP_TIM13_IRQHandler
                0x08000e34       0x6c ..\obj\config_encoder.o
                0x08000e34                TIM8_UP_TIM13_IRQHandler
 .text.Default_Reset_Handler
                0x08000ea0       0x60 ..\obj\startup_stm32f4xx.o
                0x08000ea0                Default_Reset_Handler
                0x08000ea0                Reset_Handler
 .text.Default_Handler
                0x08000f00        0x8 ..\obj\startup_stm32f4xx.o
                0x08000f00                RTC_Alarm_IRQHandler
                0x08000f00                HASH_RNG_IRQHandler
                0x08000f00                EXTI2_IRQHandler
                0x08000f00                TIM8_CC_IRQHandler
                0x08000f00                TIM1_CC_IRQHandler
                0x08000f00                DMA2_Stream5_IRQHandler
                0x08000f00                DMA1_Stream5_IRQHandler
                0x08000f00                PVD_IRQHandler
                0x08000f00                SDIO_IRQHandler
                0x08000f00                TAMP_STAMP_IRQHandler
                0x08000f00                CAN2_RX1_IRQHandler
                0x08000f00                EXTI3_IRQHandler
                0x08000f00                TIM8_TRG_COM_TIM14_IRQHandler
                0x08000f00                I2C3_ER_IRQHandler
                0x08000f00                EXTI0_IRQHandler
                0x08000f00                I2C2_EV_IRQHandler
                0x08000f00                DMA1_Stream2_IRQHandler
                0x08000f00                CAN1_RX0_IRQHandler
                0x08000f00                FPU_IRQHandler
                0x08000f00                OTG_HS_WKUP_IRQHandler
                0x08000f00                CAN2_SCE_IRQHandler
                0x08000f00                DMA2_Stream2_IRQHandler
                0x08000f00                SPI1_IRQHandler
                0x08000f00                TIM6_DAC_IRQHandler
                0x08000f00                TIM1_BRK_TIM9_IRQHandler
                0x08000f00                DCMI_IRQHandler
                0x08000f00                CAN2_RX0_IRQHandler
                0x08000f00                DMA2_Stream3_IRQHandler
                0x08000f00                USART6_IRQHandler
                0x08000f00                CRYP_IRQHandler
                0x08000f00                CAN1_RX1_IRQHandler
                0x08000f00                UART5_IRQHandler
                0x08000f00                DMA2_Stream0_IRQHandler
                0x08000f00                I2C1_EV_IRQHandler
                0x08000f00                DMA1_Stream6_IRQHandler
                0x08000f00                DMA1_Stream1_IRQHandler
                0x08000f00                UART4_IRQHandler
                0x08000f00                RCC_IRQHandler
                0x08000f00                TIM8_BRK_TIM12_IRQHandler
                0x08000f00                EXTI15_10_IRQHandler
                0x08000f00                ADC_IRQHandler
                0x08000f00                DMA1_Stream7_IRQHandler
                0x08000f00                TIM7_IRQHandler
                0x08000f00                CAN2_TX_IRQHandler
                0x08000f00                DMA2_Stream7_IRQHandler
                0x08000f00                I2C3_EV_IRQHandler
                0x08000f00                EXTI9_5_IRQHandler
                0x08000f00                RTC_WKUP_IRQHandler
                0x08000f00                ETH_WKUP_IRQHandler
                0x08000f00                SPI2_IRQHandler
                0x08000f00                OTG_HS_EP1_IN_IRQHandler
                0x08000f00                DMA1_Stream0_IRQHandler
                0x08000f00                CAN1_TX_IRQHandler
                0x08000f00                EXTI4_IRQHandler
                0x08000f00                FSMC_IRQHandler
                0x08000f00                ETH_IRQHandler
                0x08000f00                OTG_HS_EP1_OUT_IRQHandler
                0x08000f00                WWDG_IRQHandler
                0x08000f00                TIM1_TRG_COM_TIM11_IRQHandler
                0x08000f00                OTG_HS_IRQHandler
                0x08000f00                EXTI1_IRQHandler
                0x08000f00                I2C2_ER_IRQHandler
                0x08000f00                DMA2_Stream1_IRQHandler
                0x08000f00                CAN1_SCE_IRQHandler
                0x08000f00                FLASH_IRQHandler
                0x08000f00                DMA2_Stream4_IRQHandler
                0x08000f00                SPI3_IRQHandler
                0x08000f00                DMA1_Stream4_IRQHandler
                0x08000f00                I2C1_ER_IRQHandler
                0x08000f00                DMA2_Stream6_IRQHandler
                0x08000f00                DMA1_Stream3_IRQHandler
 .text.USBD_SetupStage
                0x08000f08       0x6c ..\obj\usbd_core.o
 .text.USBD_DataOutStage
                0x08000f74       0xd0 ..\obj\usbd_core.o
 .text.USBD_DataInStage
                0x08001044      0x104 ..\obj\usbd_core.o
 .text.USBD_Reset
                0x08001148       0x44 ..\obj\usbd_core.o
 .text.USBD_Resume
                0x0800118c       0x24 ..\obj\usbd_core.o
 .text.USBD_Suspend
                0x080011b0       0x24 ..\obj\usbd_core.o
 .text.USBD_SOF
                0x080011d4       0x2c ..\obj\usbd_core.o
 .text.USBD_SetCfg
                0x08001200       0x30 ..\obj\usbd_core.o
                0x08001200                USBD_SetCfg
 .text.USBD_ClrCfg
                0x08001230       0x28 ..\obj\usbd_core.o
                0x08001230                USBD_ClrCfg
 .text.USBD_IsoINIncomplete
                0x08001258       0x20 ..\obj\usbd_core.o
 .text.USBD_IsoOUTIncomplete
                0x08001278       0x20 ..\obj\usbd_core.o
 .text.main     0x08001298       0x1c ..\obj\main.o
                0x08001298                main
 .text.SysTick_Handler
                0x080012b4       0x50 ..\obj\config_systick.o
                0x080012b4                SysTick_Handler
 .text.TIM2_IRQHandler
                0x08001304       0x28 ..\obj\config_systick.o
                0x08001304                TIM2_IRQHandler
 .text.count_time
                0x0800132c       0x60 ..\obj\config_systick.o
                0x0800132c                count_time
 .text.reset_count_time
                0x0800138c       0x60 ..\obj\config_systick.o
                0x0800138c                reset_count_time
 .text.SystemInit
                0x080013ec       0x90 ..\obj\system_stm32f4xx.o
                0x080013ec                SystemInit
 .text.SetSysClock
                0x0800147c      0x17c ..\obj\system_stm32f4xx.o
 .text.USB_OTG_BSP_uDelay
                0x080015f8       0x4c ..\obj\usb_bsp.o
                0x080015f8                USB_OTG_BSP_uDelay
 .text.USBD_StdDevReq
                0x08001644       0xa0 ..\obj\usbd_req.o
                0x08001644                USBD_StdDevReq
 .text.USBD_StdItfReq
                0x080016e4       0x68 ..\obj\usbd_req.o
                0x080016e4                USBD_StdItfReq
 .text.USBD_StdEPReq
                0x0800174c      0x1c8 ..\obj\usbd_req.o
                0x0800174c                USBD_StdEPReq
 .text.USBD_GetDescriptor
                0x08001914      0x1b8 ..\obj\usbd_req.o
 .text.USBD_SetAddress
                0x08001acc       0x7c ..\obj\usbd_req.o
 .text.USBD_SetConfig
                0x08001b48      0x130 ..\obj\usbd_req.o
 .text.USBD_GetConfig
                0x08001c78       0x60 ..\obj\usbd_req.o
 .text.USBD_GetStatus
                0x08001cd8       0x5c ..\obj\usbd_req.o
 .text.USBD_SetFeature
                0x08001d34       0xcc ..\obj\usbd_req.o
 .text.USBD_ClrFeature
                0x08001e00       0x50 ..\obj\usbd_req.o
 .text.USBD_ParseSetupRequest
                0x08001e50       0x8c ..\obj\usbd_req.o
                0x08001e50                USBD_ParseSetupRequest
 .text.USBD_CtlError
                0x08001edc       0x48 ..\obj\usbd_req.o
                0x08001edc                USBD_CtlError
 .text.USBD_OTG_ISR_Handler
                0x08001f24      0x15c ..\obj\usb_dcd_int.o
                0x08001f24                USBD_OTG_ISR_Handler
 .text.DCD_HandleResume_ISR
                0x08002080       0x80 ..\obj\usb_dcd_int.o
 .text.DCD_HandleUSBSuspend_ISR
                0x08002100       0xa8 ..\obj\usb_dcd_int.o
 .text.DCD_HandleInEP_ISR
                0x080021a8      0x1ec ..\obj\usb_dcd_int.o
 .text.DCD_HandleOutEP_ISR
                0x08002394      0x180 ..\obj\usb_dcd_int.o
 .text.DCD_HandleSof_ISR
                0x08002514       0x38 ..\obj\usb_dcd_int.o
 .text.DCD_HandleRxStatusQueueLevel_ISR
                0x0800254c      0x104 ..\obj\usb_dcd_int.o
 .text.DCD_WriteEmptyTxFifo
                0x08002650       0xe4 ..\obj\usb_dcd_int.o
 .text.DCD_HandleUsbReset_ISR
                0x08002734      0x144 ..\obj\usb_dcd_int.o
 .text.DCD_HandleEnumDone_ISR
                0x08002878       0x78 ..\obj\usb_dcd_int.o
 .text.DCD_IsoINIncomplete_ISR
                0x080028f0       0x38 ..\obj\usb_dcd_int.o
 .text.DCD_IsoOUTIncomplete_ISR
                0x08002928       0x38 ..\obj\usb_dcd_int.o
 .text.DCD_ReadDevInEP
                0x08002960       0x50 ..\obj\usb_dcd_int.o
 .text.EXTI_ClearITPendingBit
                0x080029b0       0x20 ..\obj\stm32f4xx_exti.o
                0x080029b0                EXTI_ClearITPendingBit
 .text.DCD_EP_Open
                0x080029d0       0x9c ..\obj\usb_dcd.o
                0x080029d0                DCD_EP_Open
 .text.DCD_EP_PrepareRx
                0x08002a6c       0x80 ..\obj\usb_dcd.o
                0x08002a6c                DCD_EP_PrepareRx
 .text.DCD_EP_Tx
                0x08002aec       0x78 ..\obj\usb_dcd.o
                0x08002aec                DCD_EP_Tx
 .text.DCD_EP_Stall
                0x08002b64       0x74 ..\obj\usb_dcd.o
                0x08002b64                DCD_EP_Stall
 .text.DCD_EP_ClrStall
                0x08002bd8       0x74 ..\obj\usb_dcd.o
                0x08002bd8                DCD_EP_ClrStall
 .text.DCD_EP_SetAddress
                0x08002c4c       0x3c ..\obj\usb_dcd.o
                0x08002c4c                DCD_EP_SetAddress
 .text.USBD_CtlSendData
                0x08002c88       0x40 ..\obj\usbd_ioreq.o
                0x08002c88                USBD_CtlSendData
 .text.USBD_CtlContinueSendData
                0x08002cc8       0x28 ..\obj\usbd_ioreq.o
                0x08002cc8                USBD_CtlContinueSendData
 .text.USBD_CtlContinueRx
                0x08002cf0       0x28 ..\obj\usbd_ioreq.o
                0x08002cf0                USBD_CtlContinueRx
 .text.USBD_CtlSendStatus
                0x08002d18       0x30 ..\obj\usbd_ioreq.o
                0x08002d18                USBD_CtlSendStatus
 .text.USBD_CtlReceiveStatus
                0x08002d48       0x30 ..\obj\usbd_ioreq.o
                0x08002d48                USBD_CtlReceiveStatus
 .text.USART1_IRQHandler
                0x08002d78        0xc ..\obj\config_usart.o
                0x08002d78                USART1_IRQHandler
 .text.USART2_IRQHandler
                0x08002d84        0xc ..\obj\config_usart.o
                0x08002d84                USART2_IRQHandler
 .text.USART3_IRQHandler
                0x08002d90        0xc ..\obj\config_usart.o
                0x08002d90                USART3_IRQHandler
 .text.TIM_ClearITPendingBit
                0x08002d9c       0x20 ..\obj\stm32f4xx_tim.o
                0x08002d9c                TIM_ClearITPendingBit
 *(.init)
 *(.fini)
 *crtbegin.o(.ctors)
 *crtbegin?.o(.ctors)
 *(EXCLUDE_FILE(*crtend.o *crtend?.o) .ctors)
 *(SORT(.ctors.*))
 *(.ctors)
 *crtbegin.o(.dtors)
 *crtbegin?.o(.dtors)
 *(EXCLUDE_FILE(*crtend.o *crtend?.o) .dtors)
 *(SORT(.dtors.*))
 *(.dtors)
 *(.rodata*)
 *(.eh_fram e*)

.glue_7         0x08002dbc        0x0
 .glue_7        0x00000000        0x0 linker stubs

.glue_7t        0x08002dbc        0x0
 .glue_7t       0x00000000        0x0 linker stubs

.vfp11_veneer   0x08002dbc        0x0
 .vfp11_veneer  0x00000000        0x0 linker stubs

.v4_bx          0x08002dbc        0x0
 .v4_bx         0x00000000        0x0 linker stubs

.iplt           0x08002dbc        0x0
 .iplt          0x00000000        0x0 ..\obj\config_pwm.o

.rel.dyn        0x08002dbc        0x0
 .rel.iplt      0x00000000        0x0 ..\obj\config_pwm.o

.ARM.extab
 *(.ARM.extab* .gnu.linkonce.armextab.*)
                0x08002dbc                __exidx_start = .

.ARM.exidx
 *(.ARM.exidx* .gnu.linkonce.armexidx.*)
                0x08002dbc                __exidx_end = .
                0x08002dbc                __etext = .
                0x08002dbc                _sidata = __etext

.data           0x20000000       0x30 load address 0x08002dbc
                0x20000000                __data_start__ = .
                0x20000000                _sdata = __data_start__
 *(vtable)
 *(.data*)
 .data          0x20000000       0x30 ..\obj\usbd_core.o
                0x20000000                USBD_DCD_INT_cb
                0x2000002c                USBD_DCD_INT_fops
                0x20000030                . = ALIGN (0x4)
                0x20000030                PROVIDE (__preinit_array_start, .)
 *(.preinit_array)
                0x20000030                PROVIDE (__preinit_array_end, .)
                0x20000030                . = ALIGN (0x4)
                0x20000030                PROVIDE (__init_array_start, .)
 *(SORT(.init_array.*))
 *(.init_array)
                0x20000030                PROVIDE (__init_array_end, .)
                0x20000030                . = ALIGN (0x4)
                0x20000030                PROVIDE (__fini_array_start, .)
 *(SORT(.fini_array.*))
 *(.fini_array)
                0x20000030                PROVIDE (__fini_array_end, .)
 *(.jcr*)
                0x20000030                . = ALIGN (0x4)
                0x20000030                __data_end__ = .
                0x20000030                _edata = __data_end__

.igot.plt       0x20000030        0x0 load address 0x08002dec
 .igot.plt      0x00000000        0x0 ..\obj\config_pwm.o

.bss            0x20000030      0x640 load address 0x08002dec
                0x20000030                . = ALIGN (0x4)
                0x20000030                __bss_start__ = .
                0x20000030                _sbss = __bss_start__
 *(.bss*)
 .bss           0x20000030       0x30 ..\obj\config_encoder.o
                0x20000030                g_over_tim1
                0x20000034                g_under_tim1
                0x20000038                g_over_tim2
                0x2000003c                g_under_tim2
                0x20000040                g_over_tim3
                0x20000044                g_under_tim3
                0x20000048                g_over_tim4
                0x2000004c                g_under_tim4
                0x20000050                g_over_tim5
                0x20000054                g_under_tim5
                0x20000058                g_over_tim8
                0x2000005c                g_under_tim8
 .bss           0x20000060       0x10 ..\obj\config_systick.o
                0x20000060                g_time
                0x20000064                g_serial_time
                0x20000068                g_debug_time
                0x2000006c                g_micro_time
 .bss           0x20000070       0x10 ..\obj\usbd_req.o
                0x20000070                USBD_ep_status
                0x20000074                USBD_default_cfg
                0x20000078                USBD_cfg_status
 *(COMMON)
 COMMON         0x20000080      0x5f0 ..\obj\transmit.o
                0x20000080                USB_OTG_dev
                0x20000670                . = ALIGN (0x4)
                0x20000670                __bss_end__ = .
                0x20000670                _ebss = __bss_end__

.heap           0x20000670        0x0
                0x20000670                __end__ = .
                0x20000670                _end = __end__
                0x20000670                end = __end__
 *(.heap*)
                0x20000670                __HeapLimit = .

.co_stack       0x20000670      0x800 load address 0x0800342c
                0x20000670                . = ALIGN (0x8)
 *(.co_stack .co_stack.*)
 .co_stack      0x20000670      0x800 ..\obj\startup_stm32f4xx.o
                0x20000670                pulStack
                0x20020000                __StackTop = (ORIGIN (ram) + 0x20000)
                0x2001f800                __StackLimit = (__StackTop - SIZEOF (.co_stack))
                0x20020000                PROVIDE (__stack, __StackTop)
                0x00000001                ASSERT ((__StackLimit >= __HeapLimit), region ram  overflowed with stack)
LOAD ..\obj\config_pwm.o
LOAD ..\obj\stm32f4xx_syscfg.o
LOAD ..\obj\usb_core.o
LOAD ..\obj\transmit.o
LOAD ..\obj\config_port.o
LOAD ..\obj\stm32f4xx_sdio.o
LOAD ..\obj\usbd_usr.o
LOAD ..\obj\config_usb.o
LOAD ..\obj\config_encoder.o
LOAD ..\obj\stm32f4xx_usart.o
LOAD ..\obj\stm32f4xx_pwr.o
LOAD ..\obj\stm32f4xx_can.o
LOAD ..\obj\my_standard_io.o
LOAD ..\obj\startup_stm32f4xx.o
LOAD ..\obj\stm32f4xx_crc.o
LOAD ..\obj\usbd_core.o
LOAD ..\obj\main.o
LOAD ..\obj\stm32f4xx_rcc.o
LOAD ..\obj\stm32f4xx_adc.o
LOAD ..\obj\config_adc.o
LOAD ..\obj\usbd_desc.o
LOAD ..\obj\stm32f4xx_fsmc.o
LOAD ..\obj\config_systick.o
LOAD ..\obj\stm32f4xx_gpio.o
LOAD ..\obj\stm32f4xx_flash.o
LOAD ..\obj\usbd_cdc_vcp.o
LOAD ..\obj\system_stm32f4xx.o
LOAD ..\obj\syscalls.o
LOAD ..\obj\stm32f4xx_dma.o
LOAD ..\obj\usb_bsp.o
LOAD ..\obj\usbd_req.o
LOAD ..\obj\usb_dcd_int.o
LOAD ..\obj\usbd_cdc_core.o
LOAD ..\obj\receive.o
LOAD ..\obj\stm32f4xx_spi.o
LOAD ..\obj\stm32f4xx_i2c.o
LOAD ..\obj\stm32f4xx_exti.o
LOAD ..\obj\name_converter.o
LOAD ..\obj\misc.o
LOAD ..\obj\usb_dcd.o
LOAD ..\obj\usbd_ioreq.o
LOAD ..\obj\config_usart.o
LOAD ..\obj\stm32f4xx_tim.o
LOAD c:/users/ózê∂/mentorgraphics/sourcery_codebench_lite_for_arm_eabi/bin/../lib/gcc/arm-none-eabi/4.8.3/../../../../arm-none-eabi/lib/thumb2\libm.a
LOAD c:/users/ózê∂/mentorgraphics/sourcery_codebench_lite_for_arm_eabi/bin/../lib/gcc/arm-none-eabi/4.8.3/thumb2\libgcc.a
LOAD c:/users/ózê∂/mentorgraphics/sourcery_codebench_lite_for_arm_eabi/bin/../lib/gcc/arm-none-eabi/4.8.3/../../../../arm-none-eabi/lib/thumb2\libc.a
START GROUP
LOAD c:/users/ózê∂/mentorgraphics/sourcery_codebench_lite_for_arm_eabi/bin/../lib/gcc/arm-none-eabi/4.8.3/thumb2\libgcc.a
LOAD c:/users/ózê∂/mentorgraphics/sourcery_codebench_lite_for_arm_eabi/bin/../lib/gcc/arm-none-eabi/4.8.3/../../../../arm-none-eabi/lib/thumb2\libc.a
END GROUP
OUTPUT(1Prototype.elf elf32-littlearm)

.debug_info     0x00000000     0xee62
 .debug_info    0x00000000     0x24ef ..\obj\usb_core.o
 .debug_info    0x000024ef      0xc5c ..\obj\transmit.o
 .debug_info    0x0000314b      0xca8 ..\obj\config_usb.o
 .debug_info    0x00003df3      0x6a7 ..\obj\config_encoder.o
 .debug_info    0x0000449a       0xed ..\obj\startup_stm32f4xx.o
 .debug_info    0x00004587      0xe69 ..\obj\usbd_core.o
 .debug_info    0x000053f0      0xe95 ..\obj\main.o
 .debug_info    0x00006285      0x9ea ..\obj\config_systick.o
 .debug_info    0x00006c6f      0x566 ..\obj\system_stm32f4xx.o
 .debug_info    0x000071d5      0xfd8 ..\obj\usb_bsp.o
 .debug_info    0x000081ad      0xf6f ..\obj\usbd_req.o
 .debug_info    0x0000911c     0x1d41 ..\obj\usb_dcd_int.o
 .debug_info    0x0000ae5d      0x331 ..\obj\stm32f4xx_exti.o
 .debug_info    0x0000b18e      0xff3 ..\obj\usb_dcd.o
 .debug_info    0x0000c181      0xc8b ..\obj\usbd_ioreq.o
 .debug_info    0x0000ce0c      0x421 ..\obj\config_usart.o
 .debug_info    0x0000d22d     0x1c35 ..\obj\stm32f4xx_tim.o

.debug_abbrev   0x00000000     0x1fa4
 .debug_abbrev  0x00000000      0x2e7 ..\obj\usb_core.o
 .debug_abbrev  0x000002e7      0x1a9 ..\obj\transmit.o
 .debug_abbrev  0x00000490      0x204 ..\obj\config_usb.o
 .debug_abbrev  0x00000694      0x189 ..\obj\config_encoder.o
 .debug_abbrev  0x0000081d       0xb0 ..\obj\startup_stm32f4xx.o
 .debug_abbrev  0x000008cd      0x21d ..\obj\usbd_core.o
 .debug_abbrev  0x00000aea      0x1dc ..\obj\main.o
 .debug_abbrev  0x00000cc6      0x22c ..\obj\config_systick.o
 .debug_abbrev  0x00000ef2      0x136 ..\obj\system_stm32f4xx.o
 .debug_abbrev  0x00001028      0x22b ..\obj\usb_bsp.o
 .debug_abbrev  0x00001253      0x293 ..\obj\usbd_req.o
 .debug_abbrev  0x000014e6      0x25b ..\obj\usb_dcd_int.o
 .debug_abbrev  0x00001741      0x1a5 ..\obj\stm32f4xx_exti.o
 .debug_abbrev  0x000018e6      0x259 ..\obj\usb_dcd.o
 .debug_abbrev  0x00001b3f      0x1af ..\obj\usbd_ioreq.o
 .debug_abbrev  0x00001cee      0x12f ..\obj\config_usart.o
 .debug_abbrev  0x00001e1d      0x187 ..\obj\stm32f4xx_tim.o

.debug_aranges  0x00000000      0x980
 .debug_aranges
                0x00000000      0x138 ..\obj\usb_core.o
 .debug_aranges
                0x00000138       0x40 ..\obj\transmit.o
 .debug_aranges
                0x00000178       0x88 ..\obj\config_usb.o
 .debug_aranges
                0x00000200       0x78 ..\obj\config_encoder.o
 .debug_aranges
                0x00000278       0x28 ..\obj\startup_stm32f4xx.o
 .debug_aranges
                0x000002a0       0x80 ..\obj\usbd_core.o
 .debug_aranges
                0x00000320       0x30 ..\obj\main.o
 .debug_aranges
                0x00000350       0x58 ..\obj\config_systick.o
 .debug_aranges
                0x000003a8       0x30 ..\obj\system_stm32f4xx.o
 .debug_aranges
                0x000003d8       0x48 ..\obj\usb_bsp.o
 .debug_aranges
                0x00000420       0x88 ..\obj\usbd_req.o
 .debug_aranges
                0x000004a8       0x80 ..\obj\usb_dcd_int.o
 .debug_aranges
                0x00000528       0x58 ..\obj\stm32f4xx_exti.o
 .debug_aranges
                0x00000580       0x80 ..\obj\usb_dcd.o
 .debug_aranges
                0x00000600       0x50 ..\obj\usbd_ioreq.o
 .debug_aranges
                0x00000650       0x38 ..\obj\config_usart.o
 .debug_aranges
                0x00000688      0x2f8 ..\obj\stm32f4xx_tim.o

.debug_ranges   0x00000000      0x870
 .debug_ranges  0x00000000      0x128 ..\obj\usb_core.o
 .debug_ranges  0x00000128       0x30 ..\obj\transmit.o
 .debug_ranges  0x00000158       0x78 ..\obj\config_usb.o
 .debug_ranges  0x000001d0       0x68 ..\obj\config_encoder.o
 .debug_ranges  0x00000238       0x18 ..\obj\startup_stm32f4xx.o
 .debug_ranges  0x00000250       0x70 ..\obj\usbd_core.o
 .debug_ranges  0x000002c0       0x20 ..\obj\main.o
 .debug_ranges  0x000002e0       0x48 ..\obj\config_systick.o
 .debug_ranges  0x00000328       0x20 ..\obj\system_stm32f4xx.o
 .debug_ranges  0x00000348       0x38 ..\obj\usb_bsp.o
 .debug_ranges  0x00000380       0x78 ..\obj\usbd_req.o
 .debug_ranges  0x000003f8       0x70 ..\obj\usb_dcd_int.o
 .debug_ranges  0x00000468       0x48 ..\obj\stm32f4xx_exti.o
 .debug_ranges  0x000004b0       0x70 ..\obj\usb_dcd.o
 .debug_ranges  0x00000520       0x40 ..\obj\usbd_ioreq.o
 .debug_ranges  0x00000560       0x28 ..\obj\config_usart.o
 .debug_ranges  0x00000588      0x2e8 ..\obj\stm32f4xx_tim.o

.debug_line     0x00000000     0x3789
 .debug_line    0x00000000      0x684 ..\obj\usb_core.o
 .debug_line    0x00000684      0x285 ..\obj\transmit.o
 .debug_line    0x00000909      0x3ec ..\obj\config_usb.o
 .debug_line    0x00000cf5      0x2f7 ..\obj\config_encoder.o
 .debug_line    0x00000fec       0xa4 ..\obj\startup_stm32f4xx.o
 .debug_line    0x00001090      0x310 ..\obj\usbd_core.o
 .debug_line    0x000013a0      0x25e ..\obj\main.o
 .debug_line    0x000015fe      0x27c ..\obj\config_systick.o
 .debug_line    0x0000187a      0x19c ..\obj\system_stm32f4xx.o
 .debug_line    0x00001a16      0x2a8 ..\obj\usb_bsp.o
 .debug_line    0x00001cbe      0x3c0 ..\obj\usbd_req.o
 .debug_line    0x0000207e      0x367 ..\obj\usb_dcd_int.o
 .debug_line    0x000023e5      0x25e ..\obj\stm32f4xx_exti.o
 .debug_line    0x00002643      0x2ef ..\obj\usb_dcd.o
 .debug_line    0x00002932      0x224 ..\obj\usbd_ioreq.o
 .debug_line    0x00002b56      0x215 ..\obj\config_usart.o
 .debug_line    0x00002d6b      0xa1e ..\obj\stm32f4xx_tim.o

.debug_str      0x00000000     0x3ab9
 .debug_str     0x00000000     0x1383 ..\obj\usb_core.o
                               0x1650 (size before relaxing)
 .debug_str     0x00001383       0xfb ..\obj\transmit.o
                                0x968 (size before relaxing)
 .debug_str     0x0000147e      0x182 ..\obj\config_usb.o
                                0xa2c (size before relaxing)
 .debug_str     0x00001600      0x3a0 ..\obj\config_encoder.o
                                0x53c (size before relaxing)
 .debug_str     0x000019a0       0xb3 ..\obj\startup_stm32f4xx.o
                                0x123 (size before relaxing)
 .debug_str     0x00001a53      0x1a4 ..\obj\usbd_core.o
                                0xa96 (size before relaxing)
 .debug_str     0x00001bf7       0x4e ..\obj\main.o
                                0xa1a (size before relaxing)
 .debug_str     0x00001c45      0x69e ..\obj\config_systick.o
                                0x967 (size before relaxing)
 .debug_str     0x000022e3      0x191 ..\obj\system_stm32f4xx.o
                                0x35c (size before relaxing)
 .debug_str     0x00002474      0x256 ..\obj\usb_bsp.o
                               0x1097 (size before relaxing)
 .debug_str     0x000026ca      0x197 ..\obj\usbd_req.o
                                0xac1 (size before relaxing)
 .debug_str     0x00002861      0x299 ..\obj\usb_dcd_int.o
                               0x124e (size before relaxing)
 .debug_str     0x00002afa      0x1e7 ..\obj\stm32f4xx_exti.o
                                0x320 (size before relaxing)
 .debug_str     0x00002ce1      0x125 ..\obj\usb_dcd.o
                                0xaf0 (size before relaxing)
 .debug_str     0x00002e06       0xe0 ..\obj\usbd_ioreq.o
                                0x980 (size before relaxing)
 .debug_str     0x00002ee6      0x141 ..\obj\config_usart.o
                                0x423 (size before relaxing)
 .debug_str     0x00003027      0xa92 ..\obj\stm32f4xx_tim.o
                                0xd82 (size before relaxing)

.comment        0x00000000       0x46
 .comment       0x00000000       0x46 ..\obj\usb_core.o
                                 0x47 (size before relaxing)
 .comment       0x00000000       0x47 ..\obj\transmit.o
 .comment       0x00000000       0x47 ..\obj\config_usb.o
 .comment       0x00000000       0x47 ..\obj\config_encoder.o
 .comment       0x00000000       0x47 ..\obj\startup_stm32f4xx.o
 .comment       0x00000000       0x47 ..\obj\usbd_core.o
 .comment       0x00000000       0x47 ..\obj\main.o
 .comment       0x00000000       0x47 ..\obj\config_systick.o
 .comment       0x00000000       0x47 ..\obj\system_stm32f4xx.o
 .comment       0x00000000       0x47 ..\obj\usb_bsp.o
 .comment       0x00000000       0x47 ..\obj\usbd_req.o
 .comment       0x00000000       0x47 ..\obj\usb_dcd_int.o
 .comment       0x00000000       0x47 ..\obj\stm32f4xx_exti.o
 .comment       0x00000000       0x47 ..\obj\usb_dcd.o
 .comment       0x00000000       0x47 ..\obj\usbd_ioreq.o
 .comment       0x00000000       0x47 ..\obj\config_usart.o
 .comment       0x00000000       0x47 ..\obj\stm32f4xx_tim.o

.ARM.attributes
                0x00000000       0x33
 .ARM.attributes
                0x00000000       0x33 ..\obj\usb_core.o
 .ARM.attributes
                0x00000033       0x33 ..\obj\transmit.o
 .ARM.attributes
                0x00000066       0x33 ..\obj\config_usb.o
 .ARM.attributes
                0x00000099       0x33 ..\obj\config_encoder.o
 .ARM.attributes
                0x000000cc       0x33 ..\obj\startup_stm32f4xx.o
 .ARM.attributes
                0x000000ff       0x33 ..\obj\usbd_core.o
 .ARM.attributes
                0x00000132       0x33 ..\obj\main.o
 .ARM.attributes
                0x00000165       0x33 ..\obj\config_systick.o
 .ARM.attributes
                0x00000198       0x33 ..\obj\system_stm32f4xx.o
 .ARM.attributes
                0x000001cb       0x33 ..\obj\usb_bsp.o
 .ARM.attributes
                0x000001fe       0x33 ..\obj\usbd_req.o
 .ARM.attributes
                0x00000231       0x33 ..\obj\usb_dcd_int.o
 .ARM.attributes
                0x00000264       0x33 ..\obj\stm32f4xx_exti.o
 .ARM.attributes
                0x00000297       0x33 ..\obj\usb_dcd.o
 .ARM.attributes
                0x000002ca       0x33 ..\obj\usbd_ioreq.o
 .ARM.attributes
                0x000002fd       0x33 ..\obj\config_usart.o
 .ARM.attributes
                0x00000330       0x33 ..\obj\stm32f4xx_tim.o

.debug_frame    0x00000000     0x1e08
 .debug_frame   0x00000000      0x434 ..\obj\usb_core.o
 .debug_frame   0x00000434       0xb0 ..\obj\transmit.o
 .debug_frame   0x000004e4      0x190 ..\obj\config_usb.o
 .debug_frame   0x00000674      0x168 ..\obj\config_encoder.o
 .debug_frame   0x000007dc       0x48 ..\obj\startup_stm32f4xx.o
 .debug_frame   0x00000824      0x1ac ..\obj\usbd_core.o
 .debug_frame   0x000009d0       0x6c ..\obj\main.o
 .debug_frame   0x00000a3c       0xf8 ..\obj\config_systick.o
 .debug_frame   0x00000b34       0x64 ..\obj\system_stm32f4xx.o
 .debug_frame   0x00000b98       0xc4 ..\obj\usb_bsp.o
 .debug_frame   0x00000c5c      0x1c8 ..\obj\usbd_req.o
 .debug_frame   0x00000e24      0x1ac ..\obj\usb_dcd_int.o
 .debug_frame   0x00000fd0       0xec ..\obj\stm32f4xx_exti.o
 .debug_frame   0x000010bc      0x1ac ..\obj\usb_dcd.o
 .debug_frame   0x00001268       0xec ..\obj\usbd_ioreq.o
 .debug_frame   0x00001354       0x78 ..\obj\config_usart.o
 .debug_frame   0x000013cc      0xa3c ..\obj\stm32f4xx_tim.o
